Archive member included to satisfy reference by file (symbol)

/opt/st/stm32cubeide_1.19.0/plugins/com.st.stm32cube.ide.mcu.externaltools.gnu-tools-for-stm32.13.3.rel1.linux64_1.0.0.202410170706/tools/bin/../lib/gcc/arm-none-eabi/13.3.1/../../../../arm-none-eabi/lib/thumb/v7e-m+fp/hard/libc_nano.a(libc_a-exit.o)
                              /opt/st/stm32cubeide_1.19.0/plugins/com.st.stm32cube.ide.mcu.externaltools.gnu-tools-for-stm32.13.3.rel1.linux64_1.0.0.202410170706/tools/bin/../lib/gcc/arm-none-eabi/13.3.1/../../../../arm-none-eabi/lib/thumb/v7e-m+fp/hard/crt0.o (exit)
/opt/st/stm32cubeide_1.19.0/plugins/com.st.stm32cube.ide.mcu.externaltools.gnu-tools-for-stm32.13.3.rel1.linux64_1.0.0.202410170706/tools/bin/../lib/gcc/arm-none-eabi/13.3.1/../../../../arm-none-eabi/lib/thumb/v7e-m+fp/hard/libc_nano.a(libc_a-rand.o)
                              ./Core/Src/show.o (rand)
/opt/st/stm32cubeide_1.19.0/plugins/com.st.stm32cube.ide.mcu.externaltools.gnu-tools-for-stm32.13.3.rel1.linux64_1.0.0.202410170706/tools/bin/../lib/gcc/arm-none-eabi/13.3.1/../../../../arm-none-eabi/lib/thumb/v7e-m+fp/hard/libc_nano.a(libc_a-findfp.o)
                              /opt/st/stm32cubeide_1.19.0/plugins/com.st.stm32cube.ide.mcu.externaltools.gnu-tools-for-stm32.13.3.rel1.linux64_1.0.0.202410170706/tools/bin/../lib/gcc/arm-none-eabi/13.3.1/../../../../arm-none-eabi/lib/thumb/v7e-m+fp/hard/libc_nano.a(libc_a-exit.o) (__stdio_exit_handler)
/opt/st/stm32cubeide_1.19.0/plugins/com.st.stm32cube.ide.mcu.externaltools.gnu-tools-for-stm32.13.3.rel1.linux64_1.0.0.202410170706/tools/bin/../lib/gcc/arm-none-eabi/13.3.1/../../../../arm-none-eabi/lib/thumb/v7e-m+fp/hard/libc_nano.a(libc_a-fwalk.o)
                              /opt/st/stm32cubeide_1.19.0/plugins/com.st.stm32cube.ide.mcu.externaltools.gnu-tools-for-stm32.13.3.rel1.linux64_1.0.0.202410170706/tools/bin/../lib/gcc/arm-none-eabi/13.3.1/../../../../arm-none-eabi/lib/thumb/v7e-m+fp/hard/libc_nano.a(libc_a-findfp.o) (_fwalk_sglue)
/opt/st/stm32cubeide_1.19.0/plugins/com.st.stm32cube.ide.mcu.externaltools.gnu-tools-for-stm32.13.3.rel1.linux64_1.0.0.202410170706/tools/bin/../lib/gcc/arm-none-eabi/13.3.1/../../../../arm-none-eabi/lib/thumb/v7e-m+fp/hard/libc_nano.a(libc_a-stdio.o)
                              /opt/st/stm32cubeide_1.19.0/plugins/com.st.stm32cube.ide.mcu.externaltools.gnu-tools-for-stm32.13.3.rel1.linux64_1.0.0.202410170706/tools/bin/../lib/gcc/arm-none-eabi/13.3.1/../../../../arm-none-eabi/lib/thumb/v7e-m+fp/hard/libc_nano.a(libc_a-findfp.o) (__sread)
/opt/st/stm32cubeide_1.19.0/plugins/com.st.stm32cube.ide.mcu.externaltools.gnu-tools-for-stm32.13.3.rel1.linux64_1.0.0.202410170706/tools/bin/../lib/gcc/arm-none-eabi/13.3.1/../../../../arm-none-eabi/lib/thumb/v7e-m+fp/hard/libc_nano.a(libc_a-memset.o)
                              /opt/st/stm32cubeide_1.19.0/plugins/com.st.stm32cube.ide.mcu.externaltools.gnu-tools-for-stm32.13.3.rel1.linux64_1.0.0.202410170706/tools/bin/../lib/gcc/arm-none-eabi/13.3.1/../../../../arm-none-eabi/lib/thumb/v7e-m+fp/hard/crt0.o (memset)
/opt/st/stm32cubeide_1.19.0/plugins/com.st.stm32cube.ide.mcu.externaltools.gnu-tools-for-stm32.13.3.rel1.linux64_1.0.0.202410170706/tools/bin/../lib/gcc/arm-none-eabi/13.3.1/../../../../arm-none-eabi/lib/thumb/v7e-m+fp/hard/libc_nano.a(libc_a-closer.o)
                              /opt/st/stm32cubeide_1.19.0/plugins/com.st.stm32cube.ide.mcu.externaltools.gnu-tools-for-stm32.13.3.rel1.linux64_1.0.0.202410170706/tools/bin/../lib/gcc/arm-none-eabi/13.3.1/../../../../arm-none-eabi/lib/thumb/v7e-m+fp/hard/libc_nano.a(libc_a-stdio.o) (_close_r)
/opt/st/stm32cubeide_1.19.0/plugins/com.st.stm32cube.ide.mcu.externaltools.gnu-tools-for-stm32.13.3.rel1.linux64_1.0.0.202410170706/tools/bin/../lib/gcc/arm-none-eabi/13.3.1/../../../../arm-none-eabi/lib/thumb/v7e-m+fp/hard/libc_nano.a(libc_a-reent.o)
                              /opt/st/stm32cubeide_1.19.0/plugins/com.st.stm32cube.ide.mcu.externaltools.gnu-tools-for-stm32.13.3.rel1.linux64_1.0.0.202410170706/tools/bin/../lib/gcc/arm-none-eabi/13.3.1/../../../../arm-none-eabi/lib/thumb/v7e-m+fp/hard/libc_nano.a(libc_a-closer.o) (errno)
/opt/st/stm32cubeide_1.19.0/plugins/com.st.stm32cube.ide.mcu.externaltools.gnu-tools-for-stm32.13.3.rel1.linux64_1.0.0.202410170706/tools/bin/../lib/gcc/arm-none-eabi/13.3.1/../../../../arm-none-eabi/lib/thumb/v7e-m+fp/hard/libc_nano.a(libc_a-impure.o)
                              /opt/st/stm32cubeide_1.19.0/plugins/com.st.stm32cube.ide.mcu.externaltools.gnu-tools-for-stm32.13.3.rel1.linux64_1.0.0.202410170706/tools/bin/../lib/gcc/arm-none-eabi/13.3.1/../../../../arm-none-eabi/lib/thumb/v7e-m+fp/hard/libc_nano.a(libc_a-rand.o) (_impure_ptr)
/opt/st/stm32cubeide_1.19.0/plugins/com.st.stm32cube.ide.mcu.externaltools.gnu-tools-for-stm32.13.3.rel1.linux64_1.0.0.202410170706/tools/bin/../lib/gcc/arm-none-eabi/13.3.1/../../../../arm-none-eabi/lib/thumb/v7e-m+fp/hard/libc_nano.a(libc_a-lseekr.o)
[...]
Memory Configuration

Name             Origin             Length             Attributes
RAM              0x20000000         0x00020000         xrw
RAMBB            0x22000000         0x00080000         xrw
FLASH            0x08000000         0x00080000         xr
*default*        0x00000000         0xffffffff

Linker script and memory map

LOAD /opt/st/stm32cubeide_1.19.0/plugins/com.st.stm32cube.ide.mcu.externaltools.gnu-tools-for-stm32.13.3.rel1.linux64_1.0.0.202410170706/tools/bin/../lib/gcc/arm-none-eabi/13.3.1/thumb/v7e-m+fp/hard/crti.o
LOAD /opt/st/stm32cubeide_1.19.0/plugins/com.st.stm32cube.ide.mcu.externaltools.gnu-tools-for-stm32.13.3.rel1.linux64_1.0.0.202410170706/tools/bin/../lib/gcc/arm-none-eabi/13.3.1/thumb/v7e-m+fp/hard/crtbegin.o
LOAD /opt/st/stm32cubeide_1.19.0/plugins/com.st.stm32cube.ide.mcu.externaltools.gnu-tools-for-stm32.13.3.rel1.linux64_1.0.0.202410170706/tools/bin/../lib/gcc/arm-none-eabi/13.3.1/../../../../arm-none-eabi/lib/thumb/v7e-m+fp/hard/crt0.o
LOAD ./Core/Inc/font5x7.o
LOAD ./Core/Inc/font6x10.o
LOAD ./Core/Inc/font7x14.o
LOAD ./Core/Src/gdi.o
LOAD ./Core/Src/main.o
LOAD ./Core/Src/show.o
LOAD ./Core/Src/stm32g4xx_hal_msp.o
LOAD ./Core/Src/stm32g4xx_it.o
LOAD ./Core/Src/syscalls.o
LOAD ./Core/Src/sysmem.o
LOAD ./Core/Src/system_stm32g4xx.o
LOAD ./Core/Src/video.o
LOAD ./Core/Startup/startup_stm32g474retx.o
LOAD ./Drivers/STM32G4xx_HAL_Driver/Src/stm32g4xx_hal.o
LOAD ./Drivers/STM32G4xx_HAL_Driver/Src/stm32g4xx_hal_cortex.o
LOAD ./Drivers/STM32G4xx_HAL_Driver/Src/stm32g4xx_hal_dma.o
LOAD ./Drivers/STM32G4xx_HAL_Driver/Src/stm32g4xx_hal_dma_ex.o
LOAD ./Drivers/STM32G4xx_HAL_Driver/Src/stm32g4xx_hal_exti.o
LOAD ./Drivers/STM32G4xx_HAL_Driver/Src/stm32g4xx_hal_flash.o
LOAD ./Drivers/STM32G4xx_HAL_Driver/Src/stm32g4xx_hal_flash_ex.o
LOAD ./Drivers/STM32G4xx_HAL_Driver/Src/stm32g4xx_hal_flash_ramfunc.o
LOAD ./Drivers/STM32G4xx_HAL_Driver/Src/stm32g4xx_hal_gpio.o
LOAD ./Drivers/STM32G4xx_HAL_Driver/Src/stm32g4xx_hal_i2s.o
LOAD ./Drivers/STM32G4xx_HAL_Driver/Src/stm32g4xx_hal_pwr.o
LOAD ./Drivers/STM32G4xx_HAL_Driver/Src/stm32g4xx_hal_pwr_ex.o
LOAD ./Drivers/STM32G4xx_HAL_Driver/Src/stm32g4xx_hal_rcc.o
LOAD ./Drivers/STM32G4xx_HAL_Driver/Src/stm32g4xx_hal_rcc_ex.o
LOAD ./Drivers/STM32G4xx_HAL_Driver/Src/stm32g4xx_hal_tim.o
LOAD ./Drivers/STM32G4xx_HAL_Driver/Src/stm32g4xx_hal_tim_ex.o
START GROUP
LOAD /opt/st/stm32cubeide_1.19.0/plugins/com.st.stm32cube.ide.mcu.externaltools.gnu-tools-for-stm32.13.3.rel1.linux64_1.0.0.202410170706/tools/bin/../lib/gcc/arm-none-eabi/13.3.1/../../../../arm-none-eabi/lib/thumb/v7e-m+fp/hard/libc_nano.a
LOAD /opt/st/stm32cubeide_1.19.0/plugins/com.st.stm32cube.ide.mcu.externaltools.gnu-tools-for-stm32.13.3.rel1.linux64_1.0.0.202410170706/tools/bin/../lib/gcc/arm-none-eabi/13.3.1/../../../../arm-none-eabi/lib/thumb/v7e-m+fp/hard/libm.a
END GROUP
START GROUP
LOAD /opt/st/stm32cubeide_1.19.0/plugins/com.st.stm32cube.ide.mcu.externaltools.gnu-tools-for-stm32.13.3.rel1.linux64_1.0.0.202410170706/tools/bin/../lib/gcc/arm-none-eabi/13.3.1/thumb/v7e-m+fp/hard/libgcc.a
LOAD /opt/st/stm32cubeide_1.19.0/plugins/com.st.stm32cube.ide.mcu.externaltools.gnu-tools-for-stm32.13.3.rel1.linux64_1.0.0.202410170706/tools/bin/../lib/gcc/arm-none-eabi/13.3.1/../../../../arm-none-eabi/lib/thumb/v7e-m+fp/hard/libc_nano.a
END GROUP
START GROUP
LOAD /opt/st/stm32cubeide_1.19.0/plugins/com.st.stm32cube.ide.mcu.externaltools.gnu-tools-for-stm32.13.3.rel1.linux64_1.0.0.202410170706/tools/bin/../lib/gcc/arm-none-eabi/13.3.1/thumb/v7e-m+fp/hard/libgcc.a
LOAD /opt/st/stm32cubeide_1.19.0/plugins/com.st.stm32cube.ide.mcu.externaltools.gnu-tools-for-stm32.13.3.rel1.linux64_1.0.0.202410170706/tools/bin/../lib/gcc/arm-none-eabi/13.3.1/../../../../arm-none-eabi/lib/thumb/v7e-m+fp/hard/libc_nano.a
LOAD /opt/st/stm32cubeide_1.19.0/plugins/com.st.stm32cube.ide.mcu.externaltools.gnu-tools-for-stm32.13.3.rel1.linux64_1.0.0.202410170706/tools/bin/../lib/gcc/arm-none-eabi/13.3.1/../../../../arm-none-eabi/lib/thumb/v7e-m+fp/hard/libnosys.a
END GROUP
START GROUP
LOAD /opt/st/stm32cubeide_1.19.0/plugins/com.st.stm32cube.ide.mcu.externaltools.gnu-tools-for-stm32.13.3.rel1.linux64_1.0.0.202410170706/tools/bin/../lib/gcc/arm-none-eabi/13.3.1/thumb/v7e-m+fp/hard/libgcc.a
LOAD /opt/st/stm32cubeide_1.19.0/plugins/com.st.stm32cube.ide.mcu.externaltools.gnu-tools-for-stm32.13.3.rel1.linux64_1.0.0.202410170706/tools/bin/../lib/gcc/arm-none-eabi/13.3.1/../../../../arm-none-eabi/lib/thumb/v7e-m+fp/hard/libc_nano.a
LOAD /opt/st/stm32cubeide_1.19.0/plugins/com.st.stm32cube.ide.mcu.externaltools.gnu-tools-for-stm32.13.3.rel1.linux64_1.0.0.202410170706/tools/bin/../lib/gcc/arm-none-eabi/13.3.1/../../../../arm-none-eabi/lib/thumb/v7e-m+fp/hard/libnosys.a
END GROUP
LOAD /opt/st/stm32cubeide_1.19.0/plugins/com.st.stm32cube.ide.mcu.externaltools.gnu-tools-for-stm32.13.3.rel1.linux64_1.0.0.202410170706/tools/bin/../lib/gcc/arm-none-eabi/13.3.1/thumb/v7e-m+fp/hard/crtend.o
LOAD /opt/st/stm32cubeide_1.19.0/plugins/com.st.stm32cube.ide.mcu.externaltools.gnu-tools-for-stm32.13.3.rel1.linux64_1.0.0.202410170706/tools/bin/../lib/gcc/arm-none-eabi/13.3.1/thumb/v7e-m+fp/hard/crtn.o
                0x20020000                        _estack = (ORIGIN (RAM) + LENGTH (RAM))
                0x00000200                        _Min_Heap_Size = 0x200
                0x00000400                        _Min_Stack_Size = 0x400

.screen         0x20000000     0x2760
 *(.screen)
 .screen        0x20000000     0x2760 ./Core/Src/video.o
                0x20000000                screen

.isr_vector     0x08000000      0x1d8
                0x08000000                        . = ALIGN (0x4)
 *(.isr_vector)
 .isr_vector    0x08000000      0x1d8 ./Core/Startup/startup_stm32g474retx.o
                0x08000000                g_pfnVectors
                0x080001d8                        . = ALIGN (0x4)

.text           0x080001d8     0x5d58
                0x080001d8                        . = ALIGN (0x4)
 *(.text)
 .text          0x080001d8       0x40 /opt/st/stm32cubeide_1.19.0/plugins/com.st.stm32cube.ide.mcu.externaltools.gnu-tools-for-stm32.13.3.rel1.linux64_1.0.0.202410170706/tools/bin/../lib/gcc/arm-none-eabi/13.3.1/thumb/v7e-m+fp/hard/crtbegin.o
 *(.text*)
 .text.gdiBitBlt
                0x08000218      0x604 ./Core/Src/gdi.o
                0x08000218                gdiBitBlt
 .text.gdiDrawTextEx
                0x0800081c       0x68 ./Core/Src/gdi.o
                0x0800081c                gdiDrawTextEx
 .text.gdiDrawSmallTextEx
                0x08000884       0x64 ./Core/Src/gdi.o
                0x08000884                gdiDrawSmallTextEx
 .text.gdiDrawBigTextEx
                0x080008e8       0x68 ./Core/Src/gdi.o
                0x080008e8                gdiDrawBigTextEx
 .text.Gpio_deinit
                0x08000950       0x30 ./Core/Src/main.o
                0x08000950                Gpio_deinit
 .text.TIMER_SET
                0x08000980       0xf0 ./Core/Src/main.o
                0x08000980                TIMER_SET
 .text.main     0x08000a70      0x238 ./Core/Src/main.o
                0x08000a70                main
 .text.SystemClock_Config
                0x08000ca8       0x94 ./Core/Src/main.o
                0x08000ca8                SystemClock_Config
 .text.MX_I2S2_Init
                0x08000d3c       0x50 ./Core/Src/main.o
 .text.MX_TIM2_Init
                0x08000d8c      0x128 ./Core/Src/main.o
 .text.MX_TIM3_Init
                0x08000eb4      0x1ac ./Core/Src/main.o
 .text.MX_DMA_Init
                0x08001060       0x84 ./Core/Src/main.o
 .text.MX_GPIO_Init
                0x080010e4       0x60 ./Core/Src/main.o
 .text.Error_Handler
                0x08001144        0xc ./Core/Src/main.o
                0x08001144                Error_Handler
 .text.HAL_MspInit
                0x08001150       0x48 ./Core/Src/stm32g4xx_hal_msp.o
                0x08001150                HAL_MspInit
 .text.HAL_I2S_MspInit
                0x08001198      0x114 ./Core/Src/stm32g4xx_hal_msp.o
                0x08001198                HAL_I2S_MspInit
 .text.HAL_I2S_MspDeInit
                0x080012ac       0x48 ./Core/Src/stm32g4xx_hal_msp.o
                0x080012ac                HAL_I2S_MspDeInit
 .text.HAL_TIM_Base_MspInit
                0x080012f4      0x1cc ./Core/Src/stm32g4xx_hal_msp.o
                0x080012f4                HAL_TIM_Base_MspInit
 .text.HAL_TIM_MspPostInit
                0x080014c0       0xb4 ./Core/Src/stm32g4xx_hal_msp.o
                0x080014c0                HAL_TIM_MspPostInit
 .text.NMI_Handler
                0x08001574        0x8 ./Core/Src/stm32g4xx_it.o
                0x08001574                NMI_Handler
 .text.HardFault_Handler
                0x0800157c        0x8 ./Core/Src/stm32g4xx_it.o
                0x0800157c                HardFault_Handler
 .text.MemManage_Handler
                0x08001584        0x8 ./Core/Src/stm32g4xx_it.o
                0x08001584                MemManage_Handler
 .text.BusFault_Handler
                0x0800158c        0x8 ./Core/Src/stm32g4xx_it.o
                0x0800158c                BusFault_Handler
 .text.UsageFault_Handler
                0x08001594        0x8 ./Core/Src/stm32g4xx_it.o
                0x08001594                UsageFault_Handler
 .text.SVC_Handler
                0x0800159c        0xe ./Core/Src/stm32g4xx_it.o
                0x0800159c                SVC_Handler
 .text.DebugMon_Handler
                0x080015aa        0xe ./Core/Src/stm32g4xx_it.o
                0x080015aa                DebugMon_Handler
 .text.PendSV_Handler
                0x080015b8        0xe ./Core/Src/stm32g4xx_it.o
                0x080015b8                PendSV_Handler
 *fill*         0x080015c6        0x2 
 .text.SysTick_Handler
                0x080015c8       0x24 ./Core/Src/stm32g4xx_it.o
                0x080015c8                SysTick_Handler
 .text.DMA1_Channel2_IRQHandler
                0x080015ec       0x14 ./Core/Src/stm32g4xx_it.o
                0x080015ec                DMA1_Channel2_IRQHandler
 .text.DMA1_Channel3_IRQHandler
                0x08001600       0x14 ./Core/Src/stm32g4xx_it.o
                0x08001600                DMA1_Channel3_IRQHandler
 .text.DMA1_Channel5_IRQHandler
                0x08001614       0x14 ./Core/Src/stm32g4xx_it.o
                0x08001614                DMA1_Channel5_IRQHandler
 .text.DMA1_Channel6_IRQHandler
                0x08001628       0x14 ./Core/Src/stm32g4xx_it.o
                0x08001628                DMA1_Channel6_IRQHandler
 .text.TIM3_IRQHandler
                0x0800163c        0xe ./Core/Src/stm32g4xx_it.o
                0x0800163c                TIM3_IRQHandler
 *fill*         0x0800164a        0x2 
 .text.SystemInit
                0x0800164c       0x24 ./Core/Src/system_stm32g4xx.o
                0x0800164c                SystemInit
 .text.vidClearScreen
                0x08001670       0x18 ./Core/Src/video.o
                0x08001670                vidClearScreen
 .text.Reset_Handler
                0x08001688       0x50 ./Core/Startup/startup_stm32g474retx.o
                0x08001688                Reset_Handler
 .text.Default_Handler
                0x080016d8        0x2 ./Core/Startup/startup_stm32g474retx.o
                0x080016d8                RTC_Alarm_IRQHandler
                0x080016d8                EXTI2_IRQHandler
                0x080016d8                TIM8_TRG_COM_IRQHandler
                0x080016d8                TIM8_CC_IRQHandler
                0x080016d8                HRTIM1_Master_IRQHandler
                0x080016d8                SPI4_IRQHandler
                0x080016d8                FDCAN3_IT0_IRQHandler
                0x080016d8                TIM1_CC_IRQHandler
                0x080016d8                HRTIM1_FLT_IRQHandler
                0x080016d8                HRTIM1_TIMF_IRQHandler
                0x080016d8                USB_HP_IRQHandler
                0x080016d8                CORDIC_IRQHandler
                0x080016d8                HRTIM1_TIMD_IRQHandler
                0x080016d8                DMA2_Channel8_IRQHandler
                0x080016d8                EXTI3_IRQHandler
                0x080016d8                I2C3_ER_IRQHandler
                0x080016d8                EXTI0_IRQHandler
                0x080016d8                I2C2_EV_IRQHandler
                0x080016d8                FPU_IRQHandler
                0x080016d8                FDCAN1_IT1_IRQHandler
                0x080016d8                TIM1_UP_TIM16_IRQHandler
                0x080016d8                ADC1_2_IRQHandler
                0x080016d8                HRTIM1_TIME_IRQHandler
                0x080016d8                SPI1_IRQHandler
                0x080016d8                TIM6_DAC_IRQHandler
                0x080016d8                HRTIM1_TIMC_IRQHandler
                0x080016d8                TIM8_UP_IRQHandler
                0x080016d8                DMA2_Channel2_IRQHandler
                0x080016d8                DMA1_Channel4_IRQHandler
                0x080016d8                TIM20_TRG_COM_IRQHandler
                0x080016d8                USART3_IRQHandler
                0x080016d8                DMA1_Channel7_IRQHandler
                0x080016d8                UART5_IRQHandler
                0x080016d8                ADC3_IRQHandler
                0x080016d8                TIM4_IRQHandler
                0x080016d8                DMA2_Channel1_IRQHandler
                0x080016d8                QUADSPI_IRQHandler
                0x080016d8                I2C1_EV_IRQHandler
                0x080016d8                UART4_IRQHandler
                0x080016d8                DMA2_Channel4_IRQHandler
                0x080016d8                RCC_IRQHandler
                0x080016d8                TIM20_UP_IRQHandler
                0x080016d8                DMA1_Channel1_IRQHandler
                0x080016d8                Default_Handler
                0x080016d8                DMA2_Channel7_IRQHandler
                0x080016d8                RTC_TAMP_LSECSS_IRQHandler
                0x080016d8                FMAC_IRQHandler
                0x080016d8                EXTI15_10_IRQHandler
                0x080016d8                DMA1_Channel8_IRQHandler
                0x080016d8                HRTIM1_TIMA_IRQHandler
                0x080016d8                TIM7_DAC_IRQHandler
                0x080016d8                FDCAN3_IT1_IRQHandler
                0x080016d8                TIM5_IRQHandler
                0x080016d8                UCPD1_IRQHandler
                0x080016d8                I2C3_EV_IRQHandler
                0x080016d8                EXTI9_5_IRQHandler
                0x080016d8                RTC_WKUP_IRQHandler
                0x080016d8                PVD_PVM_IRQHandler
                0x080016d8                SPI2_IRQHandler
                0x080016d8                ADC5_IRQHandler
                0x080016d8                DMA2_Channel5_IRQHandler
                0x080016d8                CRS_IRQHandler
                0x080016d8                USB_LP_IRQHandler
                0x080016d8                EXTI4_IRQHandler
                0x080016d8                RNG_IRQHandler
                0x080016d8                HRTIM1_TIMB_IRQHandler
                0x080016d8                TIM1_TRG_COM_TIM17_IRQHandler
                0x080016d8                FDCAN2_IT1_IRQHandler
                0x080016d8                ADC4_IRQHandler
                0x080016d8                WWDG_IRQHandler
                0x080016d8                I2C4_EV_IRQHandler
                0x080016d8                FDCAN2_IT0_IRQHandler
                0x080016d8                LPUART1_IRQHandler
                0x080016d8                DMA2_Channel6_IRQHandler
                0x080016d8                FDCAN1_IT0_IRQHandler
                0x080016d8                TIM2_IRQHandler
                0x080016d8                COMP7_IRQHandler
                0x080016d8                COMP1_2_3_IRQHandler
                0x080016d8                EXTI1_IRQHandler
                0x080016d8                USART2_IRQHandler
                0x080016d8                COMP4_5_6_IRQHandler
                0x080016d8                TIM20_BRK_IRQHandler
                0x080016d8                I2C2_ER_IRQHandler
                0x080016d8                TIM8_BRK_IRQHandler
                0x080016d8                FLASH_IRQHandler
                0x080016d8                TIM20_CC_IRQHandler
                0x080016d8                USART1_IRQHandler
                0x080016d8                SPI3_IRQHandler
                0x080016d8                I2C1_ER_IRQHandler
                0x080016d8                FMC_IRQHandler
                0x080016d8                LPTIM1_IRQHandler
                0x080016d8                DMAMUX_OVR_IRQHandler
                0x080016d8                I2C4_ER_IRQHandler
                0x080016d8                USBWakeUp_IRQHandler
                0x080016d8                SAI1_IRQHandler
                0x080016d8                DMA2_Channel3_IRQHandler
                0x080016d8                TIM1_BRK_TIM15_IRQHandler
 .text.HAL_Init
                0x080016da       0x30 ./Drivers/STM32G4xx_HAL_Driver/Src/stm32g4xx_hal.o
                0x080016da                HAL_Init
 *fill*         0x0800170a        0x2 
 .text.HAL_InitTick
                0x0800170c       0x74 ./Drivers/STM32G4xx_HAL_Driver/Src/stm32g4xx_hal.o
                0x0800170c                HAL_InitTick
 .text.HAL_IncTick
                0x08001780       0x24 ./Drivers/STM32G4xx_HAL_Driver/Src/stm32g4xx_hal.o
                0x08001780                HAL_IncTick
 .text.HAL_GetTick
                0x080017a4       0x18 ./Drivers/STM32G4xx_HAL_Driver/Src/stm32g4xx_hal.o
                0x080017a4                HAL_GetTick
 .text.HAL_Delay
                0x080017bc       0x44 ./Drivers/STM32G4xx_HAL_Driver/Src/stm32g4xx_hal.o
                0x080017bc                HAL_Delay
 .text.__NVIC_SetPriorityGrouping
                0x08001800       0x48 ./Drivers/STM32G4xx_HAL_Driver/Src/stm32g4xx_hal_cortex.o
 .text.__NVIC_GetPriorityGrouping
                0x08001848       0x1c ./Drivers/STM32G4xx_HAL_Driver/Src/stm32g4xx_hal_cortex.o
 .text.__NVIC_EnableIRQ
                0x08001864       0x3c ./Drivers/STM32G4xx_HAL_Driver/Src/stm32g4xx_hal_cortex.o
 .text.__NVIC_SetPriority
                0x080018a0       0x54 ./Drivers/STM32G4xx_HAL_Driver/Src/stm32g4xx_hal_cortex.o
 .text.NVIC_EncodePriority
                0x080018f4       0x66 ./Drivers/STM32G4xx_HAL_Driver/Src/stm32g4xx_hal_cortex.o
 *fill*         0x0800195a        0x2 
 .text.SysTick_Config
                0x0800195c       0x44 ./Drivers/STM32G4xx_HAL_Driver/Src/stm32g4xx_hal_cortex.o
 .text.HAL_NVIC_SetPriorityGrouping
                0x080019a0       0x16 ./Drivers/STM32G4xx_HAL_Driver/Src/stm32g4xx_hal_cortex.o
                0x080019a0                HAL_NVIC_SetPriorityGrouping
 .text.HAL_NVIC_SetPriority
                0x080019b6       0x34 ./Drivers/STM32G4xx_HAL_Driver/Src/stm32g4xx_hal_cortex.o
                0x080019b6                HAL_NVIC_SetPriority
 .text.HAL_NVIC_EnableIRQ
                0x080019ea       0x1c ./Drivers/STM32G4xx_HAL_Driver/Src/stm32g4xx_hal_cortex.o
                0x080019ea                HAL_NVIC_EnableIRQ
 .text.HAL_SYSTICK_Config
                0x08001a06       0x18 ./Drivers/STM32G4xx_HAL_Driver/Src/stm32g4xx_hal_cortex.o
                0x08001a06                HAL_SYSTICK_Config
 *fill*         0x08001a1e        0x2 
 .text.HAL_DMA_Init
                0x08001a20      0x150 ./Drivers/STM32G4xx_HAL_Driver/Src/stm32g4xx_hal_dma.o
                0x08001a20                HAL_DMA_Init
 .text.HAL_DMA_DeInit
                0x08001b70      0x12c ./Drivers/STM32G4xx_HAL_Driver/Src/stm32g4xx_hal_dma.o
                0x08001b70                HAL_DMA_DeInit
 .text.HAL_DMA_Start
                0x08001c9c       0x86 ./Drivers/STM32G4xx_HAL_Driver/Src/stm32g4xx_hal_dma.o
                0x08001c9c                HAL_DMA_Start
 .text.HAL_DMA_Start_IT
                0x08001d22       0xf6 ./Drivers/STM32G4xx_HAL_Driver/Src/stm32g4xx_hal_dma.o
                0x08001d22                HAL_DMA_Start_IT
 .text.HAL_DMA_IRQHandler
                0x08001e18      0x15e ./Drivers/STM32G4xx_HAL_Driver/Src/stm32g4xx_hal_dma.o
                0x08001e18                HAL_DMA_IRQHandler
 .text.DMA_SetConfig
                0x08001f76       0x7c ./Drivers/STM32G4xx_HAL_Driver/Src/stm32g4xx_hal_dma.o
 *fill*         0x08001ff2        0x2 
 .text.DMA_CalcDMAMUXChannelBaseAndMask
                0x08001ff4       0x7c ./Drivers/STM32G4xx_HAL_Driver/Src/stm32g4xx_hal_dma.o
 .text.DMA_CalcDMAMUXRequestGenBaseAndMask
                0x08002070       0x48 ./Drivers/STM32G4xx_HAL_Driver/Src/stm32g4xx_hal_dma.o
 .text.HAL_GPIO_Init
                0x080020b8      0x304 ./Drivers/STM32G4xx_HAL_Driver/Src/stm32g4xx_hal_gpio.o
                0x080020b8                HAL_GPIO_Init
 .text.HAL_GPIO_DeInit
                0x080023bc      0x1c4 ./Drivers/STM32G4xx_HAL_Driver/Src/stm32g4xx_hal_gpio.o
                0x080023bc                HAL_GPIO_DeInit
 .text.HAL_I2S_Init
                0x08002580      0x1c0 ./Drivers/STM32G4xx_HAL_Driver/Src/stm32g4xx_hal_i2s.o
                0x08002580                HAL_I2S_Init
 .text.HAL_I2S_DeInit
                0x08002740       0x50 ./Drivers/STM32G4xx_HAL_Driver/Src/stm32g4xx_hal_i2s.o
                0x08002740                HAL_I2S_DeInit
 .text.HAL_I2S_Transmit_DMA
                0x08002790      0x148 ./Drivers/STM32G4xx_HAL_Driver/Src/stm32g4xx_hal_i2s.o
                0x08002790                HAL_I2S_Transmit_DMA
 .text.HAL_I2S_TxHalfCpltCallback
                0x080028d8       0x14 ./Drivers/STM32G4xx_HAL_Driver/Src/stm32g4xx_hal_i2s.o
                0x080028d8                HAL_I2S_TxHalfCpltCallback
 .text.HAL_I2S_TxCpltCallback
                0x080028ec       0x14 ./Drivers/STM32G4xx_HAL_Driver/Src/stm32g4xx_hal_i2s.o
                0x080028ec                HAL_I2S_TxCpltCallback
 .text.HAL_I2S_ErrorCallback
                0x08002900       0x14 ./Drivers/STM32G4xx_HAL_Driver/Src/stm32g4xx_hal_i2s.o
                0x08002900                HAL_I2S_ErrorCallback
 .text.I2S_DMATxCplt
                0x08002914       0x42 ./Drivers/STM32G4xx_HAL_Driver/Src/stm32g4xx_hal_i2s.o
 .text.I2S_DMATxHalfCplt
                0x08002956       0x1c ./Drivers/STM32G4xx_HAL_Driver/Src/stm32g4xx_hal_i2s.o
 .text.I2S_DMAError
                0x08002972       0x4c ./Drivers/STM32G4xx_HAL_Driver/Src/stm32g4xx_hal_i2s.o
 *fill*         0x080029be        0x2 
 .text.HAL_PWREx_ControlVoltageScaling
                0x080029c0      0x148 ./Drivers/STM32G4xx_HAL_Driver/Src/stm32g4xx_hal_pwr_ex.o
                0x080029c0                HAL_PWREx_ControlVoltageScaling
 .text.HAL_PWREx_DisableUCPDDeadBattery
                0x08002b08       0x20 ./Drivers/STM32G4xx_HAL_Driver/Src/stm32g4xx_hal_pwr_ex.o
                0x08002b08                HAL_PWREx_DisableUCPDDeadBattery
 .text.HAL_RCC_OscConfig
                0x08002b28      0x624 ./Drivers/STM32G4xx_HAL_Driver/Src/stm32g4xx_hal_rcc.o
                0x08002b28                HAL_RCC_OscConfig
 .text.HAL_RCC_ClockConfig
                0x0800314c      0x278 ./Drivers/STM32G4xx_HAL_Driver/Src/stm32g4xx_hal_rcc.o
                0x0800314c                HAL_RCC_ClockConfig
 .text.HAL_RCC_GetSysClockFreq
                0x080033c4       0xc4 ./Drivers/STM32G4xx_HAL_Driver/Src/stm32g4xx_hal_rcc.o
                0x080033c4                HAL_RCC_GetSysClockFreq
 .text.HAL_RCC_GetHCLKFreq
                0x08003488       0x18 ./Drivers/STM32G4xx_HAL_Driver/Src/stm32g4xx_hal_rcc.o
                0x08003488                HAL_RCC_GetHCLKFreq
 .text.HAL_RCC_GetPCLK1Freq
                0x080034a0       0x2c ./Drivers/STM32G4xx_HAL_Driver/Src/stm32g4xx_hal_rcc.o
                0x080034a0                HAL_RCC_GetPCLK1Freq
 .text.HAL_RCC_GetPCLK2Freq
                0x080034cc       0x2c ./Drivers/STM32G4xx_HAL_Driver/Src/stm32g4xx_hal_rcc.o
                0x080034cc                HAL_RCC_GetPCLK2Freq
 .text.RCC_GetSysClockFreqFromPLLSource
                0x080034f8       0x8c ./Drivers/STM32G4xx_HAL_Driver/Src/stm32g4xx_hal_rcc.o
 .text.HAL_RCCEx_PeriphCLKConfig
                0x08003584      0x49c ./Drivers/STM32G4xx_HAL_Driver/Src/stm32g4xx_hal_rcc_ex.o
                0x08003584                HAL_RCCEx_PeriphCLKConfig
 .text.HAL_RCCEx_GetPeriphCLKFreq
                0x08003a20      0xa7c ./Drivers/STM32G4xx_HAL_Driver/Src/stm32g4xx_hal_rcc_ex.o
                0x08003a20                HAL_RCCEx_GetPeriphCLKFreq
 .text.HAL_TIM_Base_Init
                0x0800449c       0xae ./Drivers/STM32G4xx_HAL_Driver/Src/stm32g4xx_hal_tim.o
                0x0800449c                HAL_TIM_Base_Init
 *fill*         0x0800454a        0x2 
 .text.HAL_TIM_Base_Start
                0x0800454c       0xe0 ./Drivers/STM32G4xx_HAL_Driver/Src/stm32g4xx_hal_tim.o
                0x0800454c                HAL_TIM_Base_Start
 .text.HAL_TIM_OC_Init
                0x0800462c       0xae ./Drivers/STM32G4xx_HAL_Driver/Src/stm32g4xx_hal_tim.o
                0x0800462c                HAL_TIM_OC_Init
 .text.HAL_TIM_OC_DeInit
                0x080046da       0xb8 ./Drivers/STM32G4xx_HAL_Driver/Src/stm32g4xx_hal_tim.o
                0x080046da                HAL_TIM_OC_DeInit
 .text.HAL_TIM_OC_MspInit
                0x08004792       0x14 ./Drivers/STM32G4xx_HAL_Driver/Src/stm32g4xx_hal_tim.o
                0x08004792                HAL_TIM_OC_MspInit
 .text.HAL_TIM_OC_MspDeInit
                0x080047a6       0x14 ./Drivers/STM32G4xx_HAL_Driver/Src/stm32g4xx_hal_tim.o
                0x080047a6                HAL_TIM_OC_MspDeInit
 *fill*         0x080047ba        0x2 
 .text.HAL_TIM_OC_Start
                0x080047bc      0x224 ./Drivers/STM32G4xx_HAL_Driver/Src/stm32g4xx_hal_tim.o
                0x080047bc                HAL_TIM_OC_Start
 .text.HAL_TIM_PWM_Init
                0x080049e0       0xae ./Drivers/STM32G4xx_HAL_Driver/Src/stm32g4xx_hal_tim.o
                0x080049e0                HAL_TIM_PWM_Init
 .text.HAL_TIM_PWM_MspInit
                0x08004a8e       0x14 ./Drivers/STM32G4xx_HAL_Driver/Src/stm32g4xx_hal_tim.o
                0x08004a8e                HAL_TIM_PWM_MspInit
 *fill*         0x08004aa2        0x2 
 .text.HAL_TIM_PWM_Start
                0x08004aa4      0x224 ./Drivers/STM32G4xx_HAL_Driver/Src/stm32g4xx_hal_tim.o
                0x08004aa4                HAL_TIM_PWM_Start
 .text.HAL_TIM_OC_ConfigChannel
                0x08004cc8       0xf4 ./Drivers/STM32G4xx_HAL_Driver/Src/stm32g4xx_hal_tim.o
                0x08004cc8                HAL_TIM_OC_ConfigChannel
 .text.HAL_TIM_PWM_ConfigChannel
                0x08004dbc      0x228 ./Drivers/STM32G4xx_HAL_Driver/Src/stm32g4xx_hal_tim.o
                0x08004dbc                HAL_TIM_PWM_ConfigChannel
 .text.HAL_TIM_ConfigClockSource
                0x08004fe4      0x22c ./Drivers/STM32G4xx_HAL_Driver/Src/stm32g4xx_hal_tim.o
                0x08004fe4                HAL_TIM_ConfigClockSource
 .text.HAL_TIM_SlaveConfigSynchro
                0x08005210       0x84 ./Drivers/STM32G4xx_HAL_Driver/Src/stm32g4xx_hal_tim.o
                0x08005210                HAL_TIM_SlaveConfigSynchro
 .text.TIM_Base_SetConfig
                0x08005294      0x168 ./Drivers/STM32G4xx_HAL_Driver/Src/stm32g4xx_hal_tim.o
                0x08005294                TIM_Base_SetConfig
 .text.TIM_OC1_SetConfig
                0x080053fc      0x134 ./Drivers/STM32G4xx_HAL_Driver/Src/stm32g4xx_hal_tim.o
 .text.TIM_OC2_SetConfig
                0x08005530      0x128 ./Drivers/STM32G4xx_HAL_Driver/Src/stm32g4xx_hal_tim.o
                0x08005530                TIM_OC2_SetConfig
 .text.TIM_OC3_SetConfig
                0x08005658      0x124 ./Drivers/STM32G4xx_HAL_Driver/Src/stm32g4xx_hal_tim.o
 .text.TIM_OC4_SetConfig
                0x0800577c      0x128 ./Drivers/STM32G4xx_HAL_Driver/Src/stm32g4xx_hal_tim.o
 .text.TIM_OC5_SetConfig
                0x080058a4       0xd4 ./Drivers/STM32G4xx_HAL_Driver/Src/stm32g4xx_hal_tim.o
 .text.TIM_OC6_SetConfig
                0x08005978       0xd8 ./Drivers/STM32G4xx_HAL_Driver/Src/stm32g4xx_hal_tim.o
 .text.TIM_SlaveTimer_SetConfig
                0x08005a50      0x1c0 ./Drivers/STM32G4xx_HAL_Driver/Src/stm32g4xx_hal_tim.o
 .text.TIM_TI1_ConfigInputStage
                0x08005c10       0x5e ./Drivers/STM32G4xx_HAL_Driver/Src/stm32g4xx_hal_tim.o
 .text.TIM_TI2_ConfigInputStage
                0x08005c6e       0x60 ./Drivers/STM32G4xx_HAL_Driver/Src/stm32g4xx_hal_tim.o
 .text.TIM_ITRx_SetConfig
                0x08005cce       0x3a ./Drivers/STM32G4xx_HAL_Driver/Src/stm32g4xx_hal_tim.o
 .text.TIM_ETR_SetConfig
                0x08005d08       0x40 ./Drivers/STM32G4xx_HAL_Driver/Src/stm32g4xx_hal_tim.o
                0x08005d08                TIM_ETR_SetConfig
 .text.TIM_CCxChannelCmd
                0x08005d48       0x4a ./Drivers/STM32G4xx_HAL_Driver/Src/stm32g4xx_hal_tim.o
                0x08005d48                TIM_CCxChannelCmd
 *fill*         0x08005d92        0x2 
 .text.HAL_TIMEx_MasterConfigSynchronization
                0x08005d94      0x12c ./Drivers/STM32G4xx_HAL_Driver/Src/stm32g4xx_hal_tim_ex.o
                0x08005d94                HAL_TIMEx_MasterConfigSynchronization
 .text.memset   0x08005ec0       0x10 /opt/st/stm32cubeide_1.19.0/plugins/com.st.stm32cube.ide.mcu.externaltools.gnu-tools-for-stm32.13.3.rel1.linux64_1.0.0.202410170706/tools/bin/../lib/gcc/arm-none-eabi/13.3.1/../../../../arm-none-eabi/lib/thumb/v7e-m+fp/hard/libc_nano.a(libc_a-memset.o)
                0x08005ec0                memset
 .text.__libc_init_array
                0x08005ed0       0x48 /opt/st/stm32cubeide_1.19.0/plugins/com.st.stm32cube.ide.mcu.externaltools.gnu-tools-for-stm32.13.3.rel1.linux64_1.0.0.202410170706/tools/bin/../lib/gcc/arm-none-eabi/13.3.1/../../../../arm-none-eabi/lib/thumb/v7e-m+fp/hard/libc_nano.a(libc_a-init.o)
                0x08005ed0                __libc_init_array
 *(.glue_7)
 .glue_7        0x08005f18        0x0 linker stubs
 *(.glue_7t)
 .glue_7t       0x08005f18        0x0 linker stubs
 *(.eh_frame)
 .eh_frame      0x08005f18        0x0 /opt/st/stm32cubeide_1.19.0/plugins/com.st.stm32cube.ide.mcu.externaltools.gnu-tools-for-stm32.13.3.rel1.linux64_1.0.0.202410170706/tools/bin/../lib/gcc/arm-none-eabi/13.3.1/thumb/v7e-m+fp/hard/crtbegin.o
 *(.init)
 .init          0x08005f18        0x4 /opt/st/stm32cubeide_1.19.0/plugins/com.st.stm32cube.ide.mcu.externaltools.gnu-tools-for-stm32.13.3.rel1.linux64_1.0.0.202410170706/tools/bin/../lib/gcc/arm-none-eabi/13.3.1/thumb/v7e-m+fp/hard/crti.o
                0x08005f18                _init
 .init          0x08005f1c        0x8 /opt/st/stm32cubeide_1.19.0/plugins/com.st.stm32cube.ide.mcu.externaltools.gnu-tools-for-stm32.13.3.rel1.linux64_1.0.0.202410170706/tools/bin/../lib/gcc/arm-none-eabi/13.3.1/thumb/v7e-m+fp/hard/crtn.o
 *(.fini)
 .fini          0x08005f24        0x4 /opt/st/stm32cubeide_1.19.0/plugins/com.st.stm32cube.ide.mcu.externaltools.gnu-tools-for-stm32.13.3.rel1.linux64_1.0.0.202410170706/tools/bin/../lib/gcc/arm-none-eabi/13.3.1/thumb/v7e-m+fp/hard/crti.o
                0x08005f24                _fini
 .fini          0x08005f28        0x8 /opt/st/stm32cubeide_1.19.0/plugins/com.st.stm32cube.ide.mcu.externaltools.gnu-tools-for-stm32.13.3.rel1.linux64_1.0.0.202410170706/tools/bin/../lib/gcc/arm-none-eabi/13.3.1/thumb/v7e-m+fp/hard/crtn.o
                0x08005f30                        . = ALIGN (0x4)
                0x08005f30                        _etext = .

.vfp11_veneer   0x08005f30        0x0
 .vfp11_veneer  0x08005f30        0x0 linker stubs

.v4_bx          0x08005f30        0x0
 .v4_bx         0x08005f30        0x0 linker stubs

.iplt           0x08005f30        0x0
 .iplt          0x08005f30        0x0 /opt/st/stm32cubeide_1.19.0/plugins/com.st.stm32cube.ide.mcu.externaltools.gnu-tools-for-stm32.13.3.rel1.linux64_1.0.0.202410170706/tools/bin/../lib/gcc/arm-none-eabi/13.3.1/thumb/v7e-m+fp/hard/crtbegin.o

.rodata         0x08005f30     0x1108
                0x08005f30                        . = ALIGN (0x4)
 *(.rodata)
 .rodata        0x08005f30       0x16 ./Core/Src/main.o
 *(.rodata*)
 *fill*         0x08005f46        0x2 
 .rodata.gdiSystemSmallFont
                0x08005f48      0x2a0 ./Core/Inc/font5x7.o
                0x08005f48                gdiSystemSmallFont
 .rodata.gdiSystemFont
                0x080061e8      0x3c0 ./Core/Inc/font6x10.o
                0x080061e8                gdiSystemFont
 .rodata.gdiSystemBigFont
                0x080065a8      0x540 ./Core/Inc/font7x14.o
                0x080065a8                gdiSystemBigFont
 .rodata.masktable
                0x08006ae8       0x20 ./Core/Src/gdi.o
                0x08006ae8                masktable
 .rodata.AHBPrescTable
                0x08006b08       0x10 ./Core/Src/system_stm32g4xx.o
                0x08006b08                AHBPrescTable
 .rodata.APBPrescTable
                0x08006b18        0x8 ./Core/Src/system_stm32g4xx.o
                0x08006b18                APBPrescTable
 .rodata.SyncTable
                0x08006b20      0x518 ./Core/Src/video.o
                0x08006b20                SyncTable
                0x08007038                        . = ALIGN (0x4)

.ARM.extab      0x08007038        0x0
                0x08007038                        . = ALIGN (0x4)
 *(.ARM.extab* .gnu.linkonce.armextab.*)
                0x08007038                        . = ALIGN (0x4)

.ARM            0x08007038        0x0
                0x08007038                        . = ALIGN (0x4)
                0x08007038                        __exidx_start = .
 *(.ARM.exidx*)
                0x08007038                        __exidx_end = .
                0x08007038                        . = ALIGN (0x4)

.preinit_array  0x08007038        0x0
                0x08007038                        . = ALIGN (0x4)
                0x08007038                        PROVIDE (__preinit_array_start = .)
 *(.preinit_array*)
                0x08007038                        PROVIDE (__preinit_array_end = .)
                0x08007038                        . = ALIGN (0x4)

.init_array     0x08007038        0x4
                0x08007038                        . = ALIGN (0x4)
                0x08007038                        PROVIDE (__init_array_start = .)
 *(SORT_BY_NAME(.init_array.*))
 *(.init_array*)
 .init_array    0x08007038        0x4 /opt/st/stm32cubeide_1.19.0/plugins/com.st.stm32cube.ide.mcu.externaltools.gnu-tools-for-stm32.13.3.rel1.linux64_1.0.0.202410170706/tools/bin/../lib/gcc/arm-none-eabi/13.3.1/thumb/v7e-m+fp/hard/crtbegin.o
                0x0800703c                        PROVIDE (__init_array_end = .)
                0x0800703c                        . = ALIGN (0x4)

.fini_array     0x0800703c        0x4
                0x0800703c                        . = ALIGN (0x4)
                [!provide]                        PROVIDE (__fini_array_start = .)
 *(SORT_BY_NAME(.fini_array.*))
 *(.fini_array*)
 .fini_array    0x0800703c        0x4 /opt/st/stm32cubeide_1.19.0/plugins/com.st.stm32cube.ide.mcu.externaltools.gnu-tools-for-stm32.13.3.rel1.linux64_1.0.0.202410170706/tools/bin/../lib/gcc/arm-none-eabi/13.3.1/thumb/v7e-m+fp/hard/crtbegin.o
                [!provide]                        PROVIDE (__fini_array_end = .)
                0x08007040                        . = ALIGN (0x4)
                0x08007040                        _sidata = LOADADDR (.data)

.rel.dyn        0x08007040        0x0
 .rel.iplt      0x08007040        0x0 /opt/st/stm32cubeide_1.19.0/plugins/com.st.stm32cube.ide.mcu.externaltools.gnu-tools-for-stm32.13.3.rel1.linux64_1.0.0.202410170706/tools/bin/../lib/gcc/arm-none-eabi/13.3.1/thumb/v7e-m+fp/hard/crtbegin.o

.data           0x20002760     0x1518 load address 0x08007040
                0x20002760                        . = ALIGN (0x4)
                0x20002760                        _sdata = .
 *(.data)
 *(.data*)
 .data.rop      0x20002760        0x1 ./Core/Src/gdi.o
                0x20002760                rop
 *fill*         0x20002761        0x3 
 .data.SystemCoreClock
                0x20002764        0x4 ./Core/Src/system_stm32g4xx.o
                0x20002764                SystemCoreClock
 .data.Vwhite   0x20002768       0x40 ./Core/Src/video.o
                0x20002768                Vwhite
 .data.Kader1   0x200027a8       0x40 ./Core/Src/video.o
                0x200027a8                Kader1
 .data.Kader2   0x200027e8       0x40 ./Core/Src/video.o
                0x200027e8                Kader2
 .data.Zijden   0x20002828       0x40 ./Core/Src/video.o
                0x20002828                Zijden
 .data.Kader3   0x20002868       0x40 ./Core/Src/video.o
                0x20002868                Kader3
 .data.Kader4   0x200028a8       0x40 ./Core/Src/video.o
                0x200028a8                Kader4
 .data.lineptrs
                0x200028e8      0x9c4 ./Core/Src/video.o
                0x200028e8                lineptrs
 .data.borders  0x200032ac      0x9c4 ./Core/Src/video.o
                0x200032ac                borders
 .data.uwTickPrio
                0x20003c70        0x4 ./Drivers/STM32G4xx_HAL_Driver/Src/stm32g4xx_hal.o
                0x20003c70                uwTickPrio
 .data.uwTickFreq
                0x20003c74        0x4 ./Drivers/STM32G4xx_HAL_Driver/Src/stm32g4xx_hal.o
                0x20003c74                uwTickFreq
 *(.RamFunc)
 *(.RamFunc*)
                0x20003c78                        . = ALIGN (0x4)
                0x20003c78                        _edata = .

.igot.plt       0x20003c78        0x0 load address 0x08008558
 .igot.plt      0x20003c78        0x0 /opt/st/stm32cubeide_1.19.0/plugins/com.st.stm32cube.ide.mcu.externaltools.gnu-tools-for-stm32.13.3.rel1.linux64_1.0.0.202410170706/tools/bin/../lib/gcc/arm-none-eabi/13.3.1/thumb/v7e-m+fp/hard/crtbegin.o
                0x20003c78                        . = ALIGN (0x4)

.bss            0x20003c78      0x2c0 load address 0x08008558
                0x20003c78                        _sbss = .
                0x20003c78                        __bss_start__ = _sbss
 *(.bss)
 .bss           0x20003c78       0x1c /opt/st/stm32cubeide_1.19.0/plugins/com.st.stm32cube.ide.mcu.externaltools.gnu-tools-for-stm32.13.3.rel1.linux64_1.0.0.202410170706/tools/bin/../lib/gcc/arm-none-eabi/13.3.1/thumb/v7e-m+fp/hard/crtbegin.o
 *(.bss*)
 .bss.pattern   0x20003c94        0x4 ./Core/Src/gdi.o
 .bss.bitmask   0x20003c98        0x4 ./Core/Src/gdi.o
 .bss.hi2s2     0x20003c9c       0x3c ./Core/Src/main.o
                0x20003c9c                hi2s2
 .bss.hdma_spi2_tx
                0x20003cd8       0x60 ./Core/Src/main.o
                0x20003cd8                hdma_spi2_tx
 .bss.htim2     0x20003d38       0x4c ./Core/Src/main.o
                0x20003d38                htim2
 .bss.htim3     0x20003d84       0x4c ./Core/Src/main.o
                0x20003d84                htim3
 .bss.hdma_tim3_ch1
                0x20003dd0       0x60 ./Core/Src/main.o
                0x20003dd0                hdma_tim3_ch1
 .bss.hdma_tim3_ch3
                0x20003e30       0x60 ./Core/Src/main.o
                0x20003e30                hdma_tim3_ch3
 .bss.hdma_tim3_ch4
                0x20003e90       0x60 ./Core/Src/main.o
                0x20003e90                hdma_tim3_ch4
 .bss.TimingDelay
                0x20003ef0        0x4 ./Core/Src/main.o
                0x20003ef0                TimingDelay
 .bss.Vblack    0x20003ef4       0x40 ./Core/Src/video.o
                0x20003ef4                Vblack
 .bss.uwTick    0x20003f34        0x4 ./Drivers/STM32G4xx_HAL_Driver/Src/stm32g4xx_hal.o
                0x20003f34                uwTick
 *(COMMON)
                0x20003f38                        . = ALIGN (0x4)
                0x20003f38                        _ebss = .
                0x20003f38                        __bss_end__ = _ebss

._user_heap_stack
                0x20003f38      0x600 load address 0x08008558
                0x20003f38                        . = ALIGN (0x8)
                [!provide]                        PROVIDE (end = .)
                0x20003f38                        PROVIDE (_end = .)
                0x20004138                        . = (. + _Min_Heap_Size)
 *fill*         0x20003f38      0x200 
                0x20004538                        . = (. + _Min_Stack_Size)
 *fill*         0x20004138      0x400 
                0x20004538                        . = ALIGN (0x8)

.screenBB       0x22000000    0x4ec00
 *(.screenBB)
 .screenBB      0x22000000    0x4ec00 ./Core/Src/video.o
                0x22000000                screenBB

/DISCARD/
 libc.a(*)
 libm.a(*)
 libgcc.a(*)

.ARM.attributes
                0x00000000       0x30
 *(.ARM.attributes)
 .ARM.attributes
                0x00000000       0x22 /opt/st/stm32cubeide_1.19.0/plugins/com.st.stm32cube.ide.mcu.externaltools.gnu-tools-for-stm32.13.3.rel1.linux64_1.0.0.202410170706/tools/bin/../lib/gcc/arm-none-eabi/13.3.1/thumb/v7e-m+fp/hard/crti.o
 .ARM.attributes
                0x00000022       0x34 /opt/st/stm32cubeide_1.19.0/plugins/com.st.stm32cube.ide.mcu.externaltools.gnu-tools-for-stm32.13.3.rel1.linux64_1.0.0.202410170706/tools/bin/../lib/gcc/arm-none-eabi/13.3.1/thumb/v7e-m+fp/hard/crtbegin.o
 .ARM.attributes
                0x00000056       0x34 ./Core/Inc/font5x7.o
 .ARM.attributes
                0x0000008a       0x34 ./Core/Inc/font6x10.o
 .ARM.attributes
                0x000000be       0x34 ./Core/Inc/font7x14.o
 .ARM.attributes
                0x000000f2       0x34 ./Core/Src/gdi.o
 .ARM.attributes
                0x00000126       0x34 ./Core/Src/main.o
 .ARM.attributes
                0x0000015a       0x34 ./Core/Src/stm32g4xx_hal_msp.o
 .ARM.attributes
                0x0000018e       0x34 ./Core/Src/stm32g4xx_it.o
 .ARM.attributes
                0x000001c2       0x34 ./Core/Src/system_stm32g4xx.o
 .ARM.attributes
                0x000001f6       0x34 ./Core/Src/video.o
 .ARM.attributes
                0x0000022a       0x21 ./Core/Startup/startup_stm32g474retx.o
 .ARM.attributes
                0x0000024b       0x34 ./Drivers/STM32G4xx_HAL_Driver/Src/stm32g4xx_hal.o
 .ARM.attributes
                0x0000027f       0x34 ./Drivers/STM32G4xx_HAL_Driver/Src/stm32g4xx_hal_cortex.o
 .ARM.attributes
                0x000002b3       0x34 ./Drivers/STM32G4xx_HAL_Driver/Src/stm32g4xx_hal_dma.o
 .ARM.attributes
                0x000002e7       0x34 ./Drivers/STM32G4xx_HAL_Driver/Src/stm32g4xx_hal_gpio.o
 .ARM.attributes
                0x0000031b       0x34 ./Drivers/STM32G4xx_HAL_Driver/Src/stm32g4xx_hal_i2s.o
 .ARM.attributes
                0x0000034f       0x34 ./Drivers/STM32G4xx_HAL_Driver/Src/stm32g4xx_hal_pwr_ex.o
 .ARM.attributes
                0x00000383       0x34 ./Drivers/STM32G4xx_HAL_Driver/Src/stm32g4xx_hal_rcc.o
 .ARM.attributes
                0x000003b7       0x34 ./Drivers/STM32G4xx_HAL_Driver/Src/stm32g4xx_hal_rcc_ex.o
 .ARM.attributes
                0x000003eb       0x34 ./Drivers/STM32G4xx_HAL_Driver/Src/stm32g4xx_hal_tim.o
 .ARM.attributes
                0x0000041f       0x34 ./Drivers/STM32G4xx_HAL_Driver/Src/stm32g4xx_hal_tim_ex.o
 .ARM.attributes
                0x00000453       0x34 /opt/st/stm32cubeide_1.19.0/plugins/com.st.stm32cube.ide.mcu.externaltools.gnu-tools-for-stm32.13.3.rel1.linux64_1.0.0.202410170706/tools/bin/../lib/gcc/arm-none-eabi/13.3.1/../../../../arm-none-eabi/lib/thumb/v7e-m+fp/hard/libc_nano.a(libc_a-memset.o)
 .ARM.attributes
                0x00000487       0x34 /opt/st/stm32cubeide_1.19.0/plugins/com.st.stm32cube.ide.mcu.externaltools.gnu-tools-for-stm32.13.3.rel1.linux64_1.0.0.202410170706/tools/bin/../lib/gcc/arm-none-eabi/13.3.1/../../../../arm-none-eabi/lib/thumb/v7e-m+fp/hard/libc_nano.a(libc_a-init.o)
 .ARM.attributes
                0x000004bb       0x22 /opt/st/stm32cubeide_1.19.0/plugins/com.st.stm32cube.ide.mcu.externaltools.gnu-tools-for-stm32.13.3.rel1.linux64_1.0.0.202410170706/tools/bin/../lib/gcc/arm-none-eabi/13.3.1/thumb/v7e-m+fp/hard/crtn.o
OUTPUT(VideoStm.elf elf32-littlearm)
LOAD linker stubs
LOAD /opt/st/stm32cubeide_1.19.0/plugins/com.st.stm32cube.ide.mcu.externaltools.gnu-tools-for-stm32.13.3.rel1.linux64_1.0.0.202410170706/tools/bin/../lib/gcc/arm-none-eabi/13.3.1/../../../../arm-none-eabi/lib/thumb/v7e-m+fp/hard/libc.a
LOAD /opt/st/stm32cubeide_1.19.0/plugins/com.st.stm32cube.ide.mcu.externaltools.gnu-tools-for-stm32.13.3.rel1.linux64_1.0.0.202410170706/tools/bin/../lib/gcc/arm-none-eabi/13.3.1/../../../../arm-none-eabi/lib/thumb/v7e-m+fp/hard/libm.a
LOAD /opt/st/stm32cubeide_1.19.0/plugins/com.st.stm32cube.ide.mcu.externaltools.gnu-tools-for-stm32.13.3.rel1.linux64_1.0.0.202410170706/tools/bin/../lib/gcc/arm-none-eabi/13.3.1/thumb/v7e-m+fp/hard/libgcc.a

.debug_info     0x00000000     0xe441
 .debug_info    0x00000000       0xb3 ./Core/Inc/font5x7.o
 .debug_info    0x000000b3       0xb3 ./Core/Inc/font6x10.o
 .debug_info    0x00000166       0xb3 ./Core/Inc/font7x14.o
 .debug_info    0x00000219      0x61c ./Core/Src/gdi.o
 .debug_info    0x00000835     0x1b1e ./Core/Src/main.o
 .debug_info    0x00002353     0x113d ./Core/Src/stm32g4xx_hal_msp.o
 .debug_info    0x00003490      0x517 ./Core/Src/stm32g4xx_it.o
 .debug_info    0x000039a7      0x58e ./Core/Src/system_stm32g4xx.o
 .debug_info    0x00003f35      0x270 ./Core/Src/video.o
 .debug_info    0x000041a5       0x30 ./Core/Startup/startup_stm32g474retx.o
 .debug_info    0x000041d5      0xb95 ./Drivers/STM32G4xx_HAL_Driver/Src/stm32g4xx_hal.o
 .debug_info    0x00004d6a      0xdf9 ./Drivers/STM32G4xx_HAL_Driver/Src/stm32g4xx_hal_cortex.o
 .debug_info    0x00005b63      0x85f ./Drivers/STM32G4xx_HAL_Driver/Src/stm32g4xx_hal_dma.o
 .debug_info    0x000063c2      0x763 ./Drivers/STM32G4xx_HAL_Driver/Src/stm32g4xx_hal_gpio.o
 .debug_info    0x00006b25      0xdd1 ./Drivers/STM32G4xx_HAL_Driver/Src/stm32g4xx_hal_i2s.o
 .debug_info    0x000078f6      0x93f ./Drivers/STM32G4xx_HAL_Driver/Src/stm32g4xx_hal_pwr_ex.o
 .debug_info    0x00008235      0xbe0 ./Drivers/STM32G4xx_HAL_Driver/Src/stm32g4xx_hal_rcc.o
 .debug_info    0x00008e15      0xc45 ./Drivers/STM32G4xx_HAL_Driver/Src/stm32g4xx_hal_rcc_ex.o
 .debug_info    0x00009a5a     0x2c52 ./Drivers/STM32G4xx_HAL_Driver/Src/stm32g4xx_hal_tim.o
 .debug_info    0x0000c6ac     0x1d95 ./Drivers/STM32G4xx_HAL_Driver/Src/stm32g4xx_hal_tim_ex.o

.debug_abbrev   0x00000000     0x258f
 .debug_abbrev  0x00000000       0x63 ./Core/Inc/font5x7.o
 .debug_abbrev  0x00000063       0x63 ./Core/Inc/font6x10.o
 .debug_abbrev  0x000000c6       0x63 ./Core/Inc/font7x14.o
 .debug_abbrev  0x00000129      0x1dc ./Core/Src/gdi.o
 .debug_abbrev  0x00000305      0x3e0 ./Core/Src/main.o
 .debug_abbrev  0x000006e5      0x27a ./Core/Src/stm32g4xx_hal_msp.o
 .debug_abbrev  0x0000095f      0x1af ./Core/Src/stm32g4xx_it.o
 .debug_abbrev  0x00000b0e      0x11a ./Core/Src/system_stm32g4xx.o
 .debug_abbrev  0x00000c28      0x112 ./Core/Src/video.o
 .debug_abbrev  0x00000d3a       0x24 ./Core/Startup/startup_stm32g474retx.o
 .debug_abbrev  0x00000d5e      0x271 ./Drivers/STM32G4xx_HAL_Driver/Src/stm32g4xx_hal.o
 .debug_abbrev  0x00000fcf      0x31c ./Drivers/STM32G4xx_HAL_Driver/Src/stm32g4xx_hal_cortex.o
 .debug_abbrev  0x000012eb      0x1e2 ./Drivers/STM32G4xx_HAL_Driver/Src/stm32g4xx_hal_dma.o
 .debug_abbrev  0x000014cd      0x1cb ./Drivers/STM32G4xx_HAL_Driver/Src/stm32g4xx_hal_gpio.o
 .debug_abbrev  0x00001698      0x23e ./Drivers/STM32G4xx_HAL_Driver/Src/stm32g4xx_hal_i2s.o
 .debug_abbrev  0x000018d6      0x22c ./Drivers/STM32G4xx_HAL_Driver/Src/stm32g4xx_hal_pwr_ex.o
 .debug_abbrev  0x00001b02      0x2c9 ./Drivers/STM32G4xx_HAL_Driver/Src/stm32g4xx_hal_rcc.o
 .debug_abbrev  0x00001dcb      0x258 ./Drivers/STM32G4xx_HAL_Driver/Src/stm32g4xx_hal_rcc_ex.o
 .debug_abbrev  0x00002023      0x2a7 ./Drivers/STM32G4xx_HAL_Driver/Src/stm32g4xx_hal_tim.o
 .debug_abbrev  0x000022ca      0x2c5 ./Drivers/STM32G4xx_HAL_Driver/Src/stm32g4xx_hal_tim_ex.o

.debug_aranges  0x00000000      0xf58
 .debug_aranges
                0x00000000       0x18 ./Core/Inc/font5x7.o
 .debug_aranges
                0x00000018       0x18 ./Core/Inc/font6x10.o
 .debug_aranges
                0x00000030       0x18 ./Core/Inc/font7x14.o
 .debug_aranges
                0x00000048       0x58 ./Core/Src/gdi.o
 .debug_aranges
                0x000000a0       0x78 ./Core/Src/main.o
 .debug_aranges
                0x00000118       0x48 ./Core/Src/stm32g4xx_hal_msp.o
 .debug_aranges
                0x00000160       0x88 ./Core/Src/stm32g4xx_it.o
 .debug_aranges
                0x000001e8       0x28 ./Core/Src/system_stm32g4xx.o
 .debug_aranges
                0x00000210       0x20 ./Core/Src/video.o
 .debug_aranges
                0x00000230       0x28 ./Core/Startup/startup_stm32g474retx.o
 .debug_aranges
                0x00000258      0x148 ./Drivers/STM32G4xx_HAL_Driver/Src/stm32g4xx_hal.o
 .debug_aranges
                0x000003a0      0x128 ./Drivers/STM32G4xx_HAL_Driver/Src/stm32g4xx_hal_cortex.o
 .debug_aranges
                0x000004c8       0x90 ./Drivers/STM32G4xx_HAL_Driver/Src/stm32g4xx_hal_dma.o
 .debug_aranges
                0x00000558       0x58 ./Drivers/STM32G4xx_HAL_Driver/Src/stm32g4xx_hal_gpio.o
 .debug_aranges
                0x000005b0      0x100 ./Drivers/STM32G4xx_HAL_Driver/Src/stm32g4xx_hal_i2s.o
 .debug_aranges
                0x000006b0      0x140 ./Drivers/STM32G4xx_HAL_Driver/Src/stm32g4xx_hal_pwr_ex.o
 .debug_aranges
                0x000007f0       0x98 ./Drivers/STM32G4xx_HAL_Driver/Src/stm32g4xx_hal_rcc.o
 .debug_aranges
                0x00000888       0xb0 ./Drivers/STM32G4xx_HAL_Driver/Src/stm32g4xx_hal_rcc_ex.o
 .debug_aranges
                0x00000938      0x3e0 ./Drivers/STM32G4xx_HAL_Driver/Src/stm32g4xx_hal_tim.o
 .debug_aranges
                0x00000d18      0x240 ./Drivers/STM32G4xx_HAL_Driver/Src/stm32g4xx_hal_tim_ex.o

.debug_macro    0x00000000    0x26af5
 .debug_macro   0x00000000       0x7b ./Core/Inc/font5x7.o
 .debug_macro   0x0000007b      0xad8 ./Core/Inc/font5x7.o
 .debug_macro   0x00000b53       0x22 ./Core/Inc/font5x7.o
 .debug_macro   0x00000b75       0x8e ./Core/Inc/font5x7.o
 .debug_macro   0x00000c03       0x51 ./Core/Inc/font5x7.o
 .debug_macro   0x00000c54      0x103 ./Core/Inc/font5x7.o
 .debug_macro   0x00000d57       0x6a ./Core/Inc/font5x7.o
 .debug_macro   0x00000dc1      0x1df ./Core/Inc/font5x7.o
 .debug_macro   0x00000fa0       0x64 ./Core/Inc/font5x7.o
 .debug_macro   0x00001004      0x688 ./Core/Inc/font5x7.o
 .debug_macro   0x0000168c       0x7b ./Core/Inc/font6x10.o
 .debug_macro   0x00001707       0x7b ./Core/Inc/font7x14.o
 .debug_macro   0x00001782      0x14c ./Core/Src/gdi.o
 .debug_macro   0x000018ce      0x190 ./Core/Src/gdi.o
 .debug_macro   0x00001a5e       0x5b ./Core/Src/gdi.o
 .debug_macro   0x00001ab9       0x2a ./Core/Src/gdi.o
 .debug_macro   0x00001ae3       0x94 ./Core/Src/gdi.o
 .debug_macro   0x00001b77       0x43 ./Core/Src/gdi.o
 .debug_macro   0x00001bba       0x34 ./Core/Src/gdi.o
 .debug_macro   0x00001bee       0x57 ./Core/Src/gdi.o
 .debug_macro   0x00001c45      0x370 ./Core/Src/gdi.o
 .debug_macro   0x00001fb5       0x16 ./Core/Src/gdi.o
 .debug_macro   0x00001fcb       0x4a ./Core/Src/gdi.o
 .debug_macro   0x00002015       0x34 ./Core/Src/gdi.o
 .debug_macro   0x00002049       0x10 ./Core/Src/gdi.o
 .debug_macro   0x00002059       0x58 ./Core/Src/gdi.o
 .debug_macro   0x000020b1       0x8e ./Core/Src/gdi.o
 .debug_macro   0x0000213f       0x1c ./Core/Src/gdi.o
 .debug_macro   0x0000215b      0x185 ./Core/Src/gdi.o
 .debug_macro   0x000022e0       0x10 ./Core/Src/gdi.o
 .debug_macro   0x000022f0       0x3c ./Core/Src/gdi.o
 .debug_macro   0x0000232c       0x20 ./Core/Src/gdi.o
 .debug_macro   0x0000234c       0x64 ./Core/Src/gdi.o
 .debug_macro   0x000023b0       0x6a ./Core/Src/gdi.o
 .debug_macro   0x0000241a      0x307 ./Core/Src/main.o
 .debug_macro   0x00002721      0x15b ./Core/Src/main.o
 .debug_macro   0x0000287c       0x2e ./Core/Src/main.o
 .debug_macro   0x000028aa       0x28 ./Core/Src/main.o
 .debug_macro   0x000028d2       0x1c ./Core/Src/main.o
 .debug_macro   0x000028ee       0x22 ./Core/Src/main.o
 .debug_macro   0x00002910       0xfb ./Core/Src/main.o
 .debug_macro   0x00002a0b     0x1011 ./Core/Src/main.o
 .debug_macro   0x00003a1c      0x11f ./Core/Src/main.o
 .debug_macro   0x00003b3b    0x18b8c ./Core/Src/main.o
 .debug_macro   0x0001c6c7       0x6d ./Core/Src/main.o
 .debug_macro   0x0001c734     0x3558 ./Core/Src/main.o
 .debug_macro   0x0001fc8c       0x5c ./Core/Src/main.o
 .debug_macro   0x0001fce8     0x171f ./Core/Src/main.o
 .debug_macro   0x00021407      0x600 ./Core/Src/main.o
 .debug_macro   0x00021a07      0x1b6 ./Core/Src/main.o
 .debug_macro   0x00021bbd      0x34a ./Core/Src/main.o
 .debug_macro   0x00021f07      0x53c ./Core/Src/main.o
 .debug_macro   0x00022443      0x18b ./Core/Src/main.o
 .debug_macro   0x000225ce       0x43 ./Core/Src/main.o
 .debug_macro   0x00022611      0x23d ./Core/Src/main.o
 .debug_macro   0x0002284e      0x211 ./Core/Src/main.o
 .debug_macro   0x00022a5f      0x45c ./Core/Src/main.o
 .debug_macro   0x00022ebb      0x11c ./Core/Src/main.o
 .debug_macro   0x00022fd7      0x1c3 ./Core/Src/main.o
 .debug_macro   0x0002319a      0x122 ./Core/Src/main.o
 .debug_macro   0x000232bc      0x3d1 ./Core/Src/main.o
 .debug_macro   0x0002368d      0xc0b ./Core/Src/main.o
 .debug_macro   0x00024298      0x718 ./Core/Src/main.o
 .debug_macro   0x000249b0      0x358 ./Core/Src/main.o
 .debug_macro   0x00024d08       0x6a ./Core/Src/main.o
 .debug_macro   0x00024d72       0x61 ./Core/Src/main.o
 .debug_macro   0x00024dd3       0x16 ./Core/Src/main.o
 .debug_macro   0x00024de9       0x16 ./Core/Src/main.o
 .debug_macro   0x00024dff       0x29 ./Core/Src/main.o
 .debug_macro   0x00024e28       0x16 ./Core/Src/main.o
 .debug_macro   0x00024e3e       0x1c ./Core/Src/main.o
 .debug_macro   0x00024e5a       0x10 ./Core/Src/main.o
 .debug_macro   0x00024e6a       0x1c ./Core/Src/main.o
 .debug_macro   0x00024e86       0x16 ./Core/Src/main.o
 .debug_macro   0x00024e9c      0x146 ./Core/Src/main.o
 .debug_macro   0x00024fe2      0x1ce ./Core/Src/stm32g4xx_hal_msp.o
 .debug_macro   0x000251b0      0x1ed ./Core/Src/stm32g4xx_it.o
 .debug_macro   0x0002539d      0x1c4 ./Core/Src/system_stm32g4xx.o
 .debug_macro   0x00025561      0x295 ./Core/Src/video.o
 .debug_macro   0x000257f6       0x56 ./Core/Src/video.o
 .debug_macro   0x0002584c      0x212 ./Drivers/STM32G4xx_HAL_Driver/Src/stm32g4xx_hal.o
 .debug_macro   0x00025a5e      0x1c4 ./Drivers/STM32G4xx_HAL_Driver/Src/stm32g4xx_hal_cortex.o
 .debug_macro   0x00025c22      0x1c4 ./Drivers/STM32G4xx_HAL_Driver/Src/stm32g4xx_hal_dma.o
 .debug_macro   0x00025de6      0x1cb ./Drivers/STM32G4xx_HAL_Driver/Src/stm32g4xx_hal_gpio.o
 .debug_macro   0x00025fb1      0x1cc ./Drivers/STM32G4xx_HAL_Driver/Src/stm32g4xx_hal_i2s.o
 .debug_macro   0x0002617d      0x1ee ./Drivers/STM32G4xx_HAL_Driver/Src/stm32g4xx_hal_pwr_ex.o
 .debug_macro   0x0002636b      0x206 ./Drivers/STM32G4xx_HAL_Driver/Src/stm32g4xx_hal_rcc.o
 .debug_macro   0x00026571      0x1ee ./Drivers/STM32G4xx_HAL_Driver/Src/stm32g4xx_hal_rcc_ex.o
 .debug_macro   0x0002675f      0x1cc ./Drivers/STM32G4xx_HAL_Driver/Src/stm32g4xx_hal_tim.o
 .debug_macro   0x0002692b      0x1ca ./Drivers/STM32G4xx_HAL_Driver/Src/stm32g4xx_hal_tim_ex.o

.debug_line     0x00000000    0x10987
 .debug_line    0x00000000      0x351 ./Core/Inc/font5x7.o
 .debug_line    0x00000351      0x352 ./Core/Inc/font6x10.o
 .debug_line    0x000006a3      0x352 ./Core/Inc/font7x14.o
 .debug_line    0x000009f5      0x87f ./Core/Src/gdi.o
 .debug_line    0x00001274      0xc5d ./Core/Src/main.o
 .debug_line    0x00001ed1      0x857 ./Core/Src/stm32g4xx_hal_msp.o
 .debug_line    0x00002728      0x7c2 ./Core/Src/stm32g4xx_it.o
 .debug_line    0x00002eea      0x6f7 ./Core/Src/system_stm32g4xx.o
 .debug_line    0x000035e1      0x7d2 ./Core/Src/video.o
 .debug_line    0x00003db3       0x7b ./Core/Startup/startup_stm32g474retx.o
 .debug_line    0x00003e2e      0xac3 ./Drivers/STM32G4xx_HAL_Driver/Src/stm32g4xx_hal.o
 .debug_line    0x000048f1      0xc28 ./Drivers/STM32G4xx_HAL_Driver/Src/stm32g4xx_hal_cortex.o
 .debug_line    0x00005519      0xdc2 ./Drivers/STM32G4xx_HAL_Driver/Src/stm32g4xx_hal_dma.o
 .debug_line    0x000062db      0xa9c ./Drivers/STM32G4xx_HAL_Driver/Src/stm32g4xx_hal_gpio.o
 .debug_line    0x00006d77      0xfc7 ./Drivers/STM32G4xx_HAL_Driver/Src/stm32g4xx_hal_i2s.o
 .debug_line    0x00007d3e      0xc22 ./Drivers/STM32G4xx_HAL_Driver/Src/stm32g4xx_hal_pwr_ex.o
 .debug_line    0x00008960      0xf46 ./Drivers/STM32G4xx_HAL_Driver/Src/stm32g4xx_hal_rcc.o
 .debug_line    0x000098a6     0x11bb ./Drivers/STM32G4xx_HAL_Driver/Src/stm32g4xx_hal_rcc_ex.o
 .debug_line    0x0000aa61     0x3f5c ./Drivers/STM32G4xx_HAL_Driver/Src/stm32g4xx_hal_tim.o
 .debug_line    0x0000e9bd     0x1fca ./Drivers/STM32G4xx_HAL_Driver/Src/stm32g4xx_hal_tim_ex.o

.debug_str      0x00000000    0xf7e17
 .debug_str     0x00000000    0xf7e17 ./Core/Inc/font5x7.o
                               0x4d56 (size before relaxing)
 .debug_str     0x000f7e17     0x4d52 ./Core/Inc/font6x10.o
 .debug_str     0x000f7e17     0x4d55 ./Core/Inc/font7x14.o
 .debug_str     0x000f7e17     0x7852 ./Core/Src/gdi.o
 .debug_str     0x000f7e17    0xf36fc ./Core/Src/main.o
 .debug_str     0x000f7e17    0xef2a2 ./Core/Src/stm32g4xx_hal_msp.o
 .debug_str     0x000f7e17    0xeec8f ./Core/Src/stm32g4xx_it.o
 .debug_str     0x000f7e17    0xee81d ./Core/Src/system_stm32g4xx.o
 .debug_str     0x000f7e17    0xf1a50 ./Core/Src/video.o
 .debug_str     0x000f7e17       0x7d ./Core/Startup/startup_stm32g474retx.o
 .debug_str     0x000f7e17    0xef52f ./Drivers/STM32G4xx_HAL_Driver/Src/stm32g4xx_hal.o
 .debug_str     0x000f7e17    0xef1eb ./Drivers/STM32G4xx_HAL_Driver/Src/stm32g4xx_hal_cortex.o
 .debug_str     0x000f7e17    0xeebf7 ./Drivers/STM32G4xx_HAL_Driver/Src/stm32g4xx_hal_dma.o
 .debug_str     0x000f7e17    0xee9a8 ./Drivers/STM32G4xx_HAL_Driver/Src/stm32g4xx_hal_gpio.o
 .debug_str     0x000f7e17    0xeedc4 ./Drivers/STM32G4xx_HAL_Driver/Src/stm32g4xx_hal_i2s.o
 .debug_str     0x000f7e17    0xeed0b ./Drivers/STM32G4xx_HAL_Driver/Src/stm32g4xx_hal_pwr_ex.o
 .debug_str     0x000f7e17    0xeef3c ./Drivers/STM32G4xx_HAL_Driver/Src/stm32g4xx_hal_rcc.o
 .debug_str     0x000f7e17    0xeef66 ./Drivers/STM32G4xx_HAL_Driver/Src/stm32g4xx_hal_rcc_ex.o
 .debug_str     0x000f7e17    0xefd1b ./Drivers/STM32G4xx_HAL_Driver/Src/stm32g4xx_hal_tim.o
 .debug_str     0x000f7e17    0xef98f ./Drivers/STM32G4xx_HAL_Driver/Src/stm32g4xx_hal_tim_ex.o

.comment        0x00000000       0x43
 .comment       0x00000000       0x43 ./Core/Inc/font5x7.o
                                 0x44 (size before relaxing)
 .comment       0x00000043       0x44 ./Core/Inc/font6x10.o
 .comment       0x00000043       0x44 ./Core/Inc/font7x14.o
 .comment       0x00000043       0x44 ./Core/Src/gdi.o
 .comment       0x00000043       0x44 ./Core/Src/main.o
 .comment       0x00000043       0x44 ./Core/Src/stm32g4xx_hal_msp.o
 .comment       0x00000043       0x44 ./Core/Src/stm32g4xx_it.o
 .comment       0x00000043       0x44 ./Core/Src/system_stm32g4xx.o
 .comment       0x00000043       0x44 ./Core/Src/video.o
 .comment       0x00000043       0x44 ./Drivers/STM32G4xx_HAL_Driver/Src/stm32g4xx_hal.o
 .comment       0x00000043       0x44 ./Drivers/STM32G4xx_HAL_Driver/Src/stm32g4xx_hal_cortex.o
 .comment       0x00000043       0x44 ./Drivers/STM32G4xx_HAL_Driver/Src/stm32g4xx_hal_dma.o
 .comment       0x00000043       0x44 ./Drivers/STM32G4xx_HAL_Driver/Src/stm32g4xx_hal_gpio.o
 .comment       0x00000043       0x44 ./Drivers/STM32G4xx_HAL_Driver/Src/stm32g4xx_hal_i2s.o
 .comment       0x00000043       0x44 ./Drivers/STM32G4xx_HAL_Driver/Src/stm32g4xx_hal_pwr_ex.o
 .comment       0x00000043       0x44 ./Drivers/STM32G4xx_HAL_Driver/Src/stm32g4xx_hal_rcc.o
 .comment       0x00000043       0x44 ./Drivers/STM32G4xx_HAL_Driver/Src/stm32g4xx_hal_rcc_ex.o
 .comment       0x00000043       0x44 ./Drivers/STM32G4xx_HAL_Driver/Src/stm32g4xx_hal_tim.o
 .comment       0x00000043       0x44 ./Drivers/STM32G4xx_HAL_Driver/Src/stm32g4xx_hal_tim_ex.o

.debug_rnglists
                0x00000000      0xb97
 .debug_rnglists
                0x00000000       0x41 ./Core/Src/gdi.o
 .debug_rnglists
                0x00000041       0x5b ./Core/Src/main.o
 .debug_rnglists
                0x0000009c       0x34 ./Core/Src/stm32g4xx_hal_msp.o
 .debug_rnglists
                0x000000d0       0x61 ./Core/Src/stm32g4xx_it.o
 .debug_rnglists
                0x00000131       0x1a ./Core/Src/system_stm32g4xx.o
 .debug_rnglists
                0x0000014b       0x13 ./Core/Src/video.o
 .debug_rnglists
                0x0000015e       0x19 ./Core/Startup/startup_stm32g474retx.o
 .debug_rnglists
                0x00000177       0xf1 ./Drivers/STM32G4xx_HAL_Driver/Src/stm32g4xx_hal.o
 .debug_rnglists
                0x00000268       0xda ./Drivers/STM32G4xx_HAL_Driver/Src/stm32g4xx_hal_cortex.o
 .debug_rnglists
                0x00000342       0x71 ./Drivers/STM32G4xx_HAL_Driver/Src/stm32g4xx_hal_dma.o
 .debug_rnglists
                0x000003b3       0x3f ./Drivers/STM32G4xx_HAL_Driver/Src/stm32g4xx_hal_gpio.o
 .debug_rnglists
                0x000003f2       0xc5 ./Drivers/STM32G4xx_HAL_Driver/Src/stm32g4xx_hal_i2s.o
 .debug_rnglists
                0x000004b7       0xf1 ./Drivers/STM32G4xx_HAL_Driver/Src/stm32g4xx_hal_pwr_ex.o
 .debug_rnglists
                0x000005a8       0x74 ./Drivers/STM32G4xx_HAL_Driver/Src/stm32g4xx_hal_rcc.o
 .debug_rnglists
                0x0000061c       0x87 ./Drivers/STM32G4xx_HAL_Driver/Src/stm32g4xx_hal_rcc_ex.o
 .debug_rnglists
                0x000006a3      0x328 ./Drivers/STM32G4xx_HAL_Driver/Src/stm32g4xx_hal_tim.o
 .debug_rnglists
                0x000009cb      0x1cc ./Drivers/STM32G4xx_HAL_Driver/Src/stm32g4xx_hal_tim_ex.o

.debug_frame    0x00000000     0x3e94
 .debug_frame   0x00000000      0x148 ./Core/Src/gdi.o
 .debug_frame   0x00000148      0x1b0 ./Core/Src/main.o
 .debug_frame   0x000002f8       0xec ./Core/Src/stm32g4xx_hal_msp.o
 .debug_frame   0x000003e4      0x194 ./Core/Src/stm32g4xx_it.o
 .debug_frame   0x00000578       0x58 ./Core/Src/system_stm32g4xx.o
 .debug_frame   0x000005d0       0x2c ./Core/Src/video.o
 .debug_frame   0x000005fc      0x500 ./Drivers/STM32G4xx_HAL_Driver/Src/stm32g4xx_hal.o
 .debug_frame   0x00000afc      0x4e8 ./Drivers/STM32G4xx_HAL_Driver/Src/stm32g4xx_hal_cortex.o
 .debug_frame   0x00000fe4      0x24c ./Drivers/STM32G4xx_HAL_Driver/Src/stm32g4xx_hal_dma.o
 .debug_frame   0x00001230      0x14c ./Drivers/STM32G4xx_HAL_Driver/Src/stm32g4xx_hal_gpio.o
 .debug_frame   0x0000137c      0x458 ./Drivers/STM32G4xx_HAL_Driver/Src/stm32g4xx_hal_i2s.o
 .debug_frame   0x000017d4      0x4fc ./Drivers/STM32G4xx_HAL_Driver/Src/stm32g4xx_hal_pwr_ex.o
 .debug_frame   0x00001cd0      0x23c ./Drivers/STM32G4xx_HAL_Driver/Src/stm32g4xx_hal_rcc.o
 .debug_frame   0x00001f0c      0x2ac ./Drivers/STM32G4xx_HAL_Driver/Src/stm32g4xx_hal_rcc_ex.o
 .debug_frame   0x000021b8     0x1220 ./Drivers/STM32G4xx_HAL_Driver/Src/stm32g4xx_hal_tim.o
 .debug_frame   0x000033d8      0xa70 ./Drivers/STM32G4xx_HAL_Driver/Src/stm32g4xx_hal_tim_ex.o
 .debug_frame   0x00003e48       0x20 /opt/st/stm32cubeide_1.19.0/plugins/com.st.stm32cube.ide.mcu.externaltools.gnu-tools-for-stm32.13.3.rel1.linux64_1.0.0.202410170706/tools/bin/../lib/gcc/arm-none-eabi/13.3.1/../../../../arm-none-eabi/lib/thumb/v7e-m+fp/hard/libc_nano.a(libc_a-memset.o)
 .debug_frame   0x00003e68       0x2c /opt/st/stm32cubeide_1.19.0/plugins/com.st.stm32cube.ide.mcu.externaltools.gnu-tools-for-stm32.13.3.rel1.linux64_1.0.0.202410170706/tools/bin/../lib/gcc/arm-none-eabi/13.3.1/../../../../arm-none-eabi/lib/thumb/v7e-m+fp/hard/libc_nano.a(libc_a-init.o)

.debug_line_str
                0x00000000       0x61
 .debug_line_str
                0x00000000       0x61 ./Core/Startup/startup_stm32g474retx.o
