Archive member included to satisfy reference by file (symbol)

/opt/st/stm32cubeide_1.19.0/plugins/com.st.stm32cube.ide.mcu.externaltools.gnu-tools-for-stm32.13.3.rel1.linux64_1.0.0.202410170706/tools/bin/../lib/gcc/arm-none-eabi/13.3.1/../../../../arm-none-eabi/lib/thumb/v7e-m+fp/hard/libc_nano.a(libc_a-exit.o)
                              /opt/st/stm32cubeide_1.19.0/plugins/com.st.stm32cube.ide.mcu.externaltools.gnu-tools-for-stm32.13.3.rel1.linux64_1.0.0.202410170706/tools/bin/../lib/gcc/arm-none-eabi/13.3.1/../../../../arm-none-eabi/lib/thumb/v7e-m+fp/hard/crt0.o (exit)
/opt/st/stm32cubeide_1.19.0/plugins/com.st.stm32cube.ide.mcu.externaltools.gnu-tools-for-stm32.13.3.rel1.linux64_1.0.0.202410170706/tools/bin/../lib/gcc/arm-none-eabi/13.3.1/../../../../arm-none-eabi/lib/thumb/v7e-m+fp/hard/libc_nano.a(libc_a-rand.o)
                              ./Core/Src/main.o (srand)
/opt/st/stm32cubeide_1.19.0/plugins/com.st.stm32cube.ide.mcu.externaltools.gnu-tools-for-stm32.13.3.rel1.linux64_1.0.0.202410170706/tools/bin/../lib/gcc/arm-none-eabi/13.3.1/../../../../arm-none-eabi/lib/thumb/v7e-m+fp/hard/libc_nano.a(libc_a-findfp.o)
                              /opt/st/stm32cubeide_1.19.0/plugins/com.st.stm32cube.ide.mcu.externaltools.gnu-tools-for-stm32.13.3.rel1.linux64_1.0.0.202410170706/tools/bin/../lib/gcc/arm-none-eabi/13.3.1/../../../../arm-none-eabi/lib/thumb/v7e-m+fp/hard/libc_nano.a(libc_a-exit.o) (__stdio_exit_handler)
/opt/st/stm32cubeide_1.19.0/plugins/com.st.stm32cube.ide.mcu.externaltools.gnu-tools-for-stm32.13.3.rel1.linux64_1.0.0.202410170706/tools/bin/../lib/gcc/arm-none-eabi/13.3.1/../../../../arm-none-eabi/lib/thumb/v7e-m+fp/hard/libc_nano.a(libc_a-fwalk.o)
                              /opt/st/stm32cubeide_1.19.0/plugins/com.st.stm32cube.ide.mcu.externaltools.gnu-tools-for-stm32.13.3.rel1.linux64_1.0.0.202410170706/tools/bin/../lib/gcc/arm-none-eabi/13.3.1/../../../../arm-none-eabi/lib/thumb/v7e-m+fp/hard/libc_nano.a(libc_a-findfp.o) (_fwalk_sglue)
/opt/st/stm32cubeide_1.19.0/plugins/com.st.stm32cube.ide.mcu.externaltools.gnu-tools-for-stm32.13.3.rel1.linux64_1.0.0.202410170706/tools/bin/../lib/gcc/arm-none-eabi/13.3.1/../../../../arm-none-eabi/lib/thumb/v7e-m+fp/hard/libc_nano.a(libc_a-stdio.o)
                              /opt/st/stm32cubeide_1.19.0/plugins/com.st.stm32cube.ide.mcu.externaltools.gnu-tools-for-stm32.13.3.rel1.linux64_1.0.0.202410170706/tools/bin/../lib/gcc/arm-none-eabi/13.3.1/../../../../arm-none-eabi/lib/thumb/v7e-m+fp/hard/libc_nano.a(libc_a-findfp.o) (__sread)
/opt/st/stm32cubeide_1.19.0/plugins/com.st.stm32cube.ide.mcu.externaltools.gnu-tools-for-stm32.13.3.rel1.linux64_1.0.0.202410170706/tools/bin/../lib/gcc/arm-none-eabi/13.3.1/../../../../arm-none-eabi/lib/thumb/v7e-m+fp/hard/libc_nano.a(libc_a-memset.o)
                              /opt/st/stm32cubeide_1.19.0/plugins/com.st.stm32cube.ide.mcu.externaltools.gnu-tools-for-stm32.13.3.rel1.linux64_1.0.0.202410170706/tools/bin/../lib/gcc/arm-none-eabi/13.3.1/../../../../arm-none-eabi/lib/thumb/v7e-m+fp/hard/crt0.o (memset)
/opt/st/stm32cubeide_1.19.0/plugins/com.st.stm32cube.ide.mcu.externaltools.gnu-tools-for-stm32.13.3.rel1.linux64_1.0.0.202410170706/tools/bin/../lib/gcc/arm-none-eabi/13.3.1/../../../../arm-none-eabi/lib/thumb/v7e-m+fp/hard/libc_nano.a(libc_a-closer.o)
                              /opt/st/stm32cubeide_1.19.0/plugins/com.st.stm32cube.ide.mcu.externaltools.gnu-tools-for-stm32.13.3.rel1.linux64_1.0.0.202410170706/tools/bin/../lib/gcc/arm-none-eabi/13.3.1/../../../../arm-none-eabi/lib/thumb/v7e-m+fp/hard/libc_nano.a(libc_a-stdio.o) (_close_r)
/opt/st/stm32cubeide_1.19.0/plugins/com.st.stm32cube.ide.mcu.externaltools.gnu-tools-for-stm32.13.3.rel1.linux64_1.0.0.202410170706/tools/bin/../lib/gcc/arm-none-eabi/13.3.1/../../../../arm-none-eabi/lib/thumb/v7e-m+fp/hard/libc_nano.a(libc_a-reent.o)
                              /opt/st/stm32cubeide_1.19.0/plugins/com.st.stm32cube.ide.mcu.externaltools.gnu-tools-for-stm32.13.3.rel1.linux64_1.0.0.202410170706/tools/bin/../lib/gcc/arm-none-eabi/13.3.1/../../../../arm-none-eabi/lib/thumb/v7e-m+fp/hard/libc_nano.a(libc_a-closer.o) (errno)
/opt/st/stm32cubeide_1.19.0/plugins/com.st.stm32cube.ide.mcu.externaltools.gnu-tools-for-stm32.13.3.rel1.linux64_1.0.0.202410170706/tools/bin/../lib/gcc/arm-none-eabi/13.3.1/../../../../arm-none-eabi/lib/thumb/v7e-m+fp/hard/libc_nano.a(libc_a-impure.o)
                              /opt/st/stm32cubeide_1.19.0/plugins/com.st.stm32cube.ide.mcu.externaltools.gnu-tools-for-stm32.13.3.rel1.linux64_1.0.0.202410170706/tools/bin/../lib/gcc/arm-none-eabi/13.3.1/../../../../arm-none-eabi/lib/thumb/v7e-m+fp/hard/libc_nano.a(libc_a-rand.o) (_impure_ptr)
/opt/st/stm32cubeide_1.19.0/plugins/com.st.stm32cube.ide.mcu.externaltools.gnu-tools-for-stm32.13.3.rel1.linux64_1.0.0.202410170706/tools/bin/../lib/gcc/arm-none-eabi/13.3.1/../../../../arm-none-eabi/lib/thumb/v7e-m+fp/hard/libc_nano.a(libc_a-lseekr.o)
[...]
Memory Configuration

Name             Origin             Length             Attributes
RAM              0x20000000         0x00020000         xrw
RAMBB            0x22000000         0x00080000         xrw
FLASH            0x08000000         0x00080000         xr
*default*        0x00000000         0xffffffff

Linker script and memory map

LOAD /opt/st/stm32cubeide_1.19.0/plugins/com.st.stm32cube.ide.mcu.externaltools.gnu-tools-for-stm32.13.3.rel1.linux64_1.0.0.202410170706/tools/bin/../lib/gcc/arm-none-eabi/13.3.1/thumb/v7e-m+fp/hard/crti.o
LOAD /opt/st/stm32cubeide_1.19.0/plugins/com.st.stm32cube.ide.mcu.externaltools.gnu-tools-for-stm32.13.3.rel1.linux64_1.0.0.202410170706/tools/bin/../lib/gcc/arm-none-eabi/13.3.1/thumb/v7e-m+fp/hard/crtbegin.o
LOAD /opt/st/stm32cubeide_1.19.0/plugins/com.st.stm32cube.ide.mcu.externaltools.gnu-tools-for-stm32.13.3.rel1.linux64_1.0.0.202410170706/tools/bin/../lib/gcc/arm-none-eabi/13.3.1/../../../../arm-none-eabi/lib/thumb/v7e-m+fp/hard/crt0.o
LOAD ./Core/Inc/font6x10.o
LOAD ./Core/Src/gdi.o
LOAD ./Core/Src/main.o
LOAD ./Core/Src/show.o
LOAD ./Core/Src/stm32g4xx_hal_msp.o
LOAD ./Core/Src/stm32g4xx_it.o
LOAD ./Core/Src/syscalls.o
LOAD ./Core/Src/sysmem.o
LOAD ./Core/Src/system_stm32g4xx.o
LOAD ./Core/Src/video.o
LOAD ./Core/Startup/startup_stm32g474retx.o
LOAD ./Drivers/STM32G4xx_HAL_Driver/Src/stm32g4xx_hal.o
LOAD ./Drivers/STM32G4xx_HAL_Driver/Src/stm32g4xx_hal_cortex.o
LOAD ./Drivers/STM32G4xx_HAL_Driver/Src/stm32g4xx_hal_dma.o
LOAD ./Drivers/STM32G4xx_HAL_Driver/Src/stm32g4xx_hal_dma_ex.o
LOAD ./Drivers/STM32G4xx_HAL_Driver/Src/stm32g4xx_hal_exti.o
LOAD ./Drivers/STM32G4xx_HAL_Driver/Src/stm32g4xx_hal_flash.o
LOAD ./Drivers/STM32G4xx_HAL_Driver/Src/stm32g4xx_hal_flash_ex.o
LOAD ./Drivers/STM32G4xx_HAL_Driver/Src/stm32g4xx_hal_flash_ramfunc.o
LOAD ./Drivers/STM32G4xx_HAL_Driver/Src/stm32g4xx_hal_gpio.o
LOAD ./Drivers/STM32G4xx_HAL_Driver/Src/stm32g4xx_hal_i2s.o
LOAD ./Drivers/STM32G4xx_HAL_Driver/Src/stm32g4xx_hal_pwr.o
LOAD ./Drivers/STM32G4xx_HAL_Driver/Src/stm32g4xx_hal_pwr_ex.o
LOAD ./Drivers/STM32G4xx_HAL_Driver/Src/stm32g4xx_hal_rcc.o
LOAD ./Drivers/STM32G4xx_HAL_Driver/Src/stm32g4xx_hal_rcc_ex.o
LOAD ./Drivers/STM32G4xx_HAL_Driver/Src/stm32g4xx_hal_tim.o
LOAD ./Drivers/STM32G4xx_HAL_Driver/Src/stm32g4xx_hal_tim_ex.o
START GROUP
LOAD /opt/st/stm32cubeide_1.19.0/plugins/com.st.stm32cube.ide.mcu.externaltools.gnu-tools-for-stm32.13.3.rel1.linux64_1.0.0.202410170706/tools/bin/../lib/gcc/arm-none-eabi/13.3.1/../../../../arm-none-eabi/lib/thumb/v7e-m+fp/hard/libc_nano.a
LOAD /opt/st/stm32cubeide_1.19.0/plugins/com.st.stm32cube.ide.mcu.externaltools.gnu-tools-for-stm32.13.3.rel1.linux64_1.0.0.202410170706/tools/bin/../lib/gcc/arm-none-eabi/13.3.1/../../../../arm-none-eabi/lib/thumb/v7e-m+fp/hard/libm.a
END GROUP
START GROUP
LOAD /opt/st/stm32cubeide_1.19.0/plugins/com.st.stm32cube.ide.mcu.externaltools.gnu-tools-for-stm32.13.3.rel1.linux64_1.0.0.202410170706/tools/bin/../lib/gcc/arm-none-eabi/13.3.1/thumb/v7e-m+fp/hard/libgcc.a
LOAD /opt/st/stm32cubeide_1.19.0/plugins/com.st.stm32cube.ide.mcu.externaltools.gnu-tools-for-stm32.13.3.rel1.linux64_1.0.0.202410170706/tools/bin/../lib/gcc/arm-none-eabi/13.3.1/../../../../arm-none-eabi/lib/thumb/v7e-m+fp/hard/libc_nano.a
END GROUP
START GROUP
LOAD /opt/st/stm32cubeide_1.19.0/plugins/com.st.stm32cube.ide.mcu.externaltools.gnu-tools-for-stm32.13.3.rel1.linux64_1.0.0.202410170706/tools/bin/../lib/gcc/arm-none-eabi/13.3.1/thumb/v7e-m+fp/hard/libgcc.a
LOAD /opt/st/stm32cubeide_1.19.0/plugins/com.st.stm32cube.ide.mcu.externaltools.gnu-tools-for-stm32.13.3.rel1.linux64_1.0.0.202410170706/tools/bin/../lib/gcc/arm-none-eabi/13.3.1/../../../../arm-none-eabi/lib/thumb/v7e-m+fp/hard/libc_nano.a
LOAD /opt/st/stm32cubeide_1.19.0/plugins/com.st.stm32cube.ide.mcu.externaltools.gnu-tools-for-stm32.13.3.rel1.linux64_1.0.0.202410170706/tools/bin/../lib/gcc/arm-none-eabi/13.3.1/../../../../arm-none-eabi/lib/thumb/v7e-m+fp/hard/libnosys.a
END GROUP
START GROUP
LOAD /opt/st/stm32cubeide_1.19.0/plugins/com.st.stm32cube.ide.mcu.externaltools.gnu-tools-for-stm32.13.3.rel1.linux64_1.0.0.202410170706/tools/bin/../lib/gcc/arm-none-eabi/13.3.1/thumb/v7e-m+fp/hard/libgcc.a
LOAD /opt/st/stm32cubeide_1.19.0/plugins/com.st.stm32cube.ide.mcu.externaltools.gnu-tools-for-stm32.13.3.rel1.linux64_1.0.0.202410170706/tools/bin/../lib/gcc/arm-none-eabi/13.3.1/../../../../arm-none-eabi/lib/thumb/v7e-m+fp/hard/libc_nano.a
LOAD /opt/st/stm32cubeide_1.19.0/plugins/com.st.stm32cube.ide.mcu.externaltools.gnu-tools-for-stm32.13.3.rel1.linux64_1.0.0.202410170706/tools/bin/../lib/gcc/arm-none-eabi/13.3.1/../../../../arm-none-eabi/lib/thumb/v7e-m+fp/hard/libnosys.a
END GROUP
LOAD /opt/st/stm32cubeide_1.19.0/plugins/com.st.stm32cube.ide.mcu.externaltools.gnu-tools-for-stm32.13.3.rel1.linux64_1.0.0.202410170706/tools/bin/../lib/gcc/arm-none-eabi/13.3.1/thumb/v7e-m+fp/hard/crtend.o
LOAD /opt/st/stm32cubeide_1.19.0/plugins/com.st.stm32cube.ide.mcu.externaltools.gnu-tools-for-stm32.13.3.rel1.linux64_1.0.0.202410170706/tools/bin/../lib/gcc/arm-none-eabi/13.3.1/thumb/v7e-m+fp/hard/crtn.o
                0x20020000                        _estack = (ORIGIN (RAM) + LENGTH (RAM))
                0x00000200                        _Min_Heap_Size = 0x200
                0x00000400                        _Min_Stack_Size = 0x400

.screen         0x20000000     0x2760
 *(.screen)
 .screen        0x20000000     0x2760 ./Core/Src/video.o
                0x20000000                screen

.isr_vector     0x08000000      0x1d8
                0x08000000                        . = ALIGN (0x4)
 *(.isr_vector)
 .isr_vector    0x08000000      0x1d8 ./Core/Startup/startup_stm32g474retx.o
                0x08000000                g_pfnVectors
                0x080001d8                        . = ALIGN (0x4)

.text           0x080001e0     0x6c5c
                0x080001e0                        . = ALIGN (0x4)
 *(.text)
 .text          0x080001e0       0x40 /opt/st/stm32cubeide_1.19.0/plugins/com.st.stm32cube.ide.mcu.externaltools.gnu-tools-for-stm32.13.3.rel1.linux64_1.0.0.202410170706/tools/bin/../lib/gcc/arm-none-eabi/13.3.1/thumb/v7e-m+fp/hard/crtbegin.o
 .text          0x08000220       0xa0 /opt/st/stm32cubeide_1.19.0/plugins/com.st.stm32cube.ide.mcu.externaltools.gnu-tools-for-stm32.13.3.rel1.linux64_1.0.0.202410170706/tools/bin/../lib/gcc/arm-none-eabi/13.3.1/../../../../arm-none-eabi/lib/thumb/v7e-m+fp/hard/libc_nano.a(libc_a-memchr.o)
                0x08000220                memchr
 *(.text*)
 .text.gdiBitBlt
                0x080002c0      0x604 ./Core/Src/gdi.o
                0x080002c0                gdiBitBlt
 .text.gdiPoint
                0x080008c4       0xcc ./Core/Src/gdi.o
                0x080008c4                gdiPoint
 .text.gdiLine  0x08000990      0x1b8 ./Core/Src/gdi.o
                0x08000990                gdiLine
 .text.gdiRectangle
                0x08000b48       0x8e ./Core/Src/gdi.o
                0x08000b48                gdiRectangle
 *fill*         0x08000bd6        0x2 
 .text.gdiDrawTextEx
                0x08000bd8       0x68 ./Core/Src/gdi.o
                0x08000bd8                gdiDrawTextEx
 .text.DelayMs  0x08000c40       0x38 ./Core/Src/main.o
                0x08000c40                DelayMs
 .text.main     0x08000c78       0x7c ./Core/Src/main.o
                0x08000c78                main
 .text.SystemClock_Config
                0x08000cf4       0x80 ./Core/Src/main.o
                0x08000cf4                SystemClock_Config
 .text.MX_I2S2_Init
                0x08000d74       0x50 ./Core/Src/main.o
 .text.MX_TIM2_Init
                0x08000dc4       0xf8 ./Core/Src/main.o
 .text.MX_TIM3_Init
                0x08000ebc      0x188 ./Core/Src/main.o
 .text.MX_DMA_Init
                0x08001044       0x84 ./Core/Src/main.o
 .text.MX_GPIO_Init
                0x080010c8       0x48 ./Core/Src/main.o
 .text.Error_Handler
                0x08001110        0xc ./Core/Src/main.o
                0x08001110                Error_Handler
 .text.introScreen
                0x0800111c       0x4c ./Core/Src/show.o
                0x0800111c                introScreen
 .text.show     0x08001168      0x2dc ./Core/Src/show.o
                0x08001168                show
 .text.HAL_MspInit
                0x08001444       0x48 ./Core/Src/stm32g4xx_hal_msp.o
                0x08001444                HAL_MspInit
 .text.HAL_I2S_MspInit
                0x0800148c      0x114 ./Core/Src/stm32g4xx_hal_msp.o
                0x0800148c                HAL_I2S_MspInit
 .text.HAL_TIM_Base_MspInit
                0x080015a0      0x1cc ./Core/Src/stm32g4xx_hal_msp.o
                0x080015a0                HAL_TIM_Base_MspInit
 .text.HAL_TIM_MspPostInit
                0x0800176c       0xb4 ./Core/Src/stm32g4xx_hal_msp.o
                0x0800176c                HAL_TIM_MspPostInit
 .text.NMI_Handler
                0x08001820        0x8 ./Core/Src/stm32g4xx_it.o
                0x08001820                NMI_Handler
 .text.HardFault_Handler
                0x08001828        0x8 ./Core/Src/stm32g4xx_it.o
                0x08001828                HardFault_Handler
 .text.MemManage_Handler
                0x08001830        0x8 ./Core/Src/stm32g4xx_it.o
                0x08001830                MemManage_Handler
 .text.BusFault_Handler
                0x08001838        0x8 ./Core/Src/stm32g4xx_it.o
                0x08001838                BusFault_Handler
 .text.UsageFault_Handler
                0x08001840        0x8 ./Core/Src/stm32g4xx_it.o
                0x08001840                UsageFault_Handler
 .text.SVC_Handler
                0x08001848        0xe ./Core/Src/stm32g4xx_it.o
                0x08001848                SVC_Handler
 .text.DebugMon_Handler
                0x08001856        0xe ./Core/Src/stm32g4xx_it.o
                0x08001856                DebugMon_Handler
 .text.PendSV_Handler
                0x08001864        0xe ./Core/Src/stm32g4xx_it.o
                0x08001864                PendSV_Handler
 *fill*         0x08001872        0x2 
 .text.SysTick_Handler
                0x08001874       0x24 ./Core/Src/stm32g4xx_it.o
                0x08001874                SysTick_Handler
 .text.DMA1_Channel2_IRQHandler
                0x08001898       0x14 ./Core/Src/stm32g4xx_it.o
                0x08001898                DMA1_Channel2_IRQHandler
 .text.DMA1_Channel3_IRQHandler
                0x080018ac       0x14 ./Core/Src/stm32g4xx_it.o
                0x080018ac                DMA1_Channel3_IRQHandler
 .text.DMA1_Channel5_IRQHandler
                0x080018c0       0x14 ./Core/Src/stm32g4xx_it.o
                0x080018c0                DMA1_Channel5_IRQHandler
 .text.DMA1_Channel6_IRQHandler
                0x080018d4       0x14 ./Core/Src/stm32g4xx_it.o
                0x080018d4                DMA1_Channel6_IRQHandler
 .text._getpid  0x080018e8       0x10 ./Core/Src/syscalls.o
                0x080018e8                _getpid
 .text._kill    0x080018f8       0x20 ./Core/Src/syscalls.o
                0x080018f8                _kill
 .text._exit    0x08001918       0x16 ./Core/Src/syscalls.o
                0x08001918                _exit
 .text._read    0x0800192e       0x3a ./Core/Src/syscalls.o
                0x0800192e                _read
 .text._write   0x08001968       0x38 ./Core/Src/syscalls.o
                0x08001968                _write
 .text._close   0x080019a0       0x18 ./Core/Src/syscalls.o
                0x080019a0                _close
 .text._fstat   0x080019b8       0x20 ./Core/Src/syscalls.o
                0x080019b8                _fstat
 .text._isatty  0x080019d8       0x16 ./Core/Src/syscalls.o
                0x080019d8                _isatty
 .text._lseek   0x080019ee       0x1a ./Core/Src/syscalls.o
                0x080019ee                _lseek
 .text._sbrk    0x08001a08       0x6c ./Core/Src/sysmem.o
                0x08001a08                _sbrk
 .text.SystemInit
                0x08001a74       0x24 ./Core/Src/system_stm32g4xx.o
                0x08001a74                SystemInit
 .text.vidClearScreen
                0x08001a98       0x18 ./Core/Src/video.o
                0x08001a98                vidClearScreen
 .text.Reset_Handler
                0x08001ab0       0x50 ./Core/Startup/startup_stm32g474retx.o
                0x08001ab0                Reset_Handler
 .text.Default_Handler
                0x08001b00        0x2 ./Core/Startup/startup_stm32g474retx.o
                0x08001b00                RTC_Alarm_IRQHandler
                0x08001b00                EXTI2_IRQHandler
                0x08001b00                TIM8_TRG_COM_IRQHandler
                0x08001b00                TIM8_CC_IRQHandler
                0x08001b00                HRTIM1_Master_IRQHandler
                0x08001b00                SPI4_IRQHandler
                0x08001b00                FDCAN3_IT0_IRQHandler
                0x08001b00                TIM1_CC_IRQHandler
                0x08001b00                HRTIM1_FLT_IRQHandler
                0x08001b00                HRTIM1_TIMF_IRQHandler
                0x08001b00                USB_HP_IRQHandler
                0x08001b00                CORDIC_IRQHandler
                0x08001b00                HRTIM1_TIMD_IRQHandler
                0x08001b00                DMA2_Channel8_IRQHandler
                0x08001b00                EXTI3_IRQHandler
                0x08001b00                I2C3_ER_IRQHandler
                0x08001b00                EXTI0_IRQHandler
                0x08001b00                I2C2_EV_IRQHandler
                0x08001b00                FPU_IRQHandler
                0x08001b00                FDCAN1_IT1_IRQHandler
                0x08001b00                TIM1_UP_TIM16_IRQHandler
                0x08001b00                ADC1_2_IRQHandler
                0x08001b00                HRTIM1_TIME_IRQHandler
                0x08001b00                SPI1_IRQHandler
                0x08001b00                TIM6_DAC_IRQHandler
                0x08001b00                HRTIM1_TIMC_IRQHandler
                0x08001b00                TIM8_UP_IRQHandler
                0x08001b00                DMA2_Channel2_IRQHandler
                0x08001b00                DMA1_Channel4_IRQHandler
                0x08001b00                TIM20_TRG_COM_IRQHandler
                0x08001b00                USART3_IRQHandler
                0x08001b00                DMA1_Channel7_IRQHandler
                0x08001b00                UART5_IRQHandler
                0x08001b00                ADC3_IRQHandler
                0x08001b00                TIM4_IRQHandler
                0x08001b00                DMA2_Channel1_IRQHandler
                0x08001b00                QUADSPI_IRQHandler
                0x08001b00                I2C1_EV_IRQHandler
                0x08001b00                UART4_IRQHandler
                0x08001b00                DMA2_Channel4_IRQHandler
                0x08001b00                TIM3_IRQHandler
                0x08001b00                RCC_IRQHandler
                0x08001b00                TIM20_UP_IRQHandler
                0x08001b00                DMA1_Channel1_IRQHandler
                0x08001b00                Default_Handler
                0x08001b00                DMA2_Channel7_IRQHandler
                0x08001b00                RTC_TAMP_LSECSS_IRQHandler
                0x08001b00                FMAC_IRQHandler
                0x08001b00                EXTI15_10_IRQHandler
                0x08001b00                DMA1_Channel8_IRQHandler
                0x08001b00                HRTIM1_TIMA_IRQHandler
                0x08001b00                TIM7_DAC_IRQHandler
                0x08001b00                FDCAN3_IT1_IRQHandler
                0x08001b00                TIM5_IRQHandler
                0x08001b00                UCPD1_IRQHandler
                0x08001b00                I2C3_EV_IRQHandler
                0x08001b00                EXTI9_5_IRQHandler
                0x08001b00                RTC_WKUP_IRQHandler
                0x08001b00                PVD_PVM_IRQHandler
                0x08001b00                SPI2_IRQHandler
                0x08001b00                ADC5_IRQHandler
                0x08001b00                DMA2_Channel5_IRQHandler
                0x08001b00                CRS_IRQHandler
                0x08001b00                USB_LP_IRQHandler
                0x08001b00                EXTI4_IRQHandler
                0x08001b00                RNG_IRQHandler
                0x08001b00                HRTIM1_TIMB_IRQHandler
                0x08001b00                TIM1_TRG_COM_TIM17_IRQHandler
                0x08001b00                FDCAN2_IT1_IRQHandler
                0x08001b00                ADC4_IRQHandler
                0x08001b00                WWDG_IRQHandler
                0x08001b00                I2C4_EV_IRQHandler
                0x08001b00                FDCAN2_IT0_IRQHandler
                0x08001b00                LPUART1_IRQHandler
                0x08001b00                DMA2_Channel6_IRQHandler
                0x08001b00                FDCAN1_IT0_IRQHandler
                0x08001b00                TIM2_IRQHandler
                0x08001b00                COMP7_IRQHandler
                0x08001b00                COMP1_2_3_IRQHandler
                0x08001b00                EXTI1_IRQHandler
                0x08001b00                USART2_IRQHandler
                0x08001b00                COMP4_5_6_IRQHandler
                0x08001b00                TIM20_BRK_IRQHandler
                0x08001b00                I2C2_ER_IRQHandler
                0x08001b00                TIM8_BRK_IRQHandler
                0x08001b00                FLASH_IRQHandler
                0x08001b00                TIM20_CC_IRQHandler
                0x08001b00                USART1_IRQHandler
                0x08001b00                SPI3_IRQHandler
                0x08001b00                I2C1_ER_IRQHandler
                0x08001b00                FMC_IRQHandler
                0x08001b00                LPTIM1_IRQHandler
                0x08001b00                DMAMUX_OVR_IRQHandler
                0x08001b00                I2C4_ER_IRQHandler
                0x08001b00                USBWakeUp_IRQHandler
                0x08001b00                SAI1_IRQHandler
                0x08001b00                DMA2_Channel3_IRQHandler
                0x08001b00                TIM1_BRK_TIM15_IRQHandler
 .text.HAL_Init
                0x08001b02       0x30 ./Drivers/STM32G4xx_HAL_Driver/Src/stm32g4xx_hal.o
                0x08001b02                HAL_Init
 *fill*         0x08001b32        0x2 
 .text.HAL_InitTick
                0x08001b34       0x74 ./Drivers/STM32G4xx_HAL_Driver/Src/stm32g4xx_hal.o
                0x08001b34                HAL_InitTick
 .text.HAL_IncTick
                0x08001ba8       0x24 ./Drivers/STM32G4xx_HAL_Driver/Src/stm32g4xx_hal.o
                0x08001ba8                HAL_IncTick
 .text.HAL_GetTick
                0x08001bcc       0x18 ./Drivers/STM32G4xx_HAL_Driver/Src/stm32g4xx_hal.o
                0x08001bcc                HAL_GetTick
 .text.__NVIC_SetPriorityGrouping
                0x08001be4       0x48 ./Drivers/STM32G4xx_HAL_Driver/Src/stm32g4xx_hal_cortex.o
 .text.__NVIC_GetPriorityGrouping
                0x08001c2c       0x1c ./Drivers/STM32G4xx_HAL_Driver/Src/stm32g4xx_hal_cortex.o
 .text.__NVIC_EnableIRQ
                0x08001c48       0x3c ./Drivers/STM32G4xx_HAL_Driver/Src/stm32g4xx_hal_cortex.o
 .text.__NVIC_SetPriority
                0x08001c84       0x54 ./Drivers/STM32G4xx_HAL_Driver/Src/stm32g4xx_hal_cortex.o
 .text.NVIC_EncodePriority
                0x08001cd8       0x66 ./Drivers/STM32G4xx_HAL_Driver/Src/stm32g4xx_hal_cortex.o
 *fill*         0x08001d3e        0x2 
 .text.SysTick_Config
                0x08001d40       0x44 ./Drivers/STM32G4xx_HAL_Driver/Src/stm32g4xx_hal_cortex.o
 .text.HAL_NVIC_SetPriorityGrouping
                0x08001d84       0x16 ./Drivers/STM32G4xx_HAL_Driver/Src/stm32g4xx_hal_cortex.o
                0x08001d84                HAL_NVIC_SetPriorityGrouping
 .text.HAL_NVIC_SetPriority
                0x08001d9a       0x34 ./Drivers/STM32G4xx_HAL_Driver/Src/stm32g4xx_hal_cortex.o
                0x08001d9a                HAL_NVIC_SetPriority
 .text.HAL_NVIC_EnableIRQ
                0x08001dce       0x1c ./Drivers/STM32G4xx_HAL_Driver/Src/stm32g4xx_hal_cortex.o
                0x08001dce                HAL_NVIC_EnableIRQ
 .text.HAL_SYSTICK_Config
                0x08001dea       0x18 ./Drivers/STM32G4xx_HAL_Driver/Src/stm32g4xx_hal_cortex.o
                0x08001dea                HAL_SYSTICK_Config
 *fill*         0x08001e02        0x2 
 .text.HAL_DMA_Init
                0x08001e04      0x150 ./Drivers/STM32G4xx_HAL_Driver/Src/stm32g4xx_hal_dma.o
                0x08001e04                HAL_DMA_Init
 .text.HAL_DMA_Start_IT
                0x08001f54       0xf6 ./Drivers/STM32G4xx_HAL_Driver/Src/stm32g4xx_hal_dma.o
                0x08001f54                HAL_DMA_Start_IT
 .text.HAL_DMA_IRQHandler
                0x0800204a      0x15e ./Drivers/STM32G4xx_HAL_Driver/Src/stm32g4xx_hal_dma.o
                0x0800204a                HAL_DMA_IRQHandler
 .text.DMA_SetConfig
                0x080021a8       0x7c ./Drivers/STM32G4xx_HAL_Driver/Src/stm32g4xx_hal_dma.o
 .text.DMA_CalcDMAMUXChannelBaseAndMask
                0x08002224       0x7c ./Drivers/STM32G4xx_HAL_Driver/Src/stm32g4xx_hal_dma.o
 .text.DMA_CalcDMAMUXRequestGenBaseAndMask
                0x080022a0       0x48 ./Drivers/STM32G4xx_HAL_Driver/Src/stm32g4xx_hal_dma.o
 .text.HAL_GPIO_Init
                0x080022e8      0x304 ./Drivers/STM32G4xx_HAL_Driver/Src/stm32g4xx_hal_gpio.o
                0x080022e8                HAL_GPIO_Init
 .text.HAL_I2S_Init
                0x080025ec      0x1c0 ./Drivers/STM32G4xx_HAL_Driver/Src/stm32g4xx_hal_i2s.o
                0x080025ec                HAL_I2S_Init
 .text.HAL_I2S_Transmit_DMA
                0x080027ac      0x148 ./Drivers/STM32G4xx_HAL_Driver/Src/stm32g4xx_hal_i2s.o
                0x080027ac                HAL_I2S_Transmit_DMA
 .text.HAL_I2S_TxHalfCpltCallback
                0x080028f4       0x14 ./Drivers/STM32G4xx_HAL_Driver/Src/stm32g4xx_hal_i2s.o
                0x080028f4                HAL_I2S_TxHalfCpltCallback
 .text.HAL_I2S_TxCpltCallback
                0x08002908       0x14 ./Drivers/STM32G4xx_HAL_Driver/Src/stm32g4xx_hal_i2s.o
                0x08002908                HAL_I2S_TxCpltCallback
 .text.HAL_I2S_ErrorCallback
                0x0800291c       0x14 ./Drivers/STM32G4xx_HAL_Driver/Src/stm32g4xx_hal_i2s.o
                0x0800291c                HAL_I2S_ErrorCallback
 .text.I2S_DMATxCplt
                0x08002930       0x42 ./Drivers/STM32G4xx_HAL_Driver/Src/stm32g4xx_hal_i2s.o
 .text.I2S_DMATxHalfCplt
                0x08002972       0x1c ./Drivers/STM32G4xx_HAL_Driver/Src/stm32g4xx_hal_i2s.o
 .text.I2S_DMAError
                0x0800298e       0x4c ./Drivers/STM32G4xx_HAL_Driver/Src/stm32g4xx_hal_i2s.o
 *fill*         0x080029da        0x2 
 .text.HAL_PWREx_ControlVoltageScaling
                0x080029dc      0x148 ./Drivers/STM32G4xx_HAL_Driver/Src/stm32g4xx_hal_pwr_ex.o
                0x080029dc                HAL_PWREx_ControlVoltageScaling
 .text.HAL_PWREx_DisableUCPDDeadBattery
                0x08002b24       0x20 ./Drivers/STM32G4xx_HAL_Driver/Src/stm32g4xx_hal_pwr_ex.o
                0x08002b24                HAL_PWREx_DisableUCPDDeadBattery
 .text.HAL_RCC_OscConfig
                0x08002b44      0x624 ./Drivers/STM32G4xx_HAL_Driver/Src/stm32g4xx_hal_rcc.o
                0x08002b44                HAL_RCC_OscConfig
 .text.HAL_RCC_ClockConfig
                0x08003168      0x278 ./Drivers/STM32G4xx_HAL_Driver/Src/stm32g4xx_hal_rcc.o
                0x08003168                HAL_RCC_ClockConfig
 .text.HAL_RCC_GetSysClockFreq
                0x080033e0       0xc4 ./Drivers/STM32G4xx_HAL_Driver/Src/stm32g4xx_hal_rcc.o
                0x080033e0                HAL_RCC_GetSysClockFreq
 .text.HAL_RCC_GetHCLKFreq
                0x080034a4       0x18 ./Drivers/STM32G4xx_HAL_Driver/Src/stm32g4xx_hal_rcc.o
                0x080034a4                HAL_RCC_GetHCLKFreq
 .text.HAL_RCC_GetPCLK1Freq
                0x080034bc       0x2c ./Drivers/STM32G4xx_HAL_Driver/Src/stm32g4xx_hal_rcc.o
                0x080034bc                HAL_RCC_GetPCLK1Freq
 .text.HAL_RCC_GetPCLK2Freq
                0x080034e8       0x2c ./Drivers/STM32G4xx_HAL_Driver/Src/stm32g4xx_hal_rcc.o
                0x080034e8                HAL_RCC_GetPCLK2Freq
 .text.RCC_GetSysClockFreqFromPLLSource
                0x08003514       0x8c ./Drivers/STM32G4xx_HAL_Driver/Src/stm32g4xx_hal_rcc.o
 .text.HAL_RCCEx_PeriphCLKConfig
                0x080035a0      0x49c ./Drivers/STM32G4xx_HAL_Driver/Src/stm32g4xx_hal_rcc_ex.o
                0x080035a0                HAL_RCCEx_PeriphCLKConfig
 .text.HAL_RCCEx_GetPeriphCLKFreq
                0x08003a3c      0xa7c ./Drivers/STM32G4xx_HAL_Driver/Src/stm32g4xx_hal_rcc_ex.o
                0x08003a3c                HAL_RCCEx_GetPeriphCLKFreq
 .text.HAL_TIM_Base_Init
                0x080044b8       0xae ./Drivers/STM32G4xx_HAL_Driver/Src/stm32g4xx_hal_tim.o
                0x080044b8                HAL_TIM_Base_Init
 *fill*         0x08004566        0x2 
 .text.HAL_TIM_Base_Start
                0x08004568       0xe0 ./Drivers/STM32G4xx_HAL_Driver/Src/stm32g4xx_hal_tim.o
                0x08004568                HAL_TIM_Base_Start
 .text.HAL_TIM_OC_Init
                0x08004648       0xae ./Drivers/STM32G4xx_HAL_Driver/Src/stm32g4xx_hal_tim.o
                0x08004648                HAL_TIM_OC_Init
 .text.HAL_TIM_OC_MspInit
                0x080046f6       0x14 ./Drivers/STM32G4xx_HAL_Driver/Src/stm32g4xx_hal_tim.o
                0x080046f6                HAL_TIM_OC_MspInit
 *fill*         0x0800470a        0x2 
 .text.HAL_TIM_OC_Start
                0x0800470c      0x224 ./Drivers/STM32G4xx_HAL_Driver/Src/stm32g4xx_hal_tim.o
                0x0800470c                HAL_TIM_OC_Start
 .text.HAL_TIM_PWM_Init
                0x08004930       0xae ./Drivers/STM32G4xx_HAL_Driver/Src/stm32g4xx_hal_tim.o
                0x08004930                HAL_TIM_PWM_Init
 .text.HAL_TIM_PWM_MspInit
                0x080049de       0x14 ./Drivers/STM32G4xx_HAL_Driver/Src/stm32g4xx_hal_tim.o
                0x080049de                HAL_TIM_PWM_MspInit
 *fill*         0x080049f2        0x2 
 .text.HAL_TIM_PWM_Start
                0x080049f4      0x224 ./Drivers/STM32G4xx_HAL_Driver/Src/stm32g4xx_hal_tim.o
                0x080049f4                HAL_TIM_PWM_Start
 .text.HAL_TIM_OC_ConfigChannel
                0x08004c18       0xf4 ./Drivers/STM32G4xx_HAL_Driver/Src/stm32g4xx_hal_tim.o
                0x08004c18                HAL_TIM_OC_ConfigChannel
 .text.HAL_TIM_PWM_ConfigChannel
                0x08004d0c      0x228 ./Drivers/STM32G4xx_HAL_Driver/Src/stm32g4xx_hal_tim.o
                0x08004d0c                HAL_TIM_PWM_ConfigChannel
 .text.HAL_TIM_ConfigClockSource
                0x08004f34      0x22c ./Drivers/STM32G4xx_HAL_Driver/Src/stm32g4xx_hal_tim.o
                0x08004f34                HAL_TIM_ConfigClockSource
 .text.HAL_TIM_SlaveConfigSynchro
                0x08005160       0x84 ./Drivers/STM32G4xx_HAL_Driver/Src/stm32g4xx_hal_tim.o
                0x08005160                HAL_TIM_SlaveConfigSynchro
 .text.TIM_Base_SetConfig
                0x080051e4      0x168 ./Drivers/STM32G4xx_HAL_Driver/Src/stm32g4xx_hal_tim.o
                0x080051e4                TIM_Base_SetConfig
 .text.TIM_OC1_SetConfig
                0x0800534c      0x134 ./Drivers/STM32G4xx_HAL_Driver/Src/stm32g4xx_hal_tim.o
 .text.TIM_OC2_SetConfig
                0x08005480      0x128 ./Drivers/STM32G4xx_HAL_Driver/Src/stm32g4xx_hal_tim.o
                0x08005480                TIM_OC2_SetConfig
 .text.TIM_OC3_SetConfig
                0x080055a8      0x124 ./Drivers/STM32G4xx_HAL_Driver/Src/stm32g4xx_hal_tim.o
 .text.TIM_OC4_SetConfig
                0x080056cc      0x128 ./Drivers/STM32G4xx_HAL_Driver/Src/stm32g4xx_hal_tim.o
 .text.TIM_OC5_SetConfig
                0x080057f4       0xd4 ./Drivers/STM32G4xx_HAL_Driver/Src/stm32g4xx_hal_tim.o
 .text.TIM_OC6_SetConfig
                0x080058c8       0xd8 ./Drivers/STM32G4xx_HAL_Driver/Src/stm32g4xx_hal_tim.o
 .text.TIM_SlaveTimer_SetConfig
                0x080059a0      0x1c0 ./Drivers/STM32G4xx_HAL_Driver/Src/stm32g4xx_hal_tim.o
 .text.TIM_TI1_ConfigInputStage
                0x08005b60       0x5e ./Drivers/STM32G4xx_HAL_Driver/Src/stm32g4xx_hal_tim.o
 .text.TIM_TI2_ConfigInputStage
                0x08005bbe       0x60 ./Drivers/STM32G4xx_HAL_Driver/Src/stm32g4xx_hal_tim.o
 .text.TIM_ITRx_SetConfig
                0x08005c1e       0x3a ./Drivers/STM32G4xx_HAL_Driver/Src/stm32g4xx_hal_tim.o
 .text.TIM_ETR_SetConfig
                0x08005c58       0x40 ./Drivers/STM32G4xx_HAL_Driver/Src/stm32g4xx_hal_tim.o
                0x08005c58                TIM_ETR_SetConfig
 .text.TIM_CCxChannelCmd
                0x08005c98       0x4a ./Drivers/STM32G4xx_HAL_Driver/Src/stm32g4xx_hal_tim.o
                0x08005c98                TIM_CCxChannelCmd
 *fill*         0x08005ce2        0x2 
 .text.HAL_TIMEx_MasterConfigSynchronization
                0x08005ce4      0x12c ./Drivers/STM32G4xx_HAL_Driver/Src/stm32g4xx_hal_tim_ex.o
                0x08005ce4                HAL_TIMEx_MasterConfigSynchronization
 .text.srand    0x08005e10       0x5c /opt/st/stm32cubeide_1.19.0/plugins/com.st.stm32cube.ide.mcu.externaltools.gnu-tools-for-stm32.13.3.rel1.linux64_1.0.0.202410170706/tools/bin/../lib/gcc/arm-none-eabi/13.3.1/../../../../arm-none-eabi/lib/thumb/v7e-m+fp/hard/libc_nano.a(libc_a-rand.o)
                0x08005e10                srand
 .text.rand     0x08005e6c       0x7c /opt/st/stm32cubeide_1.19.0/plugins/com.st.stm32cube.ide.mcu.externaltools.gnu-tools-for-stm32.13.3.rel1.linux64_1.0.0.202410170706/tools/bin/../lib/gcc/arm-none-eabi/13.3.1/../../../../arm-none-eabi/lib/thumb/v7e-m+fp/hard/libc_nano.a(libc_a-rand.o)
                0x08005e6c                rand
 .text.std      0x08005ee8       0x6c /opt/st/stm32cubeide_1.19.0/plugins/com.st.stm32cube.ide.mcu.externaltools.gnu-tools-for-stm32.13.3.rel1.linux64_1.0.0.202410170706/tools/bin/../lib/gcc/arm-none-eabi/13.3.1/../../../../arm-none-eabi/lib/thumb/v7e-m+fp/hard/libc_nano.a(libc_a-findfp.o)
 .text.stdio_exit_handler
                0x08005f54       0x18 /opt/st/stm32cubeide_1.19.0/plugins/com.st.stm32cube.ide.mcu.externaltools.gnu-tools-for-stm32.13.3.rel1.linux64_1.0.0.202410170706/tools/bin/../lib/gcc/arm-none-eabi/13.3.1/../../../../arm-none-eabi/lib/thumb/v7e-m+fp/hard/libc_nano.a(libc_a-findfp.o)
 .text.cleanup_stdio
                0x08005f6c       0x40 /opt/st/stm32cubeide_1.19.0/plugins/com.st.stm32cube.ide.mcu.externaltools.gnu-tools-for-stm32.13.3.rel1.linux64_1.0.0.202410170706/tools/bin/../lib/gcc/arm-none-eabi/13.3.1/../../../../arm-none-eabi/lib/thumb/v7e-m+fp/hard/libc_nano.a(libc_a-findfp.o)
 .text.global_stdio_init.part.0
                0x08005fac       0x3c /opt/st/stm32cubeide_1.19.0/plugins/com.st.stm32cube.ide.mcu.externaltools.gnu-tools-for-stm32.13.3.rel1.linux64_1.0.0.202410170706/tools/bin/../lib/gcc/arm-none-eabi/13.3.1/../../../../arm-none-eabi/lib/thumb/v7e-m+fp/hard/libc_nano.a(libc_a-findfp.o)
 .text.__sfp_lock_acquire
                0x08005fe8        0xc /opt/st/stm32cubeide_1.19.0/plugins/com.st.stm32cube.ide.mcu.externaltools.gnu-tools-for-stm32.13.3.rel1.linux64_1.0.0.202410170706/tools/bin/../lib/gcc/arm-none-eabi/13.3.1/../../../../arm-none-eabi/lib/thumb/v7e-m+fp/hard/libc_nano.a(libc_a-findfp.o)
                0x08005fe8                __sfp_lock_acquire
 .text.__sfp_lock_release
                0x08005ff4        0xc /opt/st/stm32cubeide_1.19.0/plugins/com.st.stm32cube.ide.mcu.externaltools.gnu-tools-for-stm32.13.3.rel1.linux64_1.0.0.202410170706/tools/bin/../lib/gcc/arm-none-eabi/13.3.1/../../../../arm-none-eabi/lib/thumb/v7e-m+fp/hard/libc_nano.a(libc_a-findfp.o)
                0x08005ff4                __sfp_lock_release
 .text.__sinit  0x08006000       0x30 /opt/st/stm32cubeide_1.19.0/plugins/com.st.stm32cube.ide.mcu.externaltools.gnu-tools-for-stm32.13.3.rel1.linux64_1.0.0.202410170706/tools/bin/../lib/gcc/arm-none-eabi/13.3.1/../../../../arm-none-eabi/lib/thumb/v7e-m+fp/hard/libc_nano.a(libc_a-findfp.o)
                0x08006000                __sinit
 .text._fwalk_sglue
                0x08006030       0x3c /opt/st/stm32cubeide_1.19.0/plugins/com.st.stm32cube.ide.mcu.externaltools.gnu-tools-for-stm32.13.3.rel1.linux64_1.0.0.202410170706/tools/bin/../lib/gcc/arm-none-eabi/13.3.1/../../../../arm-none-eabi/lib/thumb/v7e-m+fp/hard/libc_nano.a(libc_a-fwalk.o)
                0x08006030                _fwalk_sglue
 .text.__sread  0x0800606c       0x22 /opt/st/stm32cubeide_1.19.0/plugins/com.st.stm32cube.ide.mcu.externaltools.gnu-tools-for-stm32.13.3.rel1.linux64_1.0.0.202410170706/tools/bin/../lib/gcc/arm-none-eabi/13.3.1/../../../../arm-none-eabi/lib/thumb/v7e-m+fp/hard/libc_nano.a(libc_a-stdio.o)
                0x0800606c                __sread
 .text.__swrite
                0x0800608e       0x38 /opt/st/stm32cubeide_1.19.0/plugins/com.st.stm32cube.ide.mcu.externaltools.gnu-tools-for-stm32.13.3.rel1.linux64_1.0.0.202410170706/tools/bin/../lib/gcc/arm-none-eabi/13.3.1/../../../../arm-none-eabi/lib/thumb/v7e-m+fp/hard/libc_nano.a(libc_a-stdio.o)
                0x0800608e                __swrite
 .text.__sseek  0x080060c6       0x24 /opt/st/stm32cubeide_1.19.0/plugins/com.st.stm32cube.ide.mcu.externaltools.gnu-tools-for-stm32.13.3.rel1.linux64_1.0.0.202410170706/tools/bin/../lib/gcc/arm-none-eabi/13.3.1/../../../../arm-none-eabi/lib/thumb/v7e-m+fp/hard/libc_nano.a(libc_a-stdio.o)
                0x080060c6                __sseek
 .text.__sclose
                0x080060ea        0x8 /opt/st/stm32cubeide_1.19.0/plugins/com.st.stm32cube.ide.mcu.externaltools.gnu-tools-for-stm32.13.3.rel1.linux64_1.0.0.202410170706/tools/bin/../lib/gcc/arm-none-eabi/13.3.1/../../../../arm-none-eabi/lib/thumb/v7e-m+fp/hard/libc_nano.a(libc_a-stdio.o)
                0x080060ea                __sclose
 .text.memset   0x080060f2       0x10 /opt/st/stm32cubeide_1.19.0/plugins/com.st.stm32cube.ide.mcu.externaltools.gnu-tools-for-stm32.13.3.rel1.linux64_1.0.0.202410170706/tools/bin/../lib/gcc/arm-none-eabi/13.3.1/../../../../arm-none-eabi/lib/thumb/v7e-m+fp/hard/libc_nano.a(libc_a-memset.o)
                0x080060f2                memset
 *fill*         0x08006102        0x2 
 .text._close_r
                0x08006104       0x20 /opt/st/stm32cubeide_1.19.0/plugins/com.st.stm32cube.ide.mcu.externaltools.gnu-tools-for-stm32.13.3.rel1.linux64_1.0.0.202410170706/tools/bin/../lib/gcc/arm-none-eabi/13.3.1/../../../../arm-none-eabi/lib/thumb/v7e-m+fp/hard/libc_nano.a(libc_a-closer.o)
                0x08006104                _close_r
 .text._lseek_r
                0x08006124       0x24 /opt/st/stm32cubeide_1.19.0/plugins/com.st.stm32cube.ide.mcu.externaltools.gnu-tools-for-stm32.13.3.rel1.linux64_1.0.0.202410170706/tools/bin/../lib/gcc/arm-none-eabi/13.3.1/../../../../arm-none-eabi/lib/thumb/v7e-m+fp/hard/libc_nano.a(libc_a-lseekr.o)
                0x08006124                _lseek_r
 .text._read_r  0x08006148       0x24 /opt/st/stm32cubeide_1.19.0/plugins/com.st.stm32cube.ide.mcu.externaltools.gnu-tools-for-stm32.13.3.rel1.linux64_1.0.0.202410170706/tools/bin/../lib/gcc/arm-none-eabi/13.3.1/../../../../arm-none-eabi/lib/thumb/v7e-m+fp/hard/libc_nano.a(libc_a-readr.o)
                0x08006148                _read_r
 .text._write_r
                0x0800616c       0x24 /opt/st/stm32cubeide_1.19.0/plugins/com.st.stm32cube.ide.mcu.externaltools.gnu-tools-for-stm32.13.3.rel1.linux64_1.0.0.202410170706/tools/bin/../lib/gcc/arm-none-eabi/13.3.1/../../../../arm-none-eabi/lib/thumb/v7e-m+fp/hard/libc_nano.a(libc_a-writer.o)
                0x0800616c                _write_r
 .text.__errno  0x08006190        0xc /opt/st/stm32cubeide_1.19.0/plugins/com.st.stm32cube.ide.mcu.externaltools.gnu-tools-for-stm32.13.3.rel1.linux64_1.0.0.202410170706/tools/bin/../lib/gcc/arm-none-eabi/13.3.1/../../../../arm-none-eabi/lib/thumb/v7e-m+fp/hard/libc_nano.a(libc_a-errno.o)
                0x08006190                __errno
 .text.__libc_init_array
                0x0800619c       0x48 /opt/st/stm32cubeide_1.19.0/plugins/com.st.stm32cube.ide.mcu.externaltools.gnu-tools-for-stm32.13.3.rel1.linux64_1.0.0.202410170706/tools/bin/../lib/gcc/arm-none-eabi/13.3.1/../../../../arm-none-eabi/lib/thumb/v7e-m+fp/hard/libc_nano.a(libc_a-init.o)
                0x0800619c                __libc_init_array
 .text.__retarget_lock_init_recursive
                0x080061e4        0x2 /opt/st/stm32cubeide_1.19.0/plugins/com.st.stm32cube.ide.mcu.externaltools.gnu-tools-for-stm32.13.3.rel1.linux64_1.0.0.202410170706/tools/bin/../lib/gcc/arm-none-eabi/13.3.1/../../../../arm-none-eabi/lib/thumb/v7e-m+fp/hard/libc_nano.a(libc_a-lock.o)
                0x080061e4                __retarget_lock_init_recursive
 .text.__retarget_lock_acquire_recursive
                0x080061e6        0x2 /opt/st/stm32cubeide_1.19.0/plugins/com.st.stm32cube.ide.mcu.externaltools.gnu-tools-for-stm32.13.3.rel1.linux64_1.0.0.202410170706/tools/bin/../lib/gcc/arm-none-eabi/13.3.1/../../../../arm-none-eabi/lib/thumb/v7e-m+fp/hard/libc_nano.a(libc_a-lock.o)
                0x080061e6                __retarget_lock_acquire_recursive
 .text.__retarget_lock_release_recursive
                0x080061e8        0x2 /opt/st/stm32cubeide_1.19.0/plugins/com.st.stm32cube.ide.mcu.externaltools.gnu-tools-for-stm32.13.3.rel1.linux64_1.0.0.202410170706/tools/bin/../lib/gcc/arm-none-eabi/13.3.1/../../../../arm-none-eabi/lib/thumb/v7e-m+fp/hard/libc_nano.a(libc_a-lock.o)
                0x080061e8                __retarget_lock_release_recursive
 *fill*         0x080061ea        0x2 
 .text.__assert_func
                0x080061ec       0x3c /opt/st/stm32cubeide_1.19.0/plugins/com.st.stm32cube.ide.mcu.externaltools.gnu-tools-for-stm32.13.3.rel1.linux64_1.0.0.202410170706/tools/bin/../lib/gcc/arm-none-eabi/13.3.1/../../../../arm-none-eabi/lib/thumb/v7e-m+fp/hard/libc_nano.a(libc_a-assert.o)
                0x080061ec                __assert_func
 .text._free_r  0x08006228       0x94 /opt/st/stm32cubeide_1.19.0/plugins/com.st.stm32cube.ide.mcu.externaltools.gnu-tools-for-stm32.13.3.rel1.linux64_1.0.0.202410170706/tools/bin/../lib/gcc/arm-none-eabi/13.3.1/../../../../arm-none-eabi/lib/thumb/v7e-m+fp/hard/libc_nano.a(libc_a-freer.o)
                0x08006228                _free_r
 .text.malloc   0x080062bc       0x10 /opt/st/stm32cubeide_1.19.0/plugins/com.st.stm32cube.ide.mcu.externaltools.gnu-tools-for-stm32.13.3.rel1.linux64_1.0.0.202410170706/tools/bin/../lib/gcc/arm-none-eabi/13.3.1/../../../../arm-none-eabi/lib/thumb/v7e-m+fp/hard/libc_nano.a(libc_a-malloc.o)
                0x080062bc                malloc
 .text.sbrk_aligned
                0x080062cc       0x44 /opt/st/stm32cubeide_1.19.0/plugins/com.st.stm32cube.ide.mcu.externaltools.gnu-tools-for-stm32.13.3.rel1.linux64_1.0.0.202410170706/tools/bin/../lib/gcc/arm-none-eabi/13.3.1/../../../../arm-none-eabi/lib/thumb/v7e-m+fp/hard/libc_nano.a(libc_a-mallocr.o)
 .text._malloc_r
                0x08006310      0x100 /opt/st/stm32cubeide_1.19.0/plugins/com.st.stm32cube.ide.mcu.externaltools.gnu-tools-for-stm32.13.3.rel1.linux64_1.0.0.202410170706/tools/bin/../lib/gcc/arm-none-eabi/13.3.1/../../../../arm-none-eabi/lib/thumb/v7e-m+fp/hard/libc_nano.a(libc_a-mallocr.o)
                0x08006310                _malloc_r
 .text.__malloc_lock
                0x08006410        0xc /opt/st/stm32cubeide_1.19.0/plugins/com.st.stm32cube.ide.mcu.externaltools.gnu-tools-for-stm32.13.3.rel1.linux64_1.0.0.202410170706/tools/bin/../lib/gcc/arm-none-eabi/13.3.1/../../../../arm-none-eabi/lib/thumb/v7e-m+fp/hard/libc_nano.a(libc_a-mlock.o)
                0x08006410                __malloc_lock
 .text.__malloc_unlock
                0x0800641c        0xc /opt/st/stm32cubeide_1.19.0/plugins/com.st.stm32cube.ide.mcu.externaltools.gnu-tools-for-stm32.13.3.rel1.linux64_1.0.0.202410170706/tools/bin/../lib/gcc/arm-none-eabi/13.3.1/../../../../arm-none-eabi/lib/thumb/v7e-m+fp/hard/libc_nano.a(libc_a-mlock.o)
                0x0800641c                __malloc_unlock
 .text.__sflush_r
                0x08006428      0x108 /opt/st/stm32cubeide_1.19.0/plugins/com.st.stm32cube.ide.mcu.externaltools.gnu-tools-for-stm32.13.3.rel1.linux64_1.0.0.202410170706/tools/bin/../lib/gcc/arm-none-eabi/13.3.1/../../../../arm-none-eabi/lib/thumb/v7e-m+fp/hard/libc_nano.a(libc_a-fflush.o)
                0x08006428                __sflush_r
 .text._fflush_r
                0x08006530       0x50 /opt/st/stm32cubeide_1.19.0/plugins/com.st.stm32cube.ide.mcu.externaltools.gnu-tools-for-stm32.13.3.rel1.linux64_1.0.0.202410170706/tools/bin/../lib/gcc/arm-none-eabi/13.3.1/../../../../arm-none-eabi/lib/thumb/v7e-m+fp/hard/libc_nano.a(libc_a-fflush.o)
                0x08006530                _fflush_r
 .text.fprintf  0x08006580       0x24 /opt/st/stm32cubeide_1.19.0/plugins/com.st.stm32cube.ide.mcu.externaltools.gnu-tools-for-stm32.13.3.rel1.linux64_1.0.0.202410170706/tools/bin/../lib/gcc/arm-none-eabi/13.3.1/../../../../arm-none-eabi/lib/thumb/v7e-m+fp/hard/libc_nano.a(libc_a-fprintf.o)
                0x08006580                fprintf
                0x08006580                fiprintf
 .text._sbrk_r  0x080065a4       0x20 /opt/st/stm32cubeide_1.19.0/plugins/com.st.stm32cube.ide.mcu.externaltools.gnu-tools-for-stm32.13.3.rel1.linux64_1.0.0.202410170706/tools/bin/../lib/gcc/arm-none-eabi/13.3.1/../../../../arm-none-eabi/lib/thumb/v7e-m+fp/hard/libc_nano.a(libc_a-sbrkr.o)
                0x080065a4                _sbrk_r
 .text.abort    0x080065c4        0xe /opt/st/stm32cubeide_1.19.0/plugins/com.st.stm32cube.ide.mcu.externaltools.gnu-tools-for-stm32.13.3.rel1.linux64_1.0.0.202410170706/tools/bin/../lib/gcc/arm-none-eabi/13.3.1/../../../../arm-none-eabi/lib/thumb/v7e-m+fp/hard/libc_nano.a(libc_a-abort.o)
                0x080065c4                abort
 .text.__sfputc_r
                0x080065d2       0x2e /opt/st/stm32cubeide_1.19.0/plugins/com.st.stm32cube.ide.mcu.externaltools.gnu-tools-for-stm32.13.3.rel1.linux64_1.0.0.202410170706/tools/bin/../lib/gcc/arm-none-eabi/13.3.1/../../../../arm-none-eabi/lib/thumb/v7e-m+fp/hard/libc_nano.a(libc_a-nano-vfprintf.o)
 .text.__sfputs_r
                0x08006600       0x24 /opt/st/stm32cubeide_1.19.0/plugins/com.st.stm32cube.ide.mcu.externaltools.gnu-tools-for-stm32.13.3.rel1.linux64_1.0.0.202410170706/tools/bin/../lib/gcc/arm-none-eabi/13.3.1/../../../../arm-none-eabi/lib/thumb/v7e-m+fp/hard/libc_nano.a(libc_a-nano-vfprintf.o)
                0x08006600                __sfputs_r
 .text._vfprintf_r
                0x08006624      0x230 /opt/st/stm32cubeide_1.19.0/plugins/com.st.stm32cube.ide.mcu.externaltools.gnu-tools-for-stm32.13.3.rel1.linux64_1.0.0.202410170706/tools/bin/../lib/gcc/arm-none-eabi/13.3.1/../../../../arm-none-eabi/lib/thumb/v7e-m+fp/hard/libc_nano.a(libc_a-nano-vfprintf.o)
                0x08006624                _vfiprintf_r
                0x08006624                _vfprintf_r
 .text._printf_common
                0x08006854       0xda /opt/st/stm32cubeide_1.19.0/plugins/com.st.stm32cube.ide.mcu.externaltools.gnu-tools-for-stm32.13.3.rel1.linux64_1.0.0.202410170706/tools/bin/../lib/gcc/arm-none-eabi/13.3.1/../../../../arm-none-eabi/lib/thumb/v7e-m+fp/hard/libc_nano.a(libc_a-nano-vfprintf_i.o)
                0x08006854                _printf_common
 *fill*         0x0800692e        0x2 
 .text._printf_i
                0x08006930      0x23c /opt/st/stm32cubeide_1.19.0/plugins/com.st.stm32cube.ide.mcu.externaltools.gnu-tools-for-stm32.13.3.rel1.linux64_1.0.0.202410170706/tools/bin/../lib/gcc/arm-none-eabi/13.3.1/../../../../arm-none-eabi/lib/thumb/v7e-m+fp/hard/libc_nano.a(libc_a-nano-vfprintf_i.o)
                0x08006930                _printf_i
 .text.__swbuf_r
                0x08006b6c       0x7c /opt/st/stm32cubeide_1.19.0/plugins/com.st.stm32cube.ide.mcu.externaltools.gnu-tools-for-stm32.13.3.rel1.linux64_1.0.0.202410170706/tools/bin/../lib/gcc/arm-none-eabi/13.3.1/../../../../arm-none-eabi/lib/thumb/v7e-m+fp/hard/libc_nano.a(libc_a-wbuf.o)
                0x08006b6c                __swbuf_r
 .text.__swsetup_r
                0x08006be8       0xac /opt/st/stm32cubeide_1.19.0/plugins/com.st.stm32cube.ide.mcu.externaltools.gnu-tools-for-stm32.13.3.rel1.linux64_1.0.0.202410170706/tools/bin/../lib/gcc/arm-none-eabi/13.3.1/../../../../arm-none-eabi/lib/thumb/v7e-m+fp/hard/libc_nano.a(libc_a-wsetup.o)
                0x08006be8                __swsetup_r
 .text._raise_r
                0x08006c94       0x50 /opt/st/stm32cubeide_1.19.0/plugins/com.st.stm32cube.ide.mcu.externaltools.gnu-tools-for-stm32.13.3.rel1.linux64_1.0.0.202410170706/tools/bin/../lib/gcc/arm-none-eabi/13.3.1/../../../../arm-none-eabi/lib/thumb/v7e-m+fp/hard/libc_nano.a(libc_a-signal.o)
                0x08006c94                _raise_r
 .text.raise    0x08006ce4       0x10 /opt/st/stm32cubeide_1.19.0/plugins/com.st.stm32cube.ide.mcu.externaltools.gnu-tools-for-stm32.13.3.rel1.linux64_1.0.0.202410170706/tools/bin/../lib/gcc/arm-none-eabi/13.3.1/../../../../arm-none-eabi/lib/thumb/v7e-m+fp/hard/libc_nano.a(libc_a-signal.o)
                0x08006ce4                raise
 .text._kill_r  0x08006cf4       0x24 /opt/st/stm32cubeide_1.19.0/plugins/com.st.stm32cube.ide.mcu.externaltools.gnu-tools-for-stm32.13.3.rel1.linux64_1.0.0.202410170706/tools/bin/../lib/gcc/arm-none-eabi/13.3.1/../../../../arm-none-eabi/lib/thumb/v7e-m+fp/hard/libc_nano.a(libc_a-signalr.o)
                0x08006cf4                _kill_r
 .text._getpid_r
                0x08006d18        0x4 /opt/st/stm32cubeide_1.19.0/plugins/com.st.stm32cube.ide.mcu.externaltools.gnu-tools-for-stm32.13.3.rel1.linux64_1.0.0.202410170706/tools/bin/../lib/gcc/arm-none-eabi/13.3.1/../../../../arm-none-eabi/lib/thumb/v7e-m+fp/hard/libc_nano.a(libc_a-signalr.o)
                0x08006d18                _getpid_r
 .text.__swhatbuf_r
                0x08006d1c       0x4c /opt/st/stm32cubeide_1.19.0/plugins/com.st.stm32cube.ide.mcu.externaltools.gnu-tools-for-stm32.13.3.rel1.linux64_1.0.0.202410170706/tools/bin/../lib/gcc/arm-none-eabi/13.3.1/../../../../arm-none-eabi/lib/thumb/v7e-m+fp/hard/libc_nano.a(libc_a-makebuf.o)
                0x08006d1c                __swhatbuf_r
 .text.__smakebuf_r
                0x08006d68       0x78 /opt/st/stm32cubeide_1.19.0/plugins/com.st.stm32cube.ide.mcu.externaltools.gnu-tools-for-stm32.13.3.rel1.linux64_1.0.0.202410170706/tools/bin/../lib/gcc/arm-none-eabi/13.3.1/../../../../arm-none-eabi/lib/thumb/v7e-m+fp/hard/libc_nano.a(libc_a-makebuf.o)
                0x08006d68                __smakebuf_r
 .text._fstat_r
                0x08006de0       0x24 /opt/st/stm32cubeide_1.19.0/plugins/com.st.stm32cube.ide.mcu.externaltools.gnu-tools-for-stm32.13.3.rel1.linux64_1.0.0.202410170706/tools/bin/../lib/gcc/arm-none-eabi/13.3.1/../../../../arm-none-eabi/lib/thumb/v7e-m+fp/hard/libc_nano.a(libc_a-fstatr.o)
                0x08006de0                _fstat_r
 .text._isatty_r
                0x08006e04       0x20 /opt/st/stm32cubeide_1.19.0/plugins/com.st.stm32cube.ide.mcu.externaltools.gnu-tools-for-stm32.13.3.rel1.linux64_1.0.0.202410170706/tools/bin/../lib/gcc/arm-none-eabi/13.3.1/../../../../arm-none-eabi/lib/thumb/v7e-m+fp/hard/libc_nano.a(libc_a-isattyr.o)
                0x08006e04                _isatty_r
 *(.glue_7)
 .glue_7        0x08006e24        0x0 linker stubs
 *(.glue_7t)
 .glue_7t       0x08006e24        0x0 linker stubs
 *(.eh_frame)
 .eh_frame      0x08006e24        0x0 /opt/st/stm32cubeide_1.19.0/plugins/com.st.stm32cube.ide.mcu.externaltools.gnu-tools-for-stm32.13.3.rel1.linux64_1.0.0.202410170706/tools/bin/../lib/gcc/arm-none-eabi/13.3.1/thumb/v7e-m+fp/hard/crtbegin.o
 *(.init)
 .init          0x08006e24        0x4 /opt/st/stm32cubeide_1.19.0/plugins/com.st.stm32cube.ide.mcu.externaltools.gnu-tools-for-stm32.13.3.rel1.linux64_1.0.0.202410170706/tools/bin/../lib/gcc/arm-none-eabi/13.3.1/thumb/v7e-m+fp/hard/crti.o
                0x08006e24                _init
 .init          0x08006e28        0x8 /opt/st/stm32cubeide_1.19.0/plugins/com.st.stm32cube.ide.mcu.externaltools.gnu-tools-for-stm32.13.3.rel1.linux64_1.0.0.202410170706/tools/bin/../lib/gcc/arm-none-eabi/13.3.1/thumb/v7e-m+fp/hard/crtn.o
 *(.fini)
 .fini          0x08006e30        0x4 /opt/st/stm32cubeide_1.19.0/plugins/com.st.stm32cube.ide.mcu.externaltools.gnu-tools-for-stm32.13.3.rel1.linux64_1.0.0.202410170706/tools/bin/../lib/gcc/arm-none-eabi/13.3.1/thumb/v7e-m+fp/hard/crti.o
                0x08006e30                _fini
 .fini          0x08006e34        0x8 /opt/st/stm32cubeide_1.19.0/plugins/com.st.stm32cube.ide.mcu.externaltools.gnu-tools-for-stm32.13.3.rel1.linux64_1.0.0.202410170706/tools/bin/../lib/gcc/arm-none-eabi/13.3.1/thumb/v7e-m+fp/hard/crtn.o
                0x08006e3c                        . = ALIGN (0x4)
                0x08006e3c                        _etext = .

.vfp11_veneer   0x08006e3c        0x0
 .vfp11_veneer  0x08006e3c        0x0 linker stubs

.v4_bx          0x08006e3c        0x0
 .v4_bx         0x08006e3c        0x0 linker stubs

.iplt           0x08006e3c        0x0
 .iplt          0x08006e3c        0x0 /opt/st/stm32cubeide_1.19.0/plugins/com.st.stm32cube.ide.mcu.externaltools.gnu-tools-for-stm32.13.3.rel1.linux64_1.0.0.202410170706/tools/bin/../lib/gcc/arm-none-eabi/13.3.1/thumb/v7e-m+fp/hard/crtbegin.o

.rodata         0x08006e3c      0x60c
                0x08006e3c                        . = ALIGN (0x4)
 *(.rodata)
 .rodata        0x08006e3c       0xe9 ./Core/Src/show.o
 *(.rodata*)
 *fill*         0x08006f25        0x3 
 .rodata.gdiSystemFont
                0x08006f28      0x3c0 ./Core/Inc/font6x10.o
                0x08006f28                gdiSystemFont
 .rodata.masktable
                0x080072e8       0x20 ./Core/Src/gdi.o
                0x080072e8                masktable
 .rodata.deBadBoys0
                0x08007308       0x18 ./Core/Src/show.o
                0x08007308                deBadBoys0
 .rodata.deBadBoys1
                0x08007320       0x18 ./Core/Src/show.o
                0x08007320                deBadBoys1
 .rodata.deBadBoys2
                0x08007338       0x18 ./Core/Src/show.o
                0x08007338                deBadBoys2
 .rodata.AHBPrescTable
                0x08007350       0x10 ./Core/Src/system_stm32g4xx.o
                0x08007350                AHBPrescTable
 .rodata.APBPrescTable
                0x08007360        0x8 ./Core/Src/system_stm32g4xx.o
                0x08007360                APBPrescTable
 .rodata.srand.str1.1
                0x08007368       0xde /opt/st/stm32cubeide_1.19.0/plugins/com.st.stm32cube.ide.mcu.externaltools.gnu-tools-for-stm32.13.3.rel1.linux64_1.0.0.202410170706/tools/bin/../lib/gcc/arm-none-eabi/13.3.1/../../../../arm-none-eabi/lib/thumb/v7e-m+fp/hard/libc_nano.a(libc_a-rand.o)
                                 0x6f (size before relaxing)
 .rodata.__assert_func.str1.1
                0x08007446       0x3d /opt/st/stm32cubeide_1.19.0/plugins/com.st.stm32cube.ide.mcu.externaltools.gnu-tools-for-stm32.13.3.rel1.linux64_1.0.0.202410170706/tools/bin/../lib/gcc/arm-none-eabi/13.3.1/../../../../arm-none-eabi/lib/thumb/v7e-m+fp/hard/libc_nano.a(libc_a-assert.o)
 .rodata._vfprintf_r.str1.1
                0x08007446       0x11 /opt/st/stm32cubeide_1.19.0/plugins/com.st.stm32cube.ide.mcu.externaltools.gnu-tools-for-stm32.13.3.rel1.linux64_1.0.0.202410170706/tools/bin/../lib/gcc/arm-none-eabi/13.3.1/../../../../arm-none-eabi/lib/thumb/v7e-m+fp/hard/libc_nano.a(libc_a-nano-vfprintf.o)
 .rodata._printf_i.str1.1
                0x08007446       0x22 /opt/st/stm32cubeide_1.19.0/plugins/com.st.stm32cube.ide.mcu.externaltools.gnu-tools-for-stm32.13.3.rel1.linux64_1.0.0.202410170706/tools/bin/../lib/gcc/arm-none-eabi/13.3.1/../../../../arm-none-eabi/lib/thumb/v7e-m+fp/hard/libc_nano.a(libc_a-nano-vfprintf_i.o)
                0x08007484                        . = ALIGN (0x4)
 *fill*         0x08007446        0x2 

.ARM.extab      0x08007448        0x0
                0x08007448                        . = ALIGN (0x4)
 *(.ARM.extab* .gnu.linkonce.armextab.*)
                0x08007448                        . = ALIGN (0x4)

.ARM            0x08007448        0x8
                0x08007448                        . = ALIGN (0x4)
                0x08007448                        __exidx_start = .
 *(.ARM.exidx*)
 .ARM.exidx     0x08007448        0x8 /opt/st/stm32cubeide_1.19.0/plugins/com.st.stm32cube.ide.mcu.externaltools.gnu-tools-for-stm32.13.3.rel1.linux64_1.0.0.202410170706/tools/bin/../lib/gcc/arm-none-eabi/13.3.1/../../../../arm-none-eabi/lib/thumb/v7e-m+fp/hard/libc_nano.a(libc_a-memchr.o)
                0x08007450                        __exidx_end = .
                0x08007450                        . = ALIGN (0x4)

.preinit_array  0x08007450        0x0
                0x08007450                        . = ALIGN (0x4)
                0x08007450                        PROVIDE (__preinit_array_start = .)
 *(.preinit_array*)
                0x08007450                        PROVIDE (__preinit_array_end = .)
                0x08007450                        . = ALIGN (0x4)

.init_array     0x08007450        0x4
                0x08007450                        . = ALIGN (0x4)
                0x08007450                        PROVIDE (__init_array_start = .)
 *(SORT_BY_NAME(.init_array.*))
 *(.init_array*)
 .init_array    0x08007450        0x4 /opt/st/stm32cubeide_1.19.0/plugins/com.st.stm32cube.ide.mcu.externaltools.gnu-tools-for-stm32.13.3.rel1.linux64_1.0.0.202410170706/tools/bin/../lib/gcc/arm-none-eabi/13.3.1/thumb/v7e-m+fp/hard/crtbegin.o
                0x08007454                        PROVIDE (__init_array_end = .)
                0x08007454                        . = ALIGN (0x4)

.fini_array     0x08007454        0x4
                0x08007454                        . = ALIGN (0x4)
                [!provide]                        PROVIDE (__fini_array_start = .)
 *(SORT_BY_NAME(.fini_array.*))
 *(.fini_array*)
 .fini_array    0x08007454        0x4 /opt/st/stm32cubeide_1.19.0/plugins/com.st.stm32cube.ide.mcu.externaltools.gnu-tools-for-stm32.13.3.rel1.linux64_1.0.0.202410170706/tools/bin/../lib/gcc/arm-none-eabi/13.3.1/thumb/v7e-m+fp/hard/crtbegin.o
                [!provide]                        PROVIDE (__fini_array_end = .)
                0x08007458                        . = ALIGN (0x4)
                0x08007458                        _sidata = LOADADDR (.data)

.rel.dyn        0x08007458        0x0
 .rel.iplt      0x08007458        0x0 /opt/st/stm32cubeide_1.19.0/plugins/com.st.stm32cube.ide.mcu.externaltools.gnu-tools-for-stm32.13.3.rel1.linux64_1.0.0.202410170706/tools/bin/../lib/gcc/arm-none-eabi/13.3.1/thumb/v7e-m+fp/hard/crtbegin.o

.data           0x20002760       0x6c load address 0x08007458
                0x20002760                        . = ALIGN (0x4)
                0x20002760                        _sdata = .
 *(.data)
 *(.data*)
 .data.rop      0x20002760        0x1 ./Core/Src/gdi.o
                0x20002760                rop
 *fill*         0x20002761        0x3 
 .data.SystemCoreClock
                0x20002764        0x4 ./Core/Src/system_stm32g4xx.o
                0x20002764                SystemCoreClock
 .data.uwTickPrio
                0x20002768        0x4 ./Drivers/STM32G4xx_HAL_Driver/Src/stm32g4xx_hal.o
                0x20002768                uwTickPrio
 .data.uwTickFreq
                0x2000276c        0x4 ./Drivers/STM32G4xx_HAL_Driver/Src/stm32g4xx_hal.o
                0x2000276c                uwTickFreq
 .data.__sglue  0x20002770        0xc /opt/st/stm32cubeide_1.19.0/plugins/com.st.stm32cube.ide.mcu.externaltools.gnu-tools-for-stm32.13.3.rel1.linux64_1.0.0.202410170706/tools/bin/../lib/gcc/arm-none-eabi/13.3.1/../../../../arm-none-eabi/lib/thumb/v7e-m+fp/hard/libc_nano.a(libc_a-findfp.o)
                0x20002770                __sglue
 .data._impure_ptr
                0x2000277c        0x4 /opt/st/stm32cubeide_1.19.0/plugins/com.st.stm32cube.ide.mcu.externaltools.gnu-tools-for-stm32.13.3.rel1.linux64_1.0.0.202410170706/tools/bin/../lib/gcc/arm-none-eabi/13.3.1/../../../../arm-none-eabi/lib/thumb/v7e-m+fp/hard/libc_nano.a(libc_a-impure.o)
                0x2000277c                _impure_ptr
 .data._impure_data
                0x20002780       0x4c /opt/st/stm32cubeide_1.19.0/plugins/com.st.stm32cube.ide.mcu.externaltools.gnu-tools-for-stm32.13.3.rel1.linux64_1.0.0.202410170706/tools/bin/../lib/gcc/arm-none-eabi/13.3.1/../../../../arm-none-eabi/lib/thumb/v7e-m+fp/hard/libc_nano.a(libc_a-impure.o)
                0x20002780                _impure_data
 *(.RamFunc)
 *(.RamFunc*)
                0x200027cc                        . = ALIGN (0x4)
                0x200027cc                        _edata = .

.igot.plt       0x200027cc        0x0 load address 0x080074c4
 .igot.plt      0x200027cc        0x0 /opt/st/stm32cubeide_1.19.0/plugins/com.st.stm32cube.ide.mcu.externaltools.gnu-tools-for-stm32.13.3.rel1.linux64_1.0.0.202410170706/tools/bin/../lib/gcc/arm-none-eabi/13.3.1/thumb/v7e-m+fp/hard/crtbegin.o
                0x200027cc                        . = ALIGN (0x4)

.bss            0x200027cc      0x414 load address 0x080074c4
                0x200027cc                        _sbss = .
                0x200027cc                        __bss_start__ = _sbss
 *(.bss)
 .bss           0x200027cc       0x1c /opt/st/stm32cubeide_1.19.0/plugins/com.st.stm32cube.ide.mcu.externaltools.gnu-tools-for-stm32.13.3.rel1.linux64_1.0.0.202410170706/tools/bin/../lib/gcc/arm-none-eabi/13.3.1/thumb/v7e-m+fp/hard/crtbegin.o
 *(.bss*)
 .bss.pattern   0x200027e8        0x4 ./Core/Src/gdi.o
 .bss.bitmask   0x200027ec        0x4 ./Core/Src/gdi.o
 .bss.hi2s2     0x200027f0       0x3c ./Core/Src/main.o
                0x200027f0                hi2s2
 .bss.hdma_spi2_tx
                0x2000282c       0x60 ./Core/Src/main.o
                0x2000282c                hdma_spi2_tx
 .bss.htim2     0x2000288c       0x4c ./Core/Src/main.o
                0x2000288c                htim2
 .bss.htim3     0x200028d8       0x4c ./Core/Src/main.o
                0x200028d8                htim3
 .bss.hdma_tim3_ch1
                0x20002924       0x60 ./Core/Src/main.o
                0x20002924                hdma_tim3_ch1
 .bss.hdma_tim3_ch3
                0x20002984       0x60 ./Core/Src/main.o
                0x20002984                hdma_tim3_ch3
 .bss.hdma_tim3_ch4
                0x200029e4       0x60 ./Core/Src/main.o
                0x200029e4                hdma_tim3_ch4
 .bss.Paused    0x20002a44        0x4 ./Core/Src/main.o
                0x20002a44                Paused
 .bss.TimingDelay
                0x20002a48        0x4 ./Core/Src/main.o
                0x20002a48                TimingDelay
 .bss.__sbrk_heap_end
                0x20002a4c        0x4 ./Core/Src/sysmem.o
 .bss.Vblack    0x20002a50       0x40 ./Core/Src/video.o
                0x20002a50                Vblack
 .bss.uwTick    0x20002a90        0x4 ./Drivers/STM32G4xx_HAL_Driver/Src/stm32g4xx_hal.o
                0x20002a90                uwTick
 .bss.__sf      0x20002a94      0x138 /opt/st/stm32cubeide_1.19.0/plugins/com.st.stm32cube.ide.mcu.externaltools.gnu-tools-for-stm32.13.3.rel1.linux64_1.0.0.202410170706/tools/bin/../lib/gcc/arm-none-eabi/13.3.1/../../../../arm-none-eabi/lib/thumb/v7e-m+fp/hard/libc_nano.a(libc_a-findfp.o)
                0x20002a94                __sf
 .bss.__stdio_exit_handler
                0x20002bcc        0x4 /opt/st/stm32cubeide_1.19.0/plugins/com.st.stm32cube.ide.mcu.externaltools.gnu-tools-for-stm32.13.3.rel1.linux64_1.0.0.202410170706/tools/bin/../lib/gcc/arm-none-eabi/13.3.1/../../../../arm-none-eabi/lib/thumb/v7e-m+fp/hard/libc_nano.a(libc_a-findfp.o)
                0x20002bcc                __stdio_exit_handler
 .bss.errno     0x20002bd0        0x4 /opt/st/stm32cubeide_1.19.0/plugins/com.st.stm32cube.ide.mcu.externaltools.gnu-tools-for-stm32.13.3.rel1.linux64_1.0.0.202410170706/tools/bin/../lib/gcc/arm-none-eabi/13.3.1/../../../../arm-none-eabi/lib/thumb/v7e-m+fp/hard/libc_nano.a(libc_a-reent.o)
                0x20002bd0                errno
 .bss.__lock___malloc_recursive_mutex
                0x20002bd4        0x1 /opt/st/stm32cubeide_1.19.0/plugins/com.st.stm32cube.ide.mcu.externaltools.gnu-tools-for-stm32.13.3.rel1.linux64_1.0.0.202410170706/tools/bin/../lib/gcc/arm-none-eabi/13.3.1/../../../../arm-none-eabi/lib/thumb/v7e-m+fp/hard/libc_nano.a(libc_a-lock.o)
                0x20002bd4                __lock___malloc_recursive_mutex
 .bss.__lock___sfp_recursive_mutex
                0x20002bd5        0x1 /opt/st/stm32cubeide_1.19.0/plugins/com.st.stm32cube.ide.mcu.externaltools.gnu-tools-for-stm32.13.3.rel1.linux64_1.0.0.202410170706/tools/bin/../lib/gcc/arm-none-eabi/13.3.1/../../../../arm-none-eabi/lib/thumb/v7e-m+fp/hard/libc_nano.a(libc_a-lock.o)
                0x20002bd5                __lock___sfp_recursive_mutex
 *fill*         0x20002bd6        0x2 
 .bss.__malloc_sbrk_start
                0x20002bd8        0x4 /opt/st/stm32cubeide_1.19.0/plugins/com.st.stm32cube.ide.mcu.externaltools.gnu-tools-for-stm32.13.3.rel1.linux64_1.0.0.202410170706/tools/bin/../lib/gcc/arm-none-eabi/13.3.1/../../../../arm-none-eabi/lib/thumb/v7e-m+fp/hard/libc_nano.a(libc_a-mallocr.o)
                0x20002bd8                __malloc_sbrk_start
 .bss.__malloc_free_list
                0x20002bdc        0x4 /opt/st/stm32cubeide_1.19.0/plugins/com.st.stm32cube.ide.mcu.externaltools.gnu-tools-for-stm32.13.3.rel1.linux64_1.0.0.202410170706/tools/bin/../lib/gcc/arm-none-eabi/13.3.1/../../../../arm-none-eabi/lib/thumb/v7e-m+fp/hard/libc_nano.a(libc_a-mallocr.o)
                0x20002bdc                __malloc_free_list
 *(COMMON)
                0x20002be0                        . = ALIGN (0x4)
                0x20002be0                        _ebss = .
                0x20002be0                        __bss_end__ = _ebss

._user_heap_stack
                0x20002be0      0x600 load address 0x080074c4
                0x20002be0                        . = ALIGN (0x8)
                [!provide]                        PROVIDE (end = .)
                0x20002be0                        PROVIDE (_end = .)
                0x20002de0                        . = (. + _Min_Heap_Size)
 *fill*         0x20002be0      0x200 
                0x200031e0                        . = (. + _Min_Stack_Size)
 *fill*         0x20002de0      0x400 
                0x200031e0                        . = ALIGN (0x8)

.screenBB       0x22000000    0x4ec00
 *(.screenBB)
 .screenBB      0x22000000    0x4ec00 ./Core/Src/video.o
                0x22000000                screenBB

/DISCARD/
 libc.a(*)
 libm.a(*)
 libgcc.a(*)

.ARM.attributes
                0x00000000       0x30
 *(.ARM.attributes)
 .ARM.attributes
                0x00000000       0x22 /opt/st/stm32cubeide_1.19.0/plugins/com.st.stm32cube.ide.mcu.externaltools.gnu-tools-for-stm32.13.3.rel1.linux64_1.0.0.202410170706/tools/bin/../lib/gcc/arm-none-eabi/13.3.1/thumb/v7e-m+fp/hard/crti.o
 .ARM.attributes
                0x00000022       0x34 /opt/st/stm32cubeide_1.19.0/plugins/com.st.stm32cube.ide.mcu.externaltools.gnu-tools-for-stm32.13.3.rel1.linux64_1.0.0.202410170706/tools/bin/../lib/gcc/arm-none-eabi/13.3.1/thumb/v7e-m+fp/hard/crtbegin.o
 .ARM.attributes
                0x00000056       0x34 ./Core/Inc/font6x10.o
 .ARM.attributes
                0x0000008a       0x34 ./Core/Src/gdi.o
 .ARM.attributes
                0x000000be       0x34 ./Core/Src/main.o
 .ARM.attributes
                0x000000f2       0x34 ./Core/Src/show.o
 .ARM.attributes
                0x00000126       0x34 ./Core/Src/stm32g4xx_hal_msp.o
 .ARM.attributes
                0x0000015a       0x34 ./Core/Src/stm32g4xx_it.o
 .ARM.attributes
                0x0000018e       0x34 ./Core/Src/syscalls.o
 .ARM.attributes
                0x000001c2       0x34 ./Core/Src/sysmem.o
 .ARM.attributes
                0x000001f6       0x34 ./Core/Src/system_stm32g4xx.o
 .ARM.attributes
                0x0000022a       0x34 ./Core/Src/video.o
 .ARM.attributes
                0x0000025e       0x21 ./Core/Startup/startup_stm32g474retx.o
 .ARM.attributes
                0x0000027f       0x34 ./Drivers/STM32G4xx_HAL_Driver/Src/stm32g4xx_hal.o
 .ARM.attributes
                0x000002b3       0x34 ./Drivers/STM32G4xx_HAL_Driver/Src/stm32g4xx_hal_cortex.o
 .ARM.attributes
                0x000002e7       0x34 ./Drivers/STM32G4xx_HAL_Driver/Src/stm32g4xx_hal_dma.o
 .ARM.attributes
                0x0000031b       0x34 ./Drivers/STM32G4xx_HAL_Driver/Src/stm32g4xx_hal_gpio.o
 .ARM.attributes
                0x0000034f       0x34 ./Drivers/STM32G4xx_HAL_Driver/Src/stm32g4xx_hal_i2s.o
 .ARM.attributes
                0x00000383       0x34 ./Drivers/STM32G4xx_HAL_Driver/Src/stm32g4xx_hal_pwr_ex.o
 .ARM.attributes
                0x000003b7       0x34 ./Drivers/STM32G4xx_HAL_Driver/Src/stm32g4xx_hal_rcc.o
 .ARM.attributes
                0x000003eb       0x34 ./Drivers/STM32G4xx_HAL_Driver/Src/stm32g4xx_hal_rcc_ex.o
 .ARM.attributes
                0x0000041f       0x34 ./Drivers/STM32G4xx_HAL_Driver/Src/stm32g4xx_hal_tim.o
 .ARM.attributes
                0x00000453       0x34 ./Drivers/STM32G4xx_HAL_Driver/Src/stm32g4xx_hal_tim_ex.o
 .ARM.attributes
                0x00000487       0x34 /opt/st/stm32cubeide_1.19.0/plugins/com.st.stm32cube.ide.mcu.externaltools.gnu-tools-for-stm32.13.3.rel1.linux64_1.0.0.202410170706/tools/bin/../lib/gcc/arm-none-eabi/13.3.1/../../../../arm-none-eabi/lib/thumb/v7e-m+fp/hard/libc_nano.a(libc_a-rand.o)
 .ARM.attributes
                0x000004bb       0x34 /opt/st/stm32cubeide_1.19.0/plugins/com.st.stm32cube.ide.mcu.externaltools.gnu-tools-for-stm32.13.3.rel1.linux64_1.0.0.202410170706/tools/bin/../lib/gcc/arm-none-eabi/13.3.1/../../../../arm-none-eabi/lib/thumb/v7e-m+fp/hard/libc_nano.a(libc_a-findfp.o)
 .ARM.attributes
                0x000004ef       0x34 /opt/st/stm32cubeide_1.19.0/plugins/com.st.stm32cube.ide.mcu.externaltools.gnu-tools-for-stm32.13.3.rel1.linux64_1.0.0.202410170706/tools/bin/../lib/gcc/arm-none-eabi/13.3.1/../../../../arm-none-eabi/lib/thumb/v7e-m+fp/hard/libc_nano.a(libc_a-fwalk.o)
 .ARM.attributes
                0x00000523       0x34 /opt/st/stm32cubeide_1.19.0/plugins/com.st.stm32cube.ide.mcu.externaltools.gnu-tools-for-stm32.13.3.rel1.linux64_1.0.0.202410170706/tools/bin/../lib/gcc/arm-none-eabi/13.3.1/../../../../arm-none-eabi/lib/thumb/v7e-m+fp/hard/libc_nano.a(libc_a-stdio.o)
 .ARM.attributes
                0x00000557       0x34 /opt/st/stm32cubeide_1.19.0/plugins/com.st.stm32cube.ide.mcu.externaltools.gnu-tools-for-stm32.13.3.rel1.linux64_1.0.0.202410170706/tools/bin/../lib/gcc/arm-none-eabi/13.3.1/../../../../arm-none-eabi/lib/thumb/v7e-m+fp/hard/libc_nano.a(libc_a-memset.o)
 .ARM.attributes
                0x0000058b       0x34 /opt/st/stm32cubeide_1.19.0/plugins/com.st.stm32cube.ide.mcu.externaltools.gnu-tools-for-stm32.13.3.rel1.linux64_1.0.0.202410170706/tools/bin/../lib/gcc/arm-none-eabi/13.3.1/../../../../arm-none-eabi/lib/thumb/v7e-m+fp/hard/libc_nano.a(libc_a-closer.o)
 .ARM.attributes
                0x000005bf       0x34 /opt/st/stm32cubeide_1.19.0/plugins/com.st.stm32cube.ide.mcu.externaltools.gnu-tools-for-stm32.13.3.rel1.linux64_1.0.0.202410170706/tools/bin/../lib/gcc/arm-none-eabi/13.3.1/../../../../arm-none-eabi/lib/thumb/v7e-m+fp/hard/libc_nano.a(libc_a-reent.o)
 .ARM.attributes
                0x000005f3       0x34 /opt/st/stm32cubeide_1.19.0/plugins/com.st.stm32cube.ide.mcu.externaltools.gnu-tools-for-stm32.13.3.rel1.linux64_1.0.0.202410170706/tools/bin/../lib/gcc/arm-none-eabi/13.3.1/../../../../arm-none-eabi/lib/thumb/v7e-m+fp/hard/libc_nano.a(libc_a-impure.o)
 .ARM.attributes
                0x00000627       0x34 /opt/st/stm32cubeide_1.19.0/plugins/com.st.stm32cube.ide.mcu.externaltools.gnu-tools-for-stm32.13.3.rel1.linux64_1.0.0.202410170706/tools/bin/../lib/gcc/arm-none-eabi/13.3.1/../../../../arm-none-eabi/lib/thumb/v7e-m+fp/hard/libc_nano.a(libc_a-lseekr.o)
 .ARM.attributes
                0x0000065b       0x34 /opt/st/stm32cubeide_1.19.0/plugins/com.st.stm32cube.ide.mcu.externaltools.gnu-tools-for-stm32.13.3.rel1.linux64_1.0.0.202410170706/tools/bin/../lib/gcc/arm-none-eabi/13.3.1/../../../../arm-none-eabi/lib/thumb/v7e-m+fp/hard/libc_nano.a(libc_a-readr.o)
 .ARM.attributes
                0x0000068f       0x34 /opt/st/stm32cubeide_1.19.0/plugins/com.st.stm32cube.ide.mcu.externaltools.gnu-tools-for-stm32.13.3.rel1.linux64_1.0.0.202410170706/tools/bin/../lib/gcc/arm-none-eabi/13.3.1/../../../../arm-none-eabi/lib/thumb/v7e-m+fp/hard/libc_nano.a(libc_a-writer.o)
 .ARM.attributes
                0x000006c3       0x34 /opt/st/stm32cubeide_1.19.0/plugins/com.st.stm32cube.ide.mcu.externaltools.gnu-tools-for-stm32.13.3.rel1.linux64_1.0.0.202410170706/tools/bin/../lib/gcc/arm-none-eabi/13.3.1/../../../../arm-none-eabi/lib/thumb/v7e-m+fp/hard/libc_nano.a(libc_a-errno.o)
 .ARM.attributes
                0x000006f7       0x34 /opt/st/stm32cubeide_1.19.0/plugins/com.st.stm32cube.ide.mcu.externaltools.gnu-tools-for-stm32.13.3.rel1.linux64_1.0.0.202410170706/tools/bin/../lib/gcc/arm-none-eabi/13.3.1/../../../../arm-none-eabi/lib/thumb/v7e-m+fp/hard/libc_nano.a(libc_a-init.o)
 .ARM.attributes
                0x0000072b       0x34 /opt/st/stm32cubeide_1.19.0/plugins/com.st.stm32cube.ide.mcu.externaltools.gnu-tools-for-stm32.13.3.rel1.linux64_1.0.0.202410170706/tools/bin/../lib/gcc/arm-none-eabi/13.3.1/../../../../arm-none-eabi/lib/thumb/v7e-m+fp/hard/libc_nano.a(libc_a-lock.o)
 .ARM.attributes
                0x0000075f       0x34 /opt/st/stm32cubeide_1.19.0/plugins/com.st.stm32cube.ide.mcu.externaltools.gnu-tools-for-stm32.13.3.rel1.linux64_1.0.0.202410170706/tools/bin/../lib/gcc/arm-none-eabi/13.3.1/../../../../arm-none-eabi/lib/thumb/v7e-m+fp/hard/libc_nano.a(libc_a-assert.o)
 .ARM.attributes
                0x00000793       0x34 /opt/st/stm32cubeide_1.19.0/plugins/com.st.stm32cube.ide.mcu.externaltools.gnu-tools-for-stm32.13.3.rel1.linux64_1.0.0.202410170706/tools/bin/../lib/gcc/arm-none-eabi/13.3.1/../../../../arm-none-eabi/lib/thumb/v7e-m+fp/hard/libc_nano.a(libc_a-freer.o)
 .ARM.attributes
                0x000007c7       0x34 /opt/st/stm32cubeide_1.19.0/plugins/com.st.stm32cube.ide.mcu.externaltools.gnu-tools-for-stm32.13.3.rel1.linux64_1.0.0.202410170706/tools/bin/../lib/gcc/arm-none-eabi/13.3.1/../../../../arm-none-eabi/lib/thumb/v7e-m+fp/hard/libc_nano.a(libc_a-malloc.o)
 .ARM.attributes
                0x000007fb       0x34 /opt/st/stm32cubeide_1.19.0/plugins/com.st.stm32cube.ide.mcu.externaltools.gnu-tools-for-stm32.13.3.rel1.linux64_1.0.0.202410170706/tools/bin/../lib/gcc/arm-none-eabi/13.3.1/../../../../arm-none-eabi/lib/thumb/v7e-m+fp/hard/libc_nano.a(libc_a-mallocr.o)
 .ARM.attributes
                0x0000082f       0x34 /opt/st/stm32cubeide_1.19.0/plugins/com.st.stm32cube.ide.mcu.externaltools.gnu-tools-for-stm32.13.3.rel1.linux64_1.0.0.202410170706/tools/bin/../lib/gcc/arm-none-eabi/13.3.1/../../../../arm-none-eabi/lib/thumb/v7e-m+fp/hard/libc_nano.a(libc_a-mlock.o)
 .ARM.attributes
                0x00000863       0x34 /opt/st/stm32cubeide_1.19.0/plugins/com.st.stm32cube.ide.mcu.externaltools.gnu-tools-for-stm32.13.3.rel1.linux64_1.0.0.202410170706/tools/bin/../lib/gcc/arm-none-eabi/13.3.1/../../../../arm-none-eabi/lib/thumb/v7e-m+fp/hard/libc_nano.a(libc_a-fflush.o)
 .ARM.attributes
                0x00000897       0x34 /opt/st/stm32cubeide_1.19.0/plugins/com.st.stm32cube.ide.mcu.externaltools.gnu-tools-for-stm32.13.3.rel1.linux64_1.0.0.202410170706/tools/bin/../lib/gcc/arm-none-eabi/13.3.1/../../../../arm-none-eabi/lib/thumb/v7e-m+fp/hard/libc_nano.a(libc_a-fprintf.o)
 .ARM.attributes
                0x000008cb       0x34 /opt/st/stm32cubeide_1.19.0/plugins/com.st.stm32cube.ide.mcu.externaltools.gnu-tools-for-stm32.13.3.rel1.linux64_1.0.0.202410170706/tools/bin/../lib/gcc/arm-none-eabi/13.3.1/../../../../arm-none-eabi/lib/thumb/v7e-m+fp/hard/libc_nano.a(libc_a-sbrkr.o)
 .ARM.attributes
                0x000008ff       0x34 /opt/st/stm32cubeide_1.19.0/plugins/com.st.stm32cube.ide.mcu.externaltools.gnu-tools-for-stm32.13.3.rel1.linux64_1.0.0.202410170706/tools/bin/../lib/gcc/arm-none-eabi/13.3.1/../../../../arm-none-eabi/lib/thumb/v7e-m+fp/hard/libc_nano.a(libc_a-abort.o)
 .ARM.attributes
                0x00000933       0x34 /opt/st/stm32cubeide_1.19.0/plugins/com.st.stm32cube.ide.mcu.externaltools.gnu-tools-for-stm32.13.3.rel1.linux64_1.0.0.202410170706/tools/bin/../lib/gcc/arm-none-eabi/13.3.1/../../../../arm-none-eabi/lib/thumb/v7e-m+fp/hard/libc_nano.a(libc_a-nano-vfprintf.o)
 .ARM.attributes
                0x00000967       0x34 /opt/st/stm32cubeide_1.19.0/plugins/com.st.stm32cube.ide.mcu.externaltools.gnu-tools-for-stm32.13.3.rel1.linux64_1.0.0.202410170706/tools/bin/../lib/gcc/arm-none-eabi/13.3.1/../../../../arm-none-eabi/lib/thumb/v7e-m+fp/hard/libc_nano.a(libc_a-nano-vfprintf_i.o)
 .ARM.attributes
                0x0000099b       0x34 /opt/st/stm32cubeide_1.19.0/plugins/com.st.stm32cube.ide.mcu.externaltools.gnu-tools-for-stm32.13.3.rel1.linux64_1.0.0.202410170706/tools/bin/../lib/gcc/arm-none-eabi/13.3.1/../../../../arm-none-eabi/lib/thumb/v7e-m+fp/hard/libc_nano.a(libc_a-wbuf.o)
 .ARM.attributes
                0x000009cf       0x34 /opt/st/stm32cubeide_1.19.0/plugins/com.st.stm32cube.ide.mcu.externaltools.gnu-tools-for-stm32.13.3.rel1.linux64_1.0.0.202410170706/tools/bin/../lib/gcc/arm-none-eabi/13.3.1/../../../../arm-none-eabi/lib/thumb/v7e-m+fp/hard/libc_nano.a(libc_a-wsetup.o)
 .ARM.attributes
                0x00000a03       0x34 /opt/st/stm32cubeide_1.19.0/plugins/com.st.stm32cube.ide.mcu.externaltools.gnu-tools-for-stm32.13.3.rel1.linux64_1.0.0.202410170706/tools/bin/../lib/gcc/arm-none-eabi/13.3.1/../../../../arm-none-eabi/lib/thumb/v7e-m+fp/hard/libc_nano.a(libc_a-signal.o)
 .ARM.attributes
                0x00000a37       0x34 /opt/st/stm32cubeide_1.19.0/plugins/com.st.stm32cube.ide.mcu.externaltools.gnu-tools-for-stm32.13.3.rel1.linux64_1.0.0.202410170706/tools/bin/../lib/gcc/arm-none-eabi/13.3.1/../../../../arm-none-eabi/lib/thumb/v7e-m+fp/hard/libc_nano.a(libc_a-signalr.o)
 .ARM.attributes
                0x00000a6b       0x1c /opt/st/stm32cubeide_1.19.0/plugins/com.st.stm32cube.ide.mcu.externaltools.gnu-tools-for-stm32.13.3.rel1.linux64_1.0.0.202410170706/tools/bin/../lib/gcc/arm-none-eabi/13.3.1/../../../../arm-none-eabi/lib/thumb/v7e-m+fp/hard/libc_nano.a(libc_a-memchr.o)
 .ARM.attributes
                0x00000a87       0x34 /opt/st/stm32cubeide_1.19.0/plugins/com.st.stm32cube.ide.mcu.externaltools.gnu-tools-for-stm32.13.3.rel1.linux64_1.0.0.202410170706/tools/bin/../lib/gcc/arm-none-eabi/13.3.1/../../../../arm-none-eabi/lib/thumb/v7e-m+fp/hard/libc_nano.a(libc_a-makebuf.o)
 .ARM.attributes
                0x00000abb       0x34 /opt/st/stm32cubeide_1.19.0/plugins/com.st.stm32cube.ide.mcu.externaltools.gnu-tools-for-stm32.13.3.rel1.linux64_1.0.0.202410170706/tools/bin/../lib/gcc/arm-none-eabi/13.3.1/../../../../arm-none-eabi/lib/thumb/v7e-m+fp/hard/libc_nano.a(libc_a-fstatr.o)
 .ARM.attributes
                0x00000aef       0x34 /opt/st/stm32cubeide_1.19.0/plugins/com.st.stm32cube.ide.mcu.externaltools.gnu-tools-for-stm32.13.3.rel1.linux64_1.0.0.202410170706/tools/bin/../lib/gcc/arm-none-eabi/13.3.1/../../../../arm-none-eabi/lib/thumb/v7e-m+fp/hard/libc_nano.a(libc_a-isattyr.o)
 .ARM.attributes
                0x00000b23       0x22 /opt/st/stm32cubeide_1.19.0/plugins/com.st.stm32cube.ide.mcu.externaltools.gnu-tools-for-stm32.13.3.rel1.linux64_1.0.0.202410170706/tools/bin/../lib/gcc/arm-none-eabi/13.3.1/thumb/v7e-m+fp/hard/crtn.o
OUTPUT(VideoStm.elf elf32-littlearm)
LOAD linker stubs
LOAD /opt/st/stm32cubeide_1.19.0/plugins/com.st.stm32cube.ide.mcu.externaltools.gnu-tools-for-stm32.13.3.rel1.linux64_1.0.0.202410170706/tools/bin/../lib/gcc/arm-none-eabi/13.3.1/../../../../arm-none-eabi/lib/thumb/v7e-m+fp/hard/libc.a
LOAD /opt/st/stm32cubeide_1.19.0/plugins/com.st.stm32cube.ide.mcu.externaltools.gnu-tools-for-stm32.13.3.rel1.linux64_1.0.0.202410170706/tools/bin/../lib/gcc/arm-none-eabi/13.3.1/../../../../arm-none-eabi/lib/thumb/v7e-m+fp/hard/libm.a
LOAD /opt/st/stm32cubeide_1.19.0/plugins/com.st.stm32cube.ide.mcu.externaltools.gnu-tools-for-stm32.13.3.rel1.linux64_1.0.0.202410170706/tools/bin/../lib/gcc/arm-none-eabi/13.3.1/thumb/v7e-m+fp/hard/libgcc.a

.debug_info     0x00000000     0xef94
 .debug_info    0x00000000       0xb3 ./Core/Inc/font6x10.o
 .debug_info    0x000000b3      0x545 ./Core/Src/gdi.o
 .debug_info    0x000005f8     0x16d7 ./Core/Src/main.o
 .debug_info    0x00001ccf      0x329 ./Core/Src/show.o
 .debug_info    0x00001ff8     0x113d ./Core/Src/stm32g4xx_hal_msp.o
 .debug_info    0x00003135      0xbc1 ./Core/Src/stm32g4xx_it.o
 .debug_info    0x00003cf6      0x6a3 ./Core/Src/syscalls.o
 .debug_info    0x00004399      0x168 ./Core/Src/sysmem.o
 .debug_info    0x00004501      0x58e ./Core/Src/system_stm32g4xx.o
 .debug_info    0x00004a8f      0x269 ./Core/Src/video.o
 .debug_info    0x00004cf8       0x30 ./Core/Startup/startup_stm32g474retx.o
 .debug_info    0x00004d28      0xb95 ./Drivers/STM32G4xx_HAL_Driver/Src/stm32g4xx_hal.o
 .debug_info    0x000058bd      0xdf9 ./Drivers/STM32G4xx_HAL_Driver/Src/stm32g4xx_hal_cortex.o
 .debug_info    0x000066b6      0x85f ./Drivers/STM32G4xx_HAL_Driver/Src/stm32g4xx_hal_dma.o
 .debug_info    0x00006f15      0x763 ./Drivers/STM32G4xx_HAL_Driver/Src/stm32g4xx_hal_gpio.o
 .debug_info    0x00007678      0xdd1 ./Drivers/STM32G4xx_HAL_Driver/Src/stm32g4xx_hal_i2s.o
 .debug_info    0x00008449      0x93f ./Drivers/STM32G4xx_HAL_Driver/Src/stm32g4xx_hal_pwr_ex.o
 .debug_info    0x00008d88      0xbe0 ./Drivers/STM32G4xx_HAL_Driver/Src/stm32g4xx_hal_rcc.o
 .debug_info    0x00009968      0xc45 ./Drivers/STM32G4xx_HAL_Driver/Src/stm32g4xx_hal_rcc_ex.o
 .debug_info    0x0000a5ad     0x2c52 ./Drivers/STM32G4xx_HAL_Driver/Src/stm32g4xx_hal_tim.o
 .debug_info    0x0000d1ff     0x1d95 ./Drivers/STM32G4xx_HAL_Driver/Src/stm32g4xx_hal_tim_ex.o

.debug_abbrev   0x00000000     0x2876
 .debug_abbrev  0x00000000       0x63 ./Core/Inc/font6x10.o
 .debug_abbrev  0x00000063      0x1d9 ./Core/Src/gdi.o
 .debug_abbrev  0x0000023c      0x338 ./Core/Src/main.o
 .debug_abbrev  0x00000574      0x16e ./Core/Src/show.o
 .debug_abbrev  0x000006e2      0x27a ./Core/Src/stm32g4xx_hal_msp.o
 .debug_abbrev  0x0000095c      0x227 ./Core/Src/stm32g4xx_it.o
 .debug_abbrev  0x00000b83      0x1b6 ./Core/Src/syscalls.o
 .debug_abbrev  0x00000d39       0xbc ./Core/Src/sysmem.o
 .debug_abbrev  0x00000df5      0x11a ./Core/Src/system_stm32g4xx.o
 .debug_abbrev  0x00000f0f      0x112 ./Core/Src/video.o
 .debug_abbrev  0x00001021       0x24 ./Core/Startup/startup_stm32g474retx.o
 .debug_abbrev  0x00001045      0x271 ./Drivers/STM32G4xx_HAL_Driver/Src/stm32g4xx_hal.o
 .debug_abbrev  0x000012b6      0x31c ./Drivers/STM32G4xx_HAL_Driver/Src/stm32g4xx_hal_cortex.o
 .debug_abbrev  0x000015d2      0x1e2 ./Drivers/STM32G4xx_HAL_Driver/Src/stm32g4xx_hal_dma.o
 .debug_abbrev  0x000017b4      0x1cb ./Drivers/STM32G4xx_HAL_Driver/Src/stm32g4xx_hal_gpio.o
 .debug_abbrev  0x0000197f      0x23e ./Drivers/STM32G4xx_HAL_Driver/Src/stm32g4xx_hal_i2s.o
 .debug_abbrev  0x00001bbd      0x22c ./Drivers/STM32G4xx_HAL_Driver/Src/stm32g4xx_hal_pwr_ex.o
 .debug_abbrev  0x00001de9      0x2c9 ./Drivers/STM32G4xx_HAL_Driver/Src/stm32g4xx_hal_rcc.o
 .debug_abbrev  0x000020b2      0x258 ./Drivers/STM32G4xx_HAL_Driver/Src/stm32g4xx_hal_rcc_ex.o
 .debug_abbrev  0x0000230a      0x2a7 ./Drivers/STM32G4xx_HAL_Driver/Src/stm32g4xx_hal_tim.o
 .debug_abbrev  0x000025b1      0x2c5 ./Drivers/STM32G4xx_HAL_Driver/Src/stm32g4xx_hal_tim_ex.o

.debug_aranges  0x00000000      0xff8
 .debug_aranges
                0x00000000       0x18 ./Core/Inc/font6x10.o
 .debug_aranges
                0x00000018       0x48 ./Core/Src/gdi.o
 .debug_aranges
                0x00000060       0x60 ./Core/Src/main.o
 .debug_aranges
                0x000000c0       0x30 ./Core/Src/show.o
 .debug_aranges
                0x000000f0       0x48 ./Core/Src/stm32g4xx_hal_msp.o
 .debug_aranges
                0x00000138       0x88 ./Core/Src/stm32g4xx_it.o
 .debug_aranges
                0x000001c0       0xa8 ./Core/Src/syscalls.o
 .debug_aranges
                0x00000268       0x20 ./Core/Src/sysmem.o
 .debug_aranges
                0x00000288       0x28 ./Core/Src/system_stm32g4xx.o
 .debug_aranges
                0x000002b0       0x20 ./Core/Src/video.o
 .debug_aranges
                0x000002d0       0x28 ./Core/Startup/startup_stm32g474retx.o
 .debug_aranges
                0x000002f8      0x148 ./Drivers/STM32G4xx_HAL_Driver/Src/stm32g4xx_hal.o
 .debug_aranges
                0x00000440      0x128 ./Drivers/STM32G4xx_HAL_Driver/Src/stm32g4xx_hal_cortex.o
 .debug_aranges
                0x00000568       0x90 ./Drivers/STM32G4xx_HAL_Driver/Src/stm32g4xx_hal_dma.o
 .debug_aranges
                0x000005f8       0x58 ./Drivers/STM32G4xx_HAL_Driver/Src/stm32g4xx_hal_gpio.o
 .debug_aranges
                0x00000650      0x100 ./Drivers/STM32G4xx_HAL_Driver/Src/stm32g4xx_hal_i2s.o
 .debug_aranges
                0x00000750      0x140 ./Drivers/STM32G4xx_HAL_Driver/Src/stm32g4xx_hal_pwr_ex.o
 .debug_aranges
                0x00000890       0x98 ./Drivers/STM32G4xx_HAL_Driver/Src/stm32g4xx_hal_rcc.o
 .debug_aranges
                0x00000928       0xb0 ./Drivers/STM32G4xx_HAL_Driver/Src/stm32g4xx_hal_rcc_ex.o
 .debug_aranges
                0x000009d8      0x3e0 ./Drivers/STM32G4xx_HAL_Driver/Src/stm32g4xx_hal_tim.o
 .debug_aranges
                0x00000db8      0x240 ./Drivers/STM32G4xx_HAL_Driver/Src/stm32g4xx_hal_tim_ex.o

.debug_macro    0x00000000    0x27ac3
 .debug_macro   0x00000000       0x7b ./Core/Inc/font6x10.o
 .debug_macro   0x0000007b      0xad8 ./Core/Inc/font6x10.o
 .debug_macro   0x00000b53       0x22 ./Core/Inc/font6x10.o
 .debug_macro   0x00000b75       0x8e ./Core/Inc/font6x10.o
 .debug_macro   0x00000c03       0x51 ./Core/Inc/font6x10.o
 .debug_macro   0x00000c54      0x103 ./Core/Inc/font6x10.o
 .debug_macro   0x00000d57       0x6a ./Core/Inc/font6x10.o
 .debug_macro   0x00000dc1      0x1df ./Core/Inc/font6x10.o
 .debug_macro   0x00000fa0       0x4c ./Core/Inc/font6x10.o
 .debug_macro   0x00000fec      0x688 ./Core/Inc/font6x10.o
 .debug_macro   0x00001674      0x14c ./Core/Src/gdi.o
 .debug_macro   0x000017c0      0x190 ./Core/Src/gdi.o
 .debug_macro   0x00001950       0x5b ./Core/Src/gdi.o
 .debug_macro   0x000019ab       0x2a ./Core/Src/gdi.o
 .debug_macro   0x000019d5       0x94 ./Core/Src/gdi.o
 .debug_macro   0x00001a69       0x43 ./Core/Src/gdi.o
 .debug_macro   0x00001aac       0x34 ./Core/Src/gdi.o
 .debug_macro   0x00001ae0       0x57 ./Core/Src/gdi.o
 .debug_macro   0x00001b37      0x370 ./Core/Src/gdi.o
 .debug_macro   0x00001ea7       0x16 ./Core/Src/gdi.o
 .debug_macro   0x00001ebd       0x4a ./Core/Src/gdi.o
 .debug_macro   0x00001f07       0x34 ./Core/Src/gdi.o
 .debug_macro   0x00001f3b       0x10 ./Core/Src/gdi.o
 .debug_macro   0x00001f4b       0x58 ./Core/Src/gdi.o
 .debug_macro   0x00001fa3       0x8e ./Core/Src/gdi.o
 .debug_macro   0x00002031       0x1c ./Core/Src/gdi.o
 .debug_macro   0x0000204d      0x185 ./Core/Src/gdi.o
 .debug_macro   0x000021d2       0x10 ./Core/Src/gdi.o
 .debug_macro   0x000021e2       0x3c ./Core/Src/gdi.o
 .debug_macro   0x0000221e       0x20 ./Core/Src/gdi.o
 .debug_macro   0x0000223e       0x64 ./Core/Src/gdi.o
 .debug_macro   0x000022a2       0x52 ./Core/Src/gdi.o
 .debug_macro   0x000022f4      0x2de ./Core/Src/main.o
 .debug_macro   0x000025d2      0x15b ./Core/Src/main.o
 .debug_macro   0x0000272d       0x2e ./Core/Src/main.o
 .debug_macro   0x0000275b       0x28 ./Core/Src/main.o
 .debug_macro   0x00002783       0x1c ./Core/Src/main.o
 .debug_macro   0x0000279f       0x22 ./Core/Src/main.o
 .debug_macro   0x000027c1       0xfb ./Core/Src/main.o
 .debug_macro   0x000028bc     0x1011 ./Core/Src/main.o
 .debug_macro   0x000038cd      0x11f ./Core/Src/main.o
 .debug_macro   0x000039ec    0x18b8c ./Core/Src/main.o
 .debug_macro   0x0001c578       0x6d ./Core/Src/main.o
 .debug_macro   0x0001c5e5     0x3558 ./Core/Src/main.o
 .debug_macro   0x0001fb3d       0x5c ./Core/Src/main.o
 .debug_macro   0x0001fb99     0x171f ./Core/Src/main.o
 .debug_macro   0x000212b8      0x600 ./Core/Src/main.o
 .debug_macro   0x000218b8      0x1b6 ./Core/Src/main.o
 .debug_macro   0x00021a6e      0x34a ./Core/Src/main.o
 .debug_macro   0x00021db8      0x53c ./Core/Src/main.o
 .debug_macro   0x000222f4      0x18b ./Core/Src/main.o
 .debug_macro   0x0002247f       0x43 ./Core/Src/main.o
 .debug_macro   0x000224c2      0x23d ./Core/Src/main.o
 .debug_macro   0x000226ff      0x211 ./Core/Src/main.o
 .debug_macro   0x00022910      0x45c ./Core/Src/main.o
 .debug_macro   0x00022d6c      0x11c ./Core/Src/main.o
 .debug_macro   0x00022e88      0x1c3 ./Core/Src/main.o
 .debug_macro   0x0002304b      0x122 ./Core/Src/main.o
 .debug_macro   0x0002316d      0x3d1 ./Core/Src/main.o
 .debug_macro   0x0002353e      0xc0b ./Core/Src/main.o
 .debug_macro   0x00024149      0x718 ./Core/Src/main.o
 .debug_macro   0x00024861      0x358 ./Core/Src/main.o
 .debug_macro   0x00024bb9       0x6a ./Core/Src/main.o
 .debug_macro   0x00024c23       0x61 ./Core/Src/main.o
 .debug_macro   0x00024c84       0x16 ./Core/Src/main.o
 .debug_macro   0x00024c9a       0x16 ./Core/Src/main.o
 .debug_macro   0x00024cb0       0x29 ./Core/Src/main.o
 .debug_macro   0x00024cd9       0x1c ./Core/Src/main.o
 .debug_macro   0x00024cf5       0x10 ./Core/Src/main.o
 .debug_macro   0x00024d05       0x1c ./Core/Src/main.o
 .debug_macro   0x00024d21       0x16 ./Core/Src/main.o
 .debug_macro   0x00024d37      0x146 ./Core/Src/main.o
 .debug_macro   0x00024e7d      0x2dc ./Core/Src/show.o
 .debug_macro   0x00025159       0x16 ./Core/Src/show.o
 .debug_macro   0x0002516f      0x1ce ./Core/Src/stm32g4xx_hal_msp.o
 .debug_macro   0x0002533d      0x1e1 ./Core/Src/stm32g4xx_it.o
 .debug_macro   0x0002551e      0x274 ./Core/Src/syscalls.o
 .debug_macro   0x00025792       0x10 ./Core/Src/syscalls.o
 .debug_macro   0x000257a2       0x10 ./Core/Src/syscalls.o
 .debug_macro   0x000257b2       0x10 ./Core/Src/syscalls.o
 .debug_macro   0x000257c2       0x10 ./Core/Src/syscalls.o
 .debug_macro   0x000257d2       0x1c ./Core/Src/syscalls.o
 .debug_macro   0x000257ee       0x52 ./Core/Src/syscalls.o
 .debug_macro   0x00025840       0x22 ./Core/Src/syscalls.o
 .debug_macro   0x00025862       0x10 ./Core/Src/syscalls.o
 .debug_macro   0x00025872       0x52 ./Core/Src/syscalls.o
 .debug_macro   0x000258c4       0xcf ./Core/Src/syscalls.o
 .debug_macro   0x00025993       0x1c ./Core/Src/syscalls.o
 .debug_macro   0x000259af       0x3d ./Core/Src/syscalls.o
 .debug_macro   0x000259ec       0x35 ./Core/Src/syscalls.o
 .debug_macro   0x00025a21      0x12c ./Core/Src/syscalls.o
 .debug_macro   0x00025b4d       0x10 ./Core/Src/syscalls.o
 .debug_macro   0x00025b5d      0x242 ./Core/Src/syscalls.o
 .debug_macro   0x00025d9f       0x10 ./Core/Src/syscalls.o
 .debug_macro   0x00025daf      0x18a ./Core/Src/syscalls.o
 .debug_macro   0x00025f39       0x16 ./Core/Src/syscalls.o
 .debug_macro   0x00025f4f       0xce ./Core/Src/syscalls.o
 .debug_macro   0x0002601d      0x112 ./Core/Src/sysmem.o
 .debug_macro   0x0002612f      0x23c ./Core/Src/sysmem.o
 .debug_macro   0x0002636b      0x1c4 ./Core/Src/system_stm32g4xx.o
 .debug_macro   0x0002652f      0x295 ./Core/Src/video.o
 .debug_macro   0x000267c4       0x56 ./Core/Src/video.o
 .debug_macro   0x0002681a      0x212 ./Drivers/STM32G4xx_HAL_Driver/Src/stm32g4xx_hal.o
 .debug_macro   0x00026a2c      0x1c4 ./Drivers/STM32G4xx_HAL_Driver/Src/stm32g4xx_hal_cortex.o
 .debug_macro   0x00026bf0      0x1c4 ./Drivers/STM32G4xx_HAL_Driver/Src/stm32g4xx_hal_dma.o
 .debug_macro   0x00026db4      0x1cb ./Drivers/STM32G4xx_HAL_Driver/Src/stm32g4xx_hal_gpio.o
 .debug_macro   0x00026f7f      0x1cc ./Drivers/STM32G4xx_HAL_Driver/Src/stm32g4xx_hal_i2s.o
 .debug_macro   0x0002714b      0x1ee ./Drivers/STM32G4xx_HAL_Driver/Src/stm32g4xx_hal_pwr_ex.o
 .debug_macro   0x00027339      0x206 ./Drivers/STM32G4xx_HAL_Driver/Src/stm32g4xx_hal_rcc.o
 .debug_macro   0x0002753f      0x1ee ./Drivers/STM32G4xx_HAL_Driver/Src/stm32g4xx_hal_rcc_ex.o
 .debug_macro   0x0002772d      0x1cc ./Drivers/STM32G4xx_HAL_Driver/Src/stm32g4xx_hal_tim.o
 .debug_macro   0x000278f9      0x1ca ./Drivers/STM32G4xx_HAL_Driver/Src/stm32g4xx_hal_tim_ex.o

.debug_line     0x00000000    0x116fe
 .debug_line    0x00000000      0x352 ./Core/Inc/font6x10.o
 .debug_line    0x00000352      0x807 ./Core/Src/gdi.o
 .debug_line    0x00000b59      0xa8b ./Core/Src/main.o
 .debug_line    0x000015e4      0x9ad ./Core/Src/show.o
 .debug_line    0x00001f91      0x857 ./Core/Src/stm32g4xx_hal_msp.o
 .debug_line    0x000027e8      0x7db ./Core/Src/stm32g4xx_it.o
 .debug_line    0x00002fc3      0x7e1 ./Core/Src/syscalls.o
 .debug_line    0x000037a4      0x4bd ./Core/Src/sysmem.o
 .debug_line    0x00003c61      0x6f7 ./Core/Src/system_stm32g4xx.o
 .debug_line    0x00004358      0x7d2 ./Core/Src/video.o
 .debug_line    0x00004b2a       0x7b ./Core/Startup/startup_stm32g474retx.o
 .debug_line    0x00004ba5      0xac3 ./Drivers/STM32G4xx_HAL_Driver/Src/stm32g4xx_hal.o
 .debug_line    0x00005668      0xc28 ./Drivers/STM32G4xx_HAL_Driver/Src/stm32g4xx_hal_cortex.o
 .debug_line    0x00006290      0xdc2 ./Drivers/STM32G4xx_HAL_Driver/Src/stm32g4xx_hal_dma.o
 .debug_line    0x00007052      0xa9c ./Drivers/STM32G4xx_HAL_Driver/Src/stm32g4xx_hal_gpio.o
 .debug_line    0x00007aee      0xfc7 ./Drivers/STM32G4xx_HAL_Driver/Src/stm32g4xx_hal_i2s.o
 .debug_line    0x00008ab5      0xc22 ./Drivers/STM32G4xx_HAL_Driver/Src/stm32g4xx_hal_pwr_ex.o
 .debug_line    0x000096d7      0xf46 ./Drivers/STM32G4xx_HAL_Driver/Src/stm32g4xx_hal_rcc.o
 .debug_line    0x0000a61d     0x11bb ./Drivers/STM32G4xx_HAL_Driver/Src/stm32g4xx_hal_rcc_ex.o
 .debug_line    0x0000b7d8     0x3f5c ./Drivers/STM32G4xx_HAL_Driver/Src/stm32g4xx_hal_tim.o
 .debug_line    0x0000f734     0x1fca ./Drivers/STM32G4xx_HAL_Driver/Src/stm32g4xx_hal_tim_ex.o

.debug_str      0x00000000    0xf9d61
 .debug_str     0x00000000    0xf9d61 ./Core/Inc/font6x10.o
                               0x4ce5 (size before relaxing)
 .debug_str     0x000f9d61     0x779c ./Core/Src/gdi.o
 .debug_str     0x000f9d61    0xf3509 ./Core/Src/main.o
 .debug_str     0x000f9d61    0xf1cee ./Core/Src/show.o
 .debug_str     0x000f9d61    0xef2a2 ./Core/Src/stm32g4xx_hal_msp.o
 .debug_str     0x000f9d61    0xef160 ./Core/Src/stm32g4xx_it.o
 .debug_str     0x000f9d61     0x99dd ./Core/Src/syscalls.o
 .debug_str     0x000f9d61     0x777b ./Core/Src/sysmem.o
 .debug_str     0x000f9d61    0xee81d ./Core/Src/system_stm32g4xx.o
 .debug_str     0x000f9d61    0xf1a4f ./Core/Src/video.o
 .debug_str     0x000f9d61       0x7d ./Core/Startup/startup_stm32g474retx.o
 .debug_str     0x000f9d61    0xef52f ./Drivers/STM32G4xx_HAL_Driver/Src/stm32g4xx_hal.o
 .debug_str     0x000f9d61    0xef1eb ./Drivers/STM32G4xx_HAL_Driver/Src/stm32g4xx_hal_cortex.o
 .debug_str     0x000f9d61    0xeebf7 ./Drivers/STM32G4xx_HAL_Driver/Src/stm32g4xx_hal_dma.o
 .debug_str     0x000f9d61    0xee9a8 ./Drivers/STM32G4xx_HAL_Driver/Src/stm32g4xx_hal_gpio.o
 .debug_str     0x000f9d61    0xeedc4 ./Drivers/STM32G4xx_HAL_Driver/Src/stm32g4xx_hal_i2s.o
 .debug_str     0x000f9d61    0xeed0b ./Drivers/STM32G4xx_HAL_Driver/Src/stm32g4xx_hal_pwr_ex.o
 .debug_str     0x000f9d61    0xeef3c ./Drivers/STM32G4xx_HAL_Driver/Src/stm32g4xx_hal_rcc.o
 .debug_str     0x000f9d61    0xeef66 ./Drivers/STM32G4xx_HAL_Driver/Src/stm32g4xx_hal_rcc_ex.o
 .debug_str     0x000f9d61    0xefd1b ./Drivers/STM32G4xx_HAL_Driver/Src/stm32g4xx_hal_tim.o
 .debug_str     0x000f9d61    0xef98f ./Drivers/STM32G4xx_HAL_Driver/Src/stm32g4xx_hal_tim_ex.o

.comment        0x00000000       0x43
 .comment       0x00000000       0x43 ./Core/Inc/font6x10.o
                                 0x44 (size before relaxing)
 .comment       0x00000043       0x44 ./Core/Src/gdi.o
 .comment       0x00000043       0x44 ./Core/Src/main.o
 .comment       0x00000043       0x44 ./Core/Src/show.o
 .comment       0x00000043       0x44 ./Core/Src/stm32g4xx_hal_msp.o
 .comment       0x00000043       0x44 ./Core/Src/stm32g4xx_it.o
 .comment       0x00000043       0x44 ./Core/Src/syscalls.o
 .comment       0x00000043       0x44 ./Core/Src/sysmem.o
 .comment       0x00000043       0x44 ./Core/Src/system_stm32g4xx.o
 .comment       0x00000043       0x44 ./Core/Src/video.o
 .comment       0x00000043       0x44 ./Drivers/STM32G4xx_HAL_Driver/Src/stm32g4xx_hal.o
 .comment       0x00000043       0x44 ./Drivers/STM32G4xx_HAL_Driver/Src/stm32g4xx_hal_cortex.o
 .comment       0x00000043       0x44 ./Drivers/STM32G4xx_HAL_Driver/Src/stm32g4xx_hal_dma.o
 .comment       0x00000043       0x44 ./Drivers/STM32G4xx_HAL_Driver/Src/stm32g4xx_hal_gpio.o
 .comment       0x00000043       0x44 ./Drivers/STM32G4xx_HAL_Driver/Src/stm32g4xx_hal_i2s.o
 .comment       0x00000043       0x44 ./Drivers/STM32G4xx_HAL_Driver/Src/stm32g4xx_hal_pwr_ex.o
 .comment       0x00000043       0x44 ./Drivers/STM32G4xx_HAL_Driver/Src/stm32g4xx_hal_rcc.o
 .comment       0x00000043       0x44 ./Drivers/STM32G4xx_HAL_Driver/Src/stm32g4xx_hal_rcc_ex.o
 .comment       0x00000043       0x44 ./Drivers/STM32G4xx_HAL_Driver/Src/stm32g4xx_hal_tim.o
 .comment       0x00000043       0x44 ./Drivers/STM32G4xx_HAL_Driver/Src/stm32g4xx_hal_tim_ex.o

.debug_rnglists
                0x00000000      0xc23
 .debug_rnglists
                0x00000000       0x35 ./Core/Src/gdi.o
 .debug_rnglists
                0x00000035       0x47 ./Core/Src/main.o
 .debug_rnglists
                0x0000007c       0x20 ./Core/Src/show.o
 .debug_rnglists
                0x0000009c       0x34 ./Core/Src/stm32g4xx_hal_msp.o
 .debug_rnglists
                0x000000d0       0x61 ./Core/Src/stm32g4xx_it.o
 .debug_rnglists
                0x00000131       0x79 ./Core/Src/syscalls.o
 .debug_rnglists
                0x000001aa       0x13 ./Core/Src/sysmem.o
 .debug_rnglists
                0x000001bd       0x1a ./Core/Src/system_stm32g4xx.o
 .debug_rnglists