../Core/Src/main.c:81:6:DelayMs	16	static
../Core/Src/main.c:87:6:Gpio_deinit	24	static
../Core/Src/main.c:94:6:TIMER_SET	16	static
../Core/Src/main.c:131:5:main	24	static
../Core/Src/main.c:290:6:SystemClock_Config	88	static
../Core/Src/main.c:340:13:MX_I2S2_Init	8	static
../Core/Src/main.c:379:13:MX_TIM2_Init	88	static
../Core/Src/main.c:456:13:MX_TIM3_Init	88	static
../Core/Src/main.c:556:13:MX_DMA_Init	16	static
../Core/Src/main.c:584:13:MX_GPIO_Init	24	static
../Core/Src/main.c:602:6:Video_AdjustI2SFor8MHz	24	static
../Core/Src/main.c:637:6:Error_Handler	4	static,ignoring_inline_asm
